[[f>toc]]

# Serial console


You can obtain a serial console by connecting a special LOM adaptor (I used an ethernet cable and soldered a serial header).


    $ screen /dev/ttyUSB0 9600 8N1


# Ubuntu install CDs bugs


* 6.06: buggy ethernet driver
* 9.04: no support for ALI IDE chipset, does not see the cdrom and hard drives
* 9.10: does not boot, crashes the LOM and automatically restart
* 10.04: does not boot, crashing error: "SILO Version 1.4.14, Fast Data Access MMU Miss"

# Pictures


[[=image sun-fire-v100.jpg]]

# Logs



    top - 23:39:02 up 6 min,  1 user,  load average: 0.02, 0.12, 0.08
    Tasks:
      26 
    total,
       1 
    running,
      25 
    sleeping,
       0 
    stopped,
       0 
    zombie
    Cpu(s):
      2.3% 
      5.3% 
      0.0% 
     90.7% 
      1.7% 
      0.0% 
      0.0% 
    Mem: 
       514472k 
    total,
        38736k 
    used,
       475736k 
    free,
         2792k 
    buffers
    Swap:
      1510088k 
    total,
            0k 
    used,
      1510088k 
    free,
        19152k 
    cached
    [6;1H
    [7m  PID USER      PR  NI  VIRT  RES  SHR S %CPU %MEM    TIME+  COMMAND            
        1 root      16   0  1872  752  664 S  0.0  0.1   0:11.51 init               
        2 root      34  19     0    0    0 S  0.0  0.0   0:00.00 ksoftirqd/0        
        3 root      10  -5     0    0    0 S  0.0  0.0   0:00.00 events/0           
        4 root      10  -5     0    0    0 S  0.0  0.0   0:00.04 khelper            
        5 root      10  -5     0    0    0 S  0.0  0.0   0:00.00 kthread            
       16 root      10  -5     0    0    0 S  0.0  0.0   0:00.00 kblockd/0          
       15 root      25   0     0    0    0 S  0.0  0.0   0:00.00 powerd             
       19 root      10  -5     0    0    0 S  0.0  0.0   0:00.00 khubd              
       56 root      20   0     0    0    0 S  0.0  0.0   0:00.00 pdflush            
       57 root      15   0     0    0    0 S  0.0  0.0   0:00.00 pdflush            
       59 root      11  -5     0    0    0 S  0.0  0.0   0:00.00 aio/0              
       58 root      25   0     0    0    0 S  0.0  0.0   0:00.00 kswapd0            
      646 root      10  -5     0    0    0 S  0.0  0.0   0:00.00 kseriod            
     1742 root      15   0     0    0    0 S  0.0  0.0   0:00.00 kjournald          
     1880 root      11  -4  2952  704  448 S  0.0  0.1   0:00.32 udevd              
     2950 root      15   0     0    0    0 S  0.0  0.0   0:00.00 kjournald          
     3059 syslog    16   0  2376  960  768 S  0.0  0.2   0:00.03 syslogd            
    [6;1H
    top - 22:39:05 up 6 min,  1 user,  load average: 0.02, 0.12, 0.08
    Tasks:
      26 
    total,
       1 
    running,
      25 
    sleeping,
       0 
    stopped,
       0 
    zombie
    Cpu(s):
      0.0% 
      0.0% 
      0.0% 
     100.0% 
      0.0% 
      0.0% 
      0.0% 
    Mem: 
       514472k 
    total,
        38736k 
    used,
       475736k 
    free,
         2792k 
    buffers
    Swap:
    [25;1H
    root@brol:~# cat 
    [Kcat /proc/p
    [Kmeminfo 
    MemTotal:       514472 kB
    MemFree:        475736 kB
    Buffers:          2808 kB
    Cached:          19152 kB
    SwapCached:          0 kB
    Active:          20280 kB
    Inactive:         6216 kB
    HighTotal:           0 kB
    HighFree:            0 kB
    LowTotal:       514472 kB
    LowFree:        475736 kB
    SwapTotal:     1510088 kB
    SwapFree:      1510088 kB
    Dirty:             136 kB
    Writeback:           0 kB
    Mapped:           7248 kB
    Slab:             9464 kB
    CommitLimit:   1767320 kB
    Committed_AS:     8384 kB
    PageTables:        288 kB
    VmallocTotal:  4194304 kB
    VmallocUsed:       440 kB
    VmallocChunk:  4193864 kB
    HugePages_Total:     0
    HugePages_Free:      0
    Hugepagesize:     4096 kB
    ^[[Aroot@brol:~# cat /proc/meminfo 
    root@brol:~# 
    root@brol:~# 
    root@brol:~# 
    root@brol:~# ls
    [mroot@brol:~# reset
    [3g        
    H        
    H        
    H        
    H        
    H        
    H        
    H        
    H        
    [?3l
    [?4l
    [?5l
    [?7h
    [?8h
    root@brol:~# ls
    [mroot@brol:~# 
    [Jroot@brol:~# ls
    [mroot@brol:~# ls
    [mroot@brol:~# ps
      PID TTY          TIME CMD
     3147 ttyS0    00:00:00 login
     3175 ttyS0    00:00:00 bash
     3281 ttyS0    00:00:00 ps
    root@brol:~# ps aux
    USER       PID %CPU %MEM    VSZ   RSS TTY      STAT START   TIME COMMAND
    root         1  2.4  0.1   1872   752 ?        S    22:32   0:11 init [2]      
    root         2  0.0  0.0      0     0 ?        SN   22:32   0:00 [ksoftirqd/0]
    root         3  0.0  0.0      0     0 ?        S<   22:32   0:00 [events/0]
    root         4  0.0  0.0      0     0 ?        S<   22:32   0:00 [khelper]
    root         5  0.0  0.0      0     0 ?        S<   22:32   0:00 [kthread]
    root        16  0.0  0.0      0     0 ?        S<   22:32   0:00 [kblockd/0]
    root        15  0.0  0.0      0     0 ?        S    22:32   0:00 [powerd]
    root        19  0.0  0.0      0     0 ?        S<   22:32   0:00 [khubd]
    root        56  0.0  0.0      0     0 ?        S    22:32   0:00 [pdflush]
    root        57  0.0  0.0      0     0 ?        S    22:32   0:00 [pdflush]
    root        59  0.0  0.0      0     0 ?        S<   22:32   0:00 [aio/0]
    root        58  0.0  0.0      0     0 ?        S    22:32   0:00 [kswapd0]
    root       646  0.0  0.0      0     0 ?        S<   22:33   0:00 [kseriod]
    root      1742  0.0  0.0      0     0 ?        S    22:33   0:00 [kjournald]
    root      1880  0.0  0.1   2952   704 ?        S<s  22:33   0:00 /sbin/udevd --d
    root      2950  0.0  0.0      0     0 ?        S    22:33   0:00 [kjournald]
    syslog    3059  0.0  0.1   2376   960 ?        Ss   22:33   0:00 /sbin/syslogd -
    root      3076  0.0  0.1   2136   752 ?        Ss   22:33   0:00 /bin/dd bs 1 if
    klog      3078  0.0  0.2   2608  1368 ?        Ss   22:33   0:00 /sbin/klogd -P
    root      3103  0.0  0.0   1928   392 ?        Ss   22:33   0:00 /sbin/mdadm -F
    daemon    3116  0.0  0.1   2552   560 ?        Ss   22:33   0:00 /usr/sbin/atd
    root      3126  0.0  0.2   3032  1096 ?        Ss   22:33   0:00 /usr/sbin/cron
    root      3147  0.0  0.3   4392  1664 ttyS0    Ss   22:33   0:00 /bin/login -- 
    zoobab    3148  0.1  0.5   5448  2776 ttyS0    S    22:33   0:00 -bash
    root      3175  0.1  0.5   5176  2792 ttyS0    S    22:34   0:00 bash
    root      3282  0.0  0.2   3088  1416 ttyS0    R+   22:40   0:00 ps aux
    root@brol:~# ifconfig
    eth0      Link encap:Ethernet  HWaddr 00:03:BA:27:86:F4  
              inet addr:192.168.42.26  Bcast:192.168.42.255  Mask:255.255.255.0
              UP BROADCAST RUNNING MULTICAST  MTU:1500  Metric:1
              RX packets:0 errors:0 dropped:0 overruns:0 frame:0
              TX packets:0 errors:40 dropped:0 overruns:0 carrier:0
              collisions:0 txqueuelen:1000 
              RX bytes:0 (0.0 b)  TX bytes:0 (0.0 b)
              Base address:0x100 
    lo        Link encap:Local Loopback  
              inet addr:127.0.0.1  Mask:255.0.0.0
              UP LOOPBACK RUNNING  MTU:16436  Metric:1
              RX packets:52 errors:0 dropped:0 overruns:0 frame:0
              TX packets:52 errors:0 dropped:0 overruns:0 carrier:0
              collisions:0 txqueuelen:0 
              RX bytes:5338 (5.2 KiB)  TX bytes:5338 (5.2 KiB)
    root@brol:~# dmesg
    [    0.000000] PROMLIB: Sun IEEE Boot Prom 'OBP 4.0.18 2002/05/23 18:22'
    [    0.000000] PROMLIB: Root node compatible: sun4u
    [    0.000000] Linux version 2.6.15-51-sparc64 (buildd@sejong) (gcc version 4.0.3 (Ubuntu 4.0.3-1ubuntu5)) #1 Thu Dec 6 20:26:55 UTC 2007
    [    0.000000] ARCH: SUN4U
    [    0.000000] Ethernet address: 00:03:ba:27:86:f3
    [    0.000000] On node 0 totalpages: 64037
    [    0.000000]   DMA zone: 64037 pages, LIFO batch:15
    [    0.000000]   DMA32 zone: 0 pages, LIFO batch:0
    [    0.000000]   Normal zone: 0 pages, LIFO batch:0
    [    0.000000]   HighMem zone: 0 pages, LIFO batch:0
    [    0.000000] CPU[0]: Caches D[sz(16384):line_sz(32)] I[sz(16384):line_sz(32)] E[sz(524288):line_sz(64)]
    [    0.000000] Built 1 zonelists
    [    0.000000] Kernel command line: root=/dev/hda2 ro quiet splash
    [    0.000000] PID hash table entries: 2048 (order: 11, 65536 bytes)
    [    2.070360] Console: colour dummy device 80x25
    [    2.073255] Dentry cache hash table entries: 65536 (order: 6, 524288 bytes)
    [    2.076518] Inode-cache hash table entries: 32768 (order: 5, 262144 bytes)
    [    2.107459] Memory: 507208k available (2352k kernel code, 712k data, 160k init) [fffff80000000000,00000000dfec8000]
    [    2.185473] Calibrating delay using timer specific routine.. 11.12 BogoMIPS (lpj=22241)
    [    2.185695] Security Framework v1.0.0 initialized
    [    2.185741] SELinux:  Disabled at boot.
    [    2.185812] Mount-cache hash table entries: 512
    [    2.186978] checking if image is initramfs... it is
    [    4.341515] Freeing initrd memory: 6485k freed
    [    4.343495] NET: Registered protocol family 16
    [    4.344929] PCI: Probing for controllers.
    [    4.345740] PCI: Found SABRE, main regs at 000001fe00000000
    [    4.345766] SABRE: Shared PCI config space at 000001fe01000000
    [    4.348672] SABRE: DVMA at 60000000 [20000000]
    [    4.350251] PCI quirk: region 2000-203f claimed by ali7101 ACPI
    [    4.350270] PCI quirk: region 4000-401f claimed by ali7101 SMB
    [    4.354620] PCI: Address space collision on region 6 [000001ff00080000:000001ff000bffff] of device 0000:00:05.0
    [    4.354839] PCI-IRQ: Routing bus[ 0] slot[ 5] to INO[1c]
    [    4.354976] PCI-IRQ: Routing bus[ 0] slot[ a] to INO[24]
    [    4.355087] PCI-IRQ: Routing bus[ 0] slot[ c] to INO[06]
    [    4.355198] PCI-IRQ: Routing bus[ 0] slot[ d] to INO[0c]
    [    4.355215] PCI0(PBMA): Bus running at 33MHz
    [    4.355406] isa0: [dma] [rtc -> (todm5819)] [power] [SUNW,lomh] [serial] [serial] [flashprom]
    [    4.357035] ebus: No EBus's found.
    [    4.989970] power: Control reg at 000001fe02002000 ... powerd running.
    [    4.993333] usbcore: registered new driver usbfs
    [    4.993523] usbcore: registered new driver hub
    [    4.998242] audit: initializing netlink socket (disabled)
    [    4.998284] audit(1257910373.828:1): initialized
    [    4.998495] Total HugeTLB memory allocated, 0
    [    4.999001] VFS: Disk quotas dquot_6.5.1
    [    4.999131] Dquot-cache hash table entries: 1024 (order 0, 8192 bytes)
    [    4.999509] Initializing Cryptographic API
    [    4.999532] io scheduler noop registered
    [    4.999559] io scheduler anticipatory registered
    [    4.999585] io scheduler deadline registered
    [    4.999634] io scheduler cfq registered
    [    4.999658] Activating ISA DMA hang workarounds.
    [   13.462368] Console: switching to mono PROM 80x34
    [   13.534273] Real Time Clock Driver v1.12
    [   13.534334] [drm] Initialized drm 1.0.1 20051102
    [   13.543535] ttyS0 at MMIO 0x1fe020003f8 (irq = 7616992) is a 16550A
    [   13.543805] Console: ttyS0 (SU)
    [   13.676687] ttyS1 at MMIO 0x1fe020002e8 (irq = 7616992) is a 16550A
    [   13.679103] RAMDISK driver initialized: 16 RAM disks of 65536K size 1024 blocksize
    [   13.680105] loop: loaded (max 8 devices)
    [   13.680482] Uniform Multi-Platform E-IDE driver Revision: 7.00alpha2
    [   13.680500] ide: Assuming 33MHz system bus speed for PIO modes; override with idebus=xx
    [   13.681225] usbmon: debugfs is not available
    [   13.681383] usbcore: registered new driver usbhid
    [   13.681397] drivers/usb/input/hid-core.c: v2.6:USB HID core driver
    [   13.681650] mice: PS/2 mouse device common for all mice
    [   13.682307] input: Sparc ISA Speaker as /class/input/input0
    [   13.682541] NET: Registered protocol family 2
    [   13.717633] IP route cache hash table entries: 4096 (order: 2, 32768 bytes)
    [   13.718488] TCP established hash table entries: 16384 (order: 4, 131072 bytes)
    [   13.719139] TCP bind hash table entries: 16384 (order: 4, 131072 bytes)
    [   13.719822] TCP: Hash tables configured (established 16384 bind 16384)
    [   13.719840] TCP reno registered
    [   13.720141] TCP bic registered
    [   13.720196] NET: Registered protocol family 1
    [   13.720227] NET: Registered protocol family 17
    [   13.994426] Capability LSM initialized
    [   15.600583] ALI15X3: IDE controller at PCI slot 0000:00:0d.0
    [   15.600641] ALI15X3: chipset revision 195
    [   15.600672] ALI15X3: 100% native mode on irq 5,7cc
    [   15.600704]     ide0: BM-DMA at 0x1fe02010220-0x1fe02010227, BIOS settings: hda:pio, hdb:pio
    [   15.600762]     ide1: BM-DMA at 0x1fe02010228-0x1fe0201022f, BIOS settings: hdc:pio, hdd:pio
    [   15.600810] Probing IDE interface ide0...
    [   15.889536] hda: ST340016A, ATA DISK drive
    [   16.561701] ide0 at 0x1fe02010200-0x1fe02010207,0x1fe0201021a on irq 5,7cc
    [   16.561828] Probing IDE interface ide1...
    [   16.849515] hdc: ST340016A, ATA DISK drive
    [    0.117640] hdd: CD-224E, ATAPI CD/DVD-ROM drive
    [    0.173644] ide1 at 0x1fe02010210-0x1fe02010217,0x1fe0201020a on irq 5,7cc
    [    0.218411] hda: max request size: 128KiB
    [    0.232077] hda: 78165360 sectors (40020 MB) w/2048KiB Cache, CHS=65535/16/63, UDMA(66)
    [    0.232106] hda: cache flushes not supported
    [    0.232263]  hda: hda1 hda2 hda3 hda4
    [    0.238796] hdc: max request size: 128KiB
    [    0.239308] hdc: 78165360 sectors (40020 MB) w/2048KiB Cache, CHS=65535/16/63, UDMA(66)
    [    0.239334] hdc: cache flushes not supported
    [    0.239448]  hdc: hdc1 hdc2 hdc3 hdc4 hdc8
    [    0.287118] hdd: ATAPI 24X CD-ROM drive, 128kB Cache
    [    0.287147] Uniform CD-ROM driver Revision: 3.20
    [    0.753214] ohci_hcd: 2005 April 22 USB 1.1 'Open' Host Controller (OHCI) Driver (PCI)
    [    0.753323] ohci_hcd 0000:00:0a.0: OHCI Host Controller
    [    0.754435] ohci_hcd 0000:00:0a.0: new USB bus registered, assigned bus number 1
    [    0.754476] ohci_hcd 0000:00:0a.0: irq 14,7e4, io mem 0x1ff01000000
    [    0.773794] hub 1-0:1.0: USB hub found
    [    0.773856] hub 1-0:1.0: 2 ports detected
    [    1.005504] usb 1-1: new low speed USB device using ohci_hcd and address 2
    [    1.183425] input: USB-compliant keyboard as /class/input/input1
    [    1.183478] input: USB HID v1.10 Keyboard [USB-compliant keyboard] on usb-0000:00:0a.0-1
    [    1.214157] input: USB-compliant keyboard as /class/input/input2
    [    1.214281] input: USB HID v1.10 Mouse [USB-compliant keyboard] on usb-0000:00:0a.0-1
    [    1.313625] kjournald starting.  Commit interval 5 seconds
    [    1.313672] EXT3-fs: mounted filesystem with ordered data mode.
    [    7.489090] Linux Tulip driver version 1.1.13-NAPI (December 15, 2004)
    [    7.499670] tulip0: Old style EEPROM with no media selection information.
    [    7.499931] tulip0:  MII transceiver #1 config 1000 status 7809 advertising 01e1.
    [    7.502777] eth0: Davicom DM9102/DM9102A rev 49 at 000001fe02010100, EEPROM not present, 00:03:BA:27:86:F4, IRQ 7616512.
    [    7.513222] tulip1: Old style EEPROM with no media selection information.
    [    7.513492] tulip1:  MII transceiver #1 config 1100 status 782d advertising 01e1.
    [    7.516273] eth1: Davicom DM9102/DM9102A rev 49 at 000001fe02010000, EEPROM not present, 00:03:BA:27:86:F3, IRQ 7615808.
    [    8.611910] Adding 1510088k swap on /dev/hda4.  Priority:-1 extents:1 across:1510088k
    [    8.746139] EXT3 FS on hda2, internal journal
    [    9.208605] md: md driver 0.90.3 MAX_MD_DEVS=256, MD_SB_DISKS=27
    [    9.208625] md: bitmap version 4.39
    [   10.151402] device-mapper: 4.4.0-ioctl (2005-01-12) initialised: dm-devel@redhat.com
    [   11.392181] hdd: packet command error: status=0x51 { DriveReady SeekComplete Error }
    [   11.392207] hdd: packet command error: error=0x54 { AbortedCommand LastFailedSense=0x05 }
    [   11.392226] ide: failed opcode was: unknown
    [   11.392907] cdrom: open failed.
    [   11.926715] kjournald starting.  Commit interval 5 seconds
    [   11.926936] EXT3 FS on hda1, internal journal
    [   11.926955] EXT3-fs: mounted filesystem with ordered data mode.
    [   11.605323] hdd: packet command error: status=0x51 { DriveReady SeekComplete Error }
    [   11.605354] hdd: packet command error: error=0x54 { AbortedCommand LastFailedSense=0x05 }
    [   11.605373] ide: failed opcode was: unknown
    [   11.606761] cdrom: open failed.
    [   11.700819] hdd: packet command error: status=0x51 { DriveReady SeekComplete Error }
    [   11.700849] hdd: packet command error: error=0x54 { AbortedCommand LastFailedSense=0x05 }
    [   11.700867] ide: failed opcode was: unknown
    [   11.702259] cdrom: open failed.
    [    6.437080] NETDEV WATCHDOG: eth0: transmit timed out
    [    6.438634] 0000:00:05.0: tulip_stop_rxtx() failed (CSR5 0xfc540400 CSR6 0x20e0000)
    [   14.437001] NETDEV WATCHDOG: eth0: transmit timed out
    [   14.438545] 0000:00:05.0: tulip_stop_rxtx() failed (CSR5 0xfc540400 CSR6 0x20e0000)
    [    5.257056] NETDEV WATCHDOG: eth0: transmit timed out
    [    5.258604] 0000:00:05.0: tulip_stop_rxtx() failed (CSR5 0xfc540400 CSR6 0x20e0000)
    [   13.256972] NETDEV WATCHDOG: eth0: transmit timed out
    [   13.258516] 0000:00:05.0: tulip_stop_rxtx() failed (CSR5 0xfc540400 CSR6 0x20e0000)
    [    4.077027] NETDEV WATCHDOG: eth0: transmit timed out
    [    4.078575] 0000:00:05.0: tulip_stop_rxtx() failed (CSR5 0xfc540400 CSR6 0x20e0000)
    [   12.076946] NETDEV WATCHDOG: eth0: transmit timed out
    [   12.078495] 0000:00:05.0: tulip_stop_rxtx() failed (CSR5 0xfc540400 CSR6 0x20e0000)
    [    2.896998] NETDEV WATCHDOG: eth0: transmit timed out
    [    2.898543] 0000:00:05.0: tulip_stop_rxtx() failed (CSR5 0xfc540400 CSR6 0x20e0000)
    [   10.896918] NETDEV WATCHDOG: eth0: transmit timed out
    [   10.898464] 0000:00:05.0: tulip_stop_rxtx() failed (CSR5 0xfc540400 CSR6 0x20e0000)
    [    1.716966] NETDEV WATCHDOG: eth0: transmit timed out
    [    1.718511] 0000:00:05.0: tulip_stop_rxtx() failed (CSR5 0xfc540400 CSR6 0x20e0000)
    [    9.716890] NETDEV WATCHDOG: eth0: transmit timed out
    [    9.718438] 0000:00:05.0: tulip_stop_rxtx() failed (CSR5 0xfc540400 CSR6 0x20e0000)
    [    0.536943] NETDEV WATCHDOG: eth0: transmit timed out
    [    0.538493] 0000:00:05.0: tulip_stop_rxtx() failed (CSR5 0xfc540400 CSR6 0x20e0000)
    [    8.536865] NETDEV WATCHDOG: eth0: transmit timed out
    [    8.538406] 0000:00:05.0: tulip_stop_rxtx() failed (CSR5 0xfc540400 CSR6 0x20e0000)
    [   16.536785] NETDEV WATCHDOG: eth0: transmit timed out
    [   16.538333] 0000:00:05.0: tulip_stop_rxtx() failed (CSR5 0xfc540400 CSR6 0x20e0000)
    [    7.356833] NETDEV WATCHDOG: eth0: transmit timed out
    [    7.358376] 0000:00:05.0: tulip_stop_rxtx() failed (CSR5 0xfc540400 CSR6 0x20e0000)
    [   15.356758] NETDEV WATCHDOG: eth0: transmit timed out
    [   15.358307] 0000:00:05.0: tulip_stop_rxtx() failed (CSR5 0xfc540400 CSR6 0x20e0000)
    [    6.176806] NETDEV WATCHDOG: eth0: transmit timed out
    [    6.178352] 0000:00:05.0: tulip_stop_rxtx() failed (CSR5 0xfc540400 CSR6 0x20e0000)
    [   14.176727] NETDEV WATCHDOG: eth0: transmit timed out
    [   14.178272] 0000:00:05.0: tulip_stop_rxtx() failed (CSR5 0xfc540400 CSR6 0x20e0000)
    [    4.996779] NETDEV WATCHDOG: eth0: transmit timed out
    [    4.998319] 0000:00:05.0: tulip_stop_rxtx() failed (CSR5 0xfc540400 CSR6 0x20e0000)
    [   12.996699] NETDEV WATCHDOG: eth0: transmit timed out
    [   12.998242] 0000:00:05.0: tulip_stop_rxtx() failed (CSR5 0xfc540400 CSR6 0x20e0000)
    [    3.816750] NETDEV WATCHDOG: eth0: transmit timed out
    [    3.818287] 0000:00:05.0: tulip_stop_rxtx() failed (CSR5 0xfc540400 CSR6 0x20e0000)
    [   11.816671] NETDEV WATCHDOG: eth0: transmit timed out
    [   11.818213] 0000:00:05.0: tulip_stop_rxtx() failed (CSR5 0xfc540400 CSR6 0x20e0000)
    [    2.636722] NETDEV WATCHDOG: eth0: transmit timed out
    [    2.638259] 0000:00:05.0: tulip_stop_rxtx() failed (CSR5 0xfc540400 CSR6 0x20e0000)
    [   10.636643] NETDEV WATCHDOG: eth0: transmit timed out
    [   10.638184] 0000:00:05.0: tulip_stop_rxtx() failed (CSR5 0xfc540400 CSR6 0x20e0000)
    [    1.456699] NETDEV WATCHDOG: eth0: transmit timed out
    [    1.458250] 0000:00:05.0: tulip_stop_rxtx() failed (CSR5 0xfc540400 CSR6 0x20e0000)
    [    9.456621] NETDEV WATCHDOG: eth0: transmit timed out
    [    9.458172] 0000:00:05.0: tulip_stop_rxtx() failed (CSR5 0xfc540400 CSR6 0x20e0000)
    [    0.276670] NETDEV WATCHDOG: eth0: transmit timed out
    [    0.278218] 0000:00:05.0: tulip_stop_rxtx() failed (CSR5 0xfc540400 CSR6 0x20e0000)
    [    8.276590] NETDEV WATCHDOG: eth0: transmit timed out
    [    8.278133] 0000:00:05.0: tulip_stop_rxtx() failed (CSR5 0xfc540400 CSR6 0x20e0000)
    [   16.276512] NETDEV WATCHDOG: eth0: transmit timed out
    [   16.278059] 0000:00:05.0: tulip_stop_rxtx() failed (CSR5 0xfc540400 CSR6 0x20e0000)
    [    7.096565] NETDEV WATCHDOG: eth0: transmit timed out
    [    7.098114] 0000:00:05.0: tulip_stop_rxtx() failed (CSR5 0xfc540400 CSR6 0x20e0000)
    [   15.096482] NETDEV WATCHDOG: eth0: transmit timed out
    [   15.098024] 0000:00:05.0: tulip_stop_rxtx() failed (CSR5 0xfc540400 CSR6 0x20e0000)
    [    5.916533] NETDEV WATCHDOG: eth0: transmit timed out
    [    5.918075] 0000:00:05.0: tulip_stop_rxtx() failed (CSR5 0xfc540400 CSR6 0x20e0000)
    [   13.916453] NETDEV WATCHDOG: eth0: transmit timed out
    [   13.917994] 0000:00:05.0: tulip_stop_rxtx() failed (CSR5 0xfc540400 CSR6 0x20e0000)
    [    4.736504] NETDEV WATCHDOG: eth0: transmit timed out
    [    4.738041] 0000:00:05.0: tulip_stop_rxtx() failed (CSR5 0xfc540400 CSR6 0x20e0000)
    [   12.736425] NETDEV WATCHDOG: eth0: transmit timed out
    [   12.737962] 0000:00:05.0: tulip_stop_rxtx() failed (CSR5 0xfc540400 CSR6 0x20e0000)
    [    3.556477] NETDEV WATCHDOG: eth0: transmit timed out
    [    3.558017] 0000:00:05.0: tulip_stop_rxtx() failed (CSR5 0xfc540400 CSR6 0x20e0000)
    [   11.556398] NETDEV WATCHDOG: eth0: transmit timed out
    [   11.557937] 0000:00:05.0: tulip_stop_rxtx() failed (CSR5 0xfc540400 CSR6 0x20e0000)
    [    2.376449] NETDEV WATCHDOG: eth0: transmit timed out
    [    2.377987] 0000:00:05.0: tulip_stop_rxtx() failed (CSR5 0xfc540400 CSR6 0x20e0000)
    [   10.376370] NETDEV WATCHDOG: eth0: transmit timed out
    [   10.377908] 0000:00:05.0: tulip_stop_rxtx() failed (CSR5 0xfc540400 CSR6 0x20e0000)
    [    1.196423] NETDEV WATCHDOG: eth0: transmit timed out
    [    1.197965] 0000:00:05.0: tulip_stop_rxtx() failed (CSR5 0xfc540400 CSR6 0x20e0000)
    [    9.196350] NETDEV WATCHDOG: eth0: transmit timed out
    [    9.197900] 0000:00:05.0: tulip_stop_rxtx() failed (CSR5 0xfc540400 CSR6 0x20e0000)
    [    0.016398] NETDEV WATCHDOG: eth0: transmit timed out
    [    0.017948] 0000:00:05.0: tulip_stop_rxtx() failed (CSR5 0xfc540400 CSR6 0x20e0000)
    root@brol:~# [   14.439922] eth0: Out-of-sync dirty pointer, 16 vs. 86.
    root@brol:~# 
    root@brol:~# 
    root@brol:~# 
    root@brol:~# ifconfig 
    eth0      Link encap:Ethernet  HWaddr 00:03:BA:27:86:F4  
              inet addr:192.168.42.26  Bcast:192.168.42.255  Mask:255.255.255.0
              UP BROADCAST RUNNING MULTICAST  MTU:1500  Metric:1
              RX packets:32 errors:0 dropped:0 overruns:0 frame:0
              TX packets:0 errors:76 dropped:0 overruns:0 carrier:32
              collisions:0 txqueuelen:1000 
              RX bytes:1920 (1.8 KiB)  TX bytes:0 (0.0 b)
              Base address:0x100 
    lo        Link encap:Local Loopback  
              inet addr:127.0.0.1  Mask:255.0.0.0
              UP LOOPBACK RUNNING  MTU:16436  Metric:1
              RX packets:52 errors:0 dropped:0 overruns:0 frame:0
              TX packets:52 errors:0 dropped:0 overruns:0 carrier:0
              collisions:0 txqueuelen:0 
              RX bytes:5338 (5.2 KiB)  TX bytes:5338 (5.2 KiB)
    root@brol:~# ifconfig  eth1
    eth1      Link encap:Ethernet  HWaddr 00:03:BA:27:86:F3  
              BROADCAST MULTICAST  MTU:1500  Metric:1
              RX packets:0 errors:0 dropped:0 overruns:0 frame:0
              TX packets:0 errors:0 dropped:0 overruns:0 carrier:0
              collisions:0 txqueuelen:1000 
              RX bytes:0 (0.0 b)  TX bytes:0 (0.0 b)
              Interrupt:64 
    root@brol:~# ifconfig  eth1
    [Peth1
    [Peth1
    [Peth1
    [Peth1
    [Peth1
    [Peth1
    [Peth1
    [Peth1
    [Peth1
    [Peth1
    deth1
    heth1
    geth1
    ceth1
    leth1
     eth1
    [Peth1
    [Peth1
    [Peth1
    [Peth1
    ceth1
    leth1
    ienteth1
     eth1
    Internet Systems Consortium DHCP Client V3.0.3
    Copyright 2004-2005 Internet Systems Consortium.
    All rights reserved.
    For info, please visit http://www.isc.org/products/DHCP
    Listening on LPF/eth1/00:03:ba:27:86:f3
    Sending on   LPF/eth1/00:03:ba:27:86:f3
    Sending on   Socket/fallback
    DHCPDISCOVER on eth1 to 255.255.255.255 port 67 interval 3
    DHCPDISCOVER on eth1 to 255.255.255.255 port 67 interval 4
    DHCPDISCOVER on eth1 to 255.255.255.255 port 67 interval 6
    DHCPDISCOVER on eth1 to 255.255.255.255 port 67 interval 8
    root@brol:~# if
    [Kdmesg
    [    0.000000] PROMLIB: Sun IEEE Boot Prom 'OBP 4.0.18 2002/05/23 18:22'
    [    0.000000] PROMLIB: Root node compatible: sun4u
    [    0.000000] Linux version 2.6.15-51-sparc64 (buildd@sejong) (gcc version 4.0.3 (Ubuntu 4.0.3-1ubuntu5)) #1 Thu Dec 6 20:26:55 UTC 2007
    [    0.000000] ARCH: SUN4U
    [    0.000000] Ethernet address: 00:03:ba:27:86:f3
    [    0.000000] On node 0 totalpages: 64037
    [    0.000000]   DMA zone: 64037 pages, LIFO batch:15
    [    0.000000]   DMA32 zone: 0 pages, LIFO batch:0
    [    0.000000]   Normal zone: 0 pages, LIFO batch:0
    [    0.000000]   HighMem zone: 0 pages, LIFO batch:0
    [    0.000000] CPU[0]: Caches D[sz(16384):line_sz(32)] I[sz(16384):line_sz(32)] E[sz(524288):line_sz(64)]
    [    0.000000] Built 1 zonelists
    [    0.000000] Kernel command line: root=/dev/hda2 ro quiet splash
    [    0.000000] PID hash table entries: 2048 (order: 11, 65536 bytes)
    [    2.070360] Console: colour dummy device 80x25
    [    2.073255] Dentry cache hash table entries: 65536 (order: 6, 524288 bytes)
    [    2.076518] Inode-cache hash table entries: 32768 (order: 5, 262144 bytes)
    [    2.107459] Memory: 507208k available (2352k kernel code, 712k data, 160k init) [fffff80000000000,00000000dfec8000]
    [    2.185473] Calibrating delay using timer specific routine.. 11.12 BogoMIPS (lpj=22241)
    [    2.185695] Security Framework v1.0.0 initialized
    [    2.185741] SELinux:  Disabled at boot.
    [    2.185812] Mount-cache hash table entries: 512
    [    2.186978] checking if image is initramfs... it is
    [    4.341515] Freeing initrd memory: 6485k freed
    [    4.343495] NET: Registered protocol family 16
    [    4.344929] PCI: Probing for controllers.
    [    4.345740] PCI: Found SABRE, main regs at 000001fe00000000
    [    4.345766] SABRE: Shared PCI config space at 000001fe01000000
    [    4.348672] SABRE: DVMA at 60000000 [20000000]
    [    4.350251] PCI quirk: region 2000-203f claimed by ali7101 ACPI
    [    4.350270] PCI quirk: region 4000-401f claimed by ali7101 SMB
    [    4.354620] PCI: Address space collision on region 6 [000001ff00080000:000001ff000bffff] of device 0000:00:05.0
    [    4.354839] PCI-IRQ: Routing bus[ 0] slot[ 5] to INO[1c]
    [    4.354976] PCI-IRQ: Routing bus[ 0] slot[ a] to INO[24]
    [    4.355087] PCI-IRQ: Routing bus[ 0] slot[ c] to INO[06]
    [    4.355198] PCI-IRQ: Routing bus[ 0] slot[ d] to INO[0c]
    [    4.355215] PCI0(PBMA): Bus running at 33MHz
    [    4.355406] isa0: [dma] [rtc -> (todm5819)] [power] [SUNW,lomh] [serial] [serial] [flashprom]
    [    4.357035] ebus: No EBus's found.
    [    4.989970] power: Control reg at 000001fe02002000 ... powerd running.
    [    4.993333] usbcore: registered new driver usbfs
    [    4.993523] usbcore: registered new driver hub
    [    4.998242] audit: initializing netlink socket (disabled)
    [    4.998284] audit(1257910373.828:1): initialized
    [    4.998495] Total HugeTLB memory allocated, 0
    [    4.999001] VFS: Disk quotas dquot_6.5.1
    [    4.999131] Dquot-cache hash table entries: 1024 (order 0, 8192 bytes)
    [    4.999509] Initializing Cryptographic API
    [    4.999532] io scheduler noop registered
    [    4.999559] io scheduler anticipatory registered
    [    4.999585] io scheduler deadline registered
    [    4.999634] io scheduler cfq registered
    [    4.999658] Activating ISA DMA hang workarounds.
    [   13.462368] Console: switching to mono PROM 80x34
    [   13.534273] Real Time Clock Driver v1.12
    [   13.534334] [drm] Initialized drm 1.0.1 20051102
    [   13.543535] ttyS0 at MMIO 0x1fe020003f8 (irq = 7616992) is a 16550A
    [   13.543805] Console: ttyS0 (SU)
    [   13.676687] ttyS1 at MMIO 0x1fe020002e8 (irq = 7616992) is a 16550A
    [   13.679103] RAMDISK driver initialized: 16 RAM disks of 65536K size 1024 blocksize
    [   13.680105] loop: loaded (max 8 devices)
    [   13.680482] Uniform Multi-Platform E-IDE driver Revision: 7.00alpha2
    [   13.680500] ide: Assuming 33MHz system bus speed for PIO modes; override with idebus=xx
    [   13.681225] usbmon: debugfs is not available
    [   13.681383] usbcore: registered new driver usbhid
    [   13.681397] drivers/usb/input/hid-core.c: v2.6:USB HID core driver
    [   13.681650] mice: PS/2 mouse device common for all mice
    [   13.682307] input: Sparc ISA Speaker as /class/input/input0
    [   13.682541] NET: Registered protocol family 2
    [   13.717633] IP route cache hash table entries: 4096 (order: 2, 32768 bytes)
    [   13.718488] TCP established hash table entries: 16384 (order: 4, 131072 bytes)
    [   13.719139] TCP bind hash table entries: 16384 (order: 4, 131072 bytes)
    [   13.719822] TCP: Hash tables configured (established 16384 bind 16384)
    [   13.719840] TCP reno registered
    [   13.720141] TCP bic registered
    [   13.720196] NET: Registered protocol family 1
    [   13.720227] NET: Registered protocol family 17
    [   13.994426] Capability LSM initialized
    [   15.600583] ALI15X3: IDE controller at PCI slot 0000:00:0d.0
    [   15.600641] ALI15X3: chipset revision 195
    [   15.600672] ALI15X3: 100% native mode on irq 5,7cc
    [   15.600704]     ide0: BM-DMA at 0x1fe02010220-0x1fe02010227, BIOS settings: hda:pio, hdb:pio
    [   15.600762]     ide1: BM-DMA at 0x1fe02010228-0x1fe0201022f, BIOS settings: hdc:pio, hdd:pio
    [   15.600810] Probing IDE interface ide0...
    [   15.889536] hda: ST340016A, ATA DISK drive
    [   16.561701] ide0 at 0x1fe02010200-0x1fe02010207,0x1fe0201021a on irq 5,7cc
    [   16.561828] Probing IDE interface ide1...
    [   16.849515] hdc: ST340016A, ATA DISK drive
    [    0.117640] hdd: CD-224E, ATAPI CD/DVD-ROM drive
    [    0.173644] ide1 at 0x1fe02010210-0x1fe02010217,0x1fe0201020a on irq 5,7cc
    [    0.218411] hda: max request size: 128KiB
    [    0.232077] hda: 78165360 sectors (40020 MB) w/2048KiB Cache, CHS=65535/16/63, UDMA(66)
    [    0.232106] hda: cache flushes not supported
    [    0.232263]  hda: hda1 hda2 hda3 hda4
    [    0.238796] hdc: max request size: 128KiB
    [    0.239308] hdc: 78165360 sectors (40020 MB) w/2048KiB Cache, CHS=65535/16/63, UDMA(66)
    [    0.239334] hdc: cache flushes not supported
    [    0.239448]  hdc: hdc1 hdc2 hdc3 hdc4 hdc8
    [    0.287118] hdd: ATAPI 24X CD-ROM drive, 128kB Cache
    [    0.287147] Uniform CD-ROM driver Revision: 3.20
    [    0.753214] ohci_hcd: 2005 April 22 USB 1.1 'Open' Host Controller (OHCI) Driver (PCI)
    [    0.753323] ohci_hcd 0000:00:0a.0: OHCI Host Controller
    [    0.754435] ohci_hcd 0000:00:0a.0: new USB bus registered, assigned bus number 1
    [    0.754476] ohci_hcd 0000:00:0a.0: irq 14,7e4, io mem 0x1ff01000000
    [    0.773794] hub 1-0:1.0: USB hub found
    [    0.773856] hub 1-0:1.0: 2 ports detected
    [    1.005504] usb 1-1: new low speed USB device using ohci_hcd and address 2
    [    1.183425] input: USB-compliant keyboard as /class/input/input1
    [    1.183478] input: USB HID v1.10 Keyboard [USB-compliant keyboard] on usb-0000:00:0a.0-1
    [    1.214157] input: USB-compliant keyboard as /class/input/input2
    [    1.214281] input: USB HID v1.10 Mouse [USB-compliant keyboard] on usb-0000:00:0a.0-1
    [    1.313625] kjournald starting.  Commit interval 5 seconds
    [    1.313672] EXT3-fs: mounted filesystem with ordered data mode.
    [    7.489090] Linux Tulip driver version 1.1.13-NAPI (December 15, 2004)
    [    7.499670] tulip0: Old style EEPROM with no media selection information.
    [    7.499931] tulip0:  MII transceiver #1 config 1000 status 7809 advertising 01e1.
    [    7.502777] eth0: Davicom DM9102/DM9102A rev 49 at 000001fe02010100, EEPROM not present, 00:03:BA:27:86:F4, IRQ 7616512.
    [    7.513222] tulip1: Old style EEPROM with no media selection information.
    [    7.513492] tulip1:  MII transceiver #1 config 1100 status 782d advertising 01e1.
    [    7.516273] eth1: Davicom DM9102/DM9102A rev 49 at 000001fe02010000, EEPROM not present, 00:03:BA:27:86:F3, IRQ 7615808.
    [    8.611910] Adding 1510088k swap on /dev/hda4.  Priority:-1 extents:1 across:1510088k
    [    8.746139] EXT3 FS on hda2, internal journal
    [    9.208605] md: md driver 0.90.3 MAX_MD_DEVS=256, MD_SB_DISKS=27
    [    9.208625] md: bitmap version 4.39
    [   10.151402] device-mapper: 4.4.0-ioctl (2005-01-12) initialised: dm-devel@redhat.com
    [   11.392181] hdd: packet command error: status=0x51 { DriveReady SeekComplete Error }
    [   11.392207] hdd: packet command error: error=0x54 { AbortedCommand LastFailedSense=0x05 }
    [   11.392226] ide: failed opcode was: unknown
    [   11.392907] cdrom: open failed.
    [   11.926715] kjournald starting.  Commit interval 5 seconds
    [   11.926936] EXT3 FS on hda1, internal journal
    [   11.926955] EXT3-fs: mounted filesystem with ordered data mode.
    [   11.605323] hdd: packet command error: status=0x51 { DriveReady SeekComplete Error }
    [   11.605354] hdd: packet command error: error=0x54 { AbortedCommand LastFailedSense=0x05 }
    [   11.605373] ide: failed opcode was: unknown
    [   11.606761] cdrom: open failed.
    [   11.700819] hdd: packet command error: status=0x51 { DriveReady SeekComplete Error }
    [   11.700849] hdd: packet command error: error=0x54 { AbortedCommand LastFailedSense=0x05 }
    [   11.700867] ide: failed opcode was: unknown
    [   11.702259] cdrom: open failed.
    [    6.437080] NETDEV WATCHDOG: eth0: transmit timed out
    [    6.438634] 0000:00:05.0: tulip_stop_rxtx() failed (CSR5 0xfc540400 CSR6 0x20e0000)
    [   14.437001] NETDEV WATCHDOG: eth0: transmit timed out
    [   14.438545] 0000:00:05.0: tulip_stop_rxtx() failed (CSR5 0xfc540400 CSR6 0x20e0000)
    [    5.257056] NETDEV WATCHDOG: eth0: transmit timed out
    [    5.258604] 0000:00:05.0: tulip_stop_rxtx() failed (CSR5 0xfc540400 CSR6 0x20e0000)
    [   13.256972] NETDEV WATCHDOG: eth0: transmit timed out
    [   13.258516] 0000:00:05.0: tulip_stop_rxtx() failed (CSR5 0xfc540400 CSR6 0x20e0000)
    [    4.077027] NETDEV WATCHDOG: eth0: transmit timed out
    [    4.078575] 0000:00:05.0: tulip_stop_rxtx() failed (CSR5 0xfc540400 CSR6 0x20e0000)
    [   12.076946] NETDEV WATCHDOG: eth0: transmit timed out
    [   12.078495] 0000:00:05.0: tulip_stop_rxtx() failed (CSR5 0xfc540400 CSR6 0x20e0000)
    [    2.896998] NETDEV WATCHDOG: eth0: transmit timed out
    [    2.898543] 0000:00:05.0: tulip_stop_rxtx() failed (CSR5 0xfc540400 CSR6 0x20e0000)
    [   10.896918] NETDEV WATCHDOG: eth0: transmit timed out
    [   10.898464] 0000:00:05.0: tulip_stop_rxtx() failed (CSR5 0xfc540400 CSR6 0x20e0000)
    [    1.716966] NETDEV WATCHDOG: eth0: transmit timed out
    [    1.718511] 0000:00:05.0: tulip_stop_rxtx() failed (CSR5 0xfc540400 CSR6 0x20e0000)
    [    9.716890] NETDEV WATCHDOG: eth0: transmit timed out
    [    9.718438] 0000:00:05.0: tulip_stop_rxtx() failed (CSR5 0xfc540400 CSR6 0x20e0000)
    [    0.536943] NETDEV WATCHDOG: eth0: transmit timed out
    [    0.538493] 0000:00:05.0: tulip_stop_rxtx() failed (CSR5 0xfc540400 CSR6 0x20e0000)
    [    8.536865] NETDEV WATCHDOG: eth0: transmit timed out
    [    8.538406] 0000:00:05.0: tulip_stop_rxtx() failed (CSR5 0xfc540400 CSR6 0x20e0000)
    [   16.536785] NETDEV WATCHDOG: eth0: transmit timed out
    [   16.538333] 0000:00:05.0: tulip_stop_rxtx() failed (CSR5 0xfc540400 CSR6 0x20e0000)
    [    7.356833] NETDEV WATCHDOG: eth0: transmit timed out
    [    7.358376] 0000:00:05.0: tulip_stop_rxtx() failed (CSR5 0xfc540400 CSR6 0x20e0000)
    [   15.356758] NETDEV WATCHDOG: eth0: transmit timed out
    [   15.358307] 0000:00:05.0: tulip_stop_rxtx() failed (CSR5 0xfc540400 CSR6 0x20e0000)
    [    6.176806] NETDEV WATCHDOG: eth0: transmit timed out
    [    6.178352] 0000:00:05.0: tulip_stop_rxtx() failed (CSR5 0xfc540400 CSR6 0x20e0000)
    [   14.176727] NETDEV WATCHDOG: eth0: transmit timed out
    [   14.178272] 0000:00:05.0: tulip_stop_rxtx() failed (CSR5 0xfc540400 CSR6 0x20e0000)
    [    4.996779] NETDEV WATCHDOG: eth0: transmit timed out
    [    4.998319] 0000:00:05.0: tulip_stop_rxtx() failed (CSR5 0xfc540400 CSR6 0x20e0000)
    [   12.996699] NETDEV WATCHDOG: eth0: transmit timed out
    [   12.998242] 0000:00:05.0: tulip_stop_rxtx() failed (CSR5 0xfc540400 CSR6 0x20e0000)
    [    3.816750] NETDEV WATCHDOG: eth0: transmit timed out
    [    3.818287] 0000:00:05.0: tulip_stop_rxtx() failed (CSR5 0xfc540400 CSR6 0x20e0000)
    [   11.816671] NETDEV WATCHDOG: eth0: transmit timed out
    [   11.818213] 0000:00:05.0: tulip_stop_rxtx() failed (CSR5 0xfc540400 CSR6 0x20e0000)
    [    2.636722] NETDEV WATCHDOG: eth0: transmit timed out
    [    2.638259] 0000:00:05.0: tulip_stop_rxtx() failed (CSR5 0xfc540400 CSR6 0x20e0000)
    [   10.636643] NETDEV WATCHDOG: eth0: transmit timed out
    [   10.638184] 0000:00:05.0: tulip_stop_rxtx() failed (CSR5 0xfc540400 CSR6 0x20e0000)
    [    1.456699] NETDEV WATCHDOG: eth0: transmit timed out
    [    1.458250] 0000:00:05.0: tulip_stop_rxtx() failed (CSR5 0xfc540400 CSR6 0x20e0000)
    [    9.456621] NETDEV WATCHDOG: eth0: transmit timed out
    [    9.458172] 0000:00:05.0: tulip_stop_rxtx() failed (CSR5 0xfc540400 CSR6 0x20e0000)
    [    0.276670] NETDEV WATCHDOG: eth0: transmit timed out
    [    0.278218] 0000:00:05.0: tulip_stop_rxtx() failed (CSR5 0xfc540400 CSR6 0x20e0000)
    [    8.276590] NETDEV WATCHDOG: eth0: transmit timed out
    [    8.278133] 0000:00:05.0: tulip_stop_rxtx() failed (CSR5 0xfc540400 CSR6 0x20e0000)
    [   16.276512] NETDEV WATCHDOG: eth0: transmit timed out
    [   16.278059] 0000:00:05.0: tulip_stop_rxtx() failed (CSR5 0xfc540400 CSR6 0x20e0000)
    [    7.096565] NETDEV WATCHDOG: eth0: transmit timed out
    [    7.098114] 0000:00:05.0: tulip_stop_rxtx() failed (CSR5 0xfc540400 CSR6 0x20e0000)
    [   15.096482] NETDEV WATCHDOG: eth0: transmit timed out
    [   15.098024] 0000:00:05.0: tulip_stop_rxtx() failed (CSR5 0xfc540400 CSR6 0x20e0000)
    [    5.916533] NETDEV WATCHDOG: eth0: transmit timed out
    [    5.918075] 0000:00:05.0: tulip_stop_rxtx() failed (CSR5 0xfc540400 CSR6 0x20e0000)
    [   13.916453] NETDEV WATCHDOG: eth0: transmit timed out
    [   13.917994] 0000:00:05.0: tulip_stop_rxtx() failed (CSR5 0xfc540400 CSR6 0x20e0000)
    [    4.736504] NETDEV WATCHDOG: eth0: transmit timed out
    [    4.738041] 0000:00:05.0: tulip_stop_rxtx() failed (CSR5 0xfc540400 CSR6 0x20e0000)
    [   12.736425] NETDEV WATCHDOG: eth0: transmit timed out
    [   12.737962] 0000:00:05.0: tulip_stop_rxtx() failed (CSR5 0xfc540400 CSR6 0x20e0000)
    [    3.556477] NETDEV WATCHDOG: eth0: transmit timed out
    [    3.558017] 0000:00:05.0: tulip_stop_rxtx() failed (CSR5 0xfc540400 CSR6 0x20e0000)
    [   11.556398] NETDEV WATCHDOG: eth0: transmit timed out
    [   11.557937] 0000:00:05.0: tulip_stop_rxtx() failed (CSR5 0xfc540400 CSR6 0x20e0000)
    [    2.376449] NETDEV WATCHDOG: eth0: transmit timed out
    [    2.377987] 0000:00:05.0: tulip_stop_rxtx() failed (CSR5 0xfc540400 CSR6 0x20e0000)
    [   10.376370] NETDEV WATCHDOG: eth0: transmit timed out
    [   10.377908] 0000:00:05.0: tulip_stop_rxtx() failed (CSR5 0xfc540400 CSR6 0x20e0000)
    [    1.196423] NETDEV WATCHDOG: eth0: transmit timed out
    [    1.197965] 0000:00:05.0: tulip_stop_rxtx() failed (CSR5 0xfc540400 CSR6 0x20e0000)
    [    9.196350] NETDEV WATCHDOG: eth0: transmit timed out
    [    9.197900] 0000:00:05.0: tulip_stop_rxtx() failed (CSR5 0xfc540400 CSR6 0x20e0000)
    [    0.016398] NETDEV WATCHDOG: eth0: transmit timed out
    [    0.017948] 0000:00:05.0: tulip_stop_rxtx() failed (CSR5 0xfc540400 CSR6 0x20e0000)
    [    8.016318] NETDEV WATCHDOG: eth0: transmit timed out
    [    8.017869] 0000:00:05.0: tulip_stop_rxtx() failed (CSR5 0xfc540400 CSR6 0x20e0000)
    [   16.016237] NETDEV WATCHDOG: eth0: transmit timed out
    [   16.017779] 0000:00:05.0: tulip_stop_rxtx() failed (CSR5 0xfc540400 CSR6 0x20e0000)
    [    6.836289] NETDEV WATCHDOG: eth0: transmit timed out
    [    6.837830] 0000:00:05.0: tulip_stop_rxtx() failed (CSR5 0xfc540400 CSR6 0x20e0000)
    [   14.439922] eth0: Out-of-sync dirty pointer, 16 vs. 86.
    root@brol:~# ifconfig eth0 19
    [K0.0.0.1
    root@brol:~# ifconfig eth0 10.0.0.1
    [P 10.0.0.1
    1 10.0.0.1
    root@brol:~# ifconfig eth1 
    root@brol:~# ifconfig eth1 1
    root@brol:~# ifconfig eth1 10
    root@brol:~# ifconfig eth1 10.
    root@brol:~# ifconfig eth1 10.0
    root@brol:~# ifconfig eth1 10.0.
    root@brol:~# ifconfig eth1 10.0.0
    root@brol:~# ifconfig eth1 10.0.0.
    root@brol:~# ifconfig eth1 10.0.0.1
    root@brol:~# ifconfig eth1 192.168.42.27
    root@brol:~# ping 192.168.42.2
    PING 192.168.42.1 (192.168.42.1) 56(84) bytes of data.
    From 192.168.42.27 icmp_seq=1 Destination Host Unreachable
    From 192.168.42.27 icmp_seq=2 Destination Host Unreachable
    From 192.168.42.27 icmp_seq=3 Destination Host Unreachable
    --- 192.168.42.1 ping statistics ---
    5 packets transmitted, 0 received, +3 errors, 100% packet loss, time 4018ms
    , pipe 3
    root@brol:~# dmesg
    [    0.000000] PROMLIB: Sun IEEE Boot Prom 'OBP 4.0.18 2002/05/23 18:22'
    [    0.000000] PROMLIB: Root node compatible: sun4u
    [    0.000000] Linux version 2.6.15-51-sparc64 (buildd@sejong) (gcc version 4.0.3 (Ubuntu 4.0.3-1ubuntu5)) #1 Thu Dec 6 20:26:55 UTC 2007
    [    0.000000] ARCH: SUN4U
    [    0.000000] Ethernet address: 00:03:ba:27:86:f3
    [    0.000000] On node 0 totalpages: 64037
    [    0.000000]   DMA zone: 64037 pages, LIFO batch:15
    [    0.000000]   DMA32 zone: 0 pages, LIFO batch:0
    [    0.000000]   Normal zone: 0 pages, LIFO batch:0
    [    0.000000]   HighMem zone: 0 pages, LIFO batch:0
    [    0.000000] CPU[0]: Caches D[sz(16384):line_sz(32)] I[sz(16384):line_sz(32)] E[sz(524288):line_sz(64)]
    [    0.000000] Built 1 zonelists
    [    0.000000] Kernel command line: root=/dev/hda2 ro quiet splash
    [    0.000000] PID hash table entries: 2048 (order: 11, 65536 bytes)
    [    2.070360] Console: colour dummy device 80x25
    [    2.073255] Dentry cache hash table entries: 65536 (order: 6, 524288 bytes)
    [    2.076518] Inode-cache hash table entries: 32768 (order: 5, 262144 bytes)
    [    2.107459] Memory: 507208k available (2352k kernel code, 712k data, 160k init) [fffff80000000000,00000000dfec8000]
    [    2.185473] Calibrating delay using timer specific routine.. 11.12 BogoMIPS (lpj=22241)
    [    2.185695] Security Framework v1.0.0 initialized
    [    2.185741] SELinux:  Disabled at boot.
    [    2.185812] Mount-cache hash table entries: 512
    [    2.186978] checking if image is initramfs... it is
    [    4.341515] Freeing initrd memory: 6485k freed
    [    4.343495] NET: Registered protocol family 16
    [    4.344929] PCI: Probing for controllers.
    [    4.345740] PCI: Found SABRE, main regs at 000001fe00000000
    [    4.345766] SABRE: Shared PCI config space at 000001fe01000000
    [    4.348672] SABRE: DVMA at 60000000 [20000000]
    [    4.350251] PCI quirk: region 2000-203f claimed by ali7101 ACPI
    [    4.350270] PCI quirk: region 4000-401f claimed by ali7101 SMB
    [    4.354620] PCI: Address space collision on region 6 [000001ff00080000:000001ff000bffff] of device 0000:00:05.0
    [    4.354839] PCI-IRQ: Routing bus[ 0] slot[ 5] to INO[1c]
    [    4.354976] PCI-IRQ: Routing bus[ 0] slot[ a] to INO[24]
    [    4.355087] PCI-IRQ: Routing bus[ 0] slot[ c] to INO[06]
    [    4.355198] PCI-IRQ: Routing bus[ 0] slot[ d] to INO[0c]
    [    4.355215] PCI0(PBMA): Bus running at 33MHz
    [    4.355406] isa0: [dma] [rtc -> (todm5819)] [power] [SUNW,lomh] [serial] [serial] [flashprom]
    [    4.357035] ebus: No EBus's found.
    [    4.989970] power: Control reg at 000001fe02002000 ... powerd running.
    [    4.993333] usbcore: registered new driver usbfs
    [    4.993523] usbcore: registered new driver hub
    [    4.998242] audit: initializing netlink socket (disabled)
    [    4.998284] audit(1257910373.828:1): initialized
    [    4.998495] Total HugeTLB memory allocated, 0
    [    4.999001] VFS: Disk quotas dquot_6.5.1
    [    4.999131] Dquot-cache hash table entries: 1024 (order 0, 8192 bytes)
    [    4.999509] Initializing Cryptographic API
    [    4.999532] io scheduler noop registered
    [    4.999559] io scheduler anticipatory registered
    [    4.999585] io scheduler deadline registered
    [    4.999634] io scheduler cfq registered
    [    4.999658] Activating ISA DMA hang workarounds.
    [   13.462368] Console: switching to mono PROM 80x34
    [   13.534273] Real Time Clock Driver v1.12
    [   13.534334] [drm] Initialized drm 1.0.1 20051102
    [   13.543535] ttyS0 at MMIO 0x1fe020003f8 (irq = 7616992) is a 16550A
    [   13.543805] Console: ttyS0 (SU)
    [   13.676687] ttyS1 at MMIO 0x1fe020002e8 (irq = 7616992) is a 16550A
    [   13.679103] RAMDISK driver initialized: 16 RAM disks of 65536K size 1024 blocksize
    [   13.680105] loop: loaded (max 8 devices)
    [   13.680482] Uniform Multi-Platform E-IDE driver Revision: 7.00alpha2
    [   13.680500] ide: Assuming 33MHz system bus speed for PIO modes; override with idebus=xx
    [   13.681225] usbmon: debugfs is not available
    [   13.681383] usbcore: registered new driver usbhid
    [   13.681397] drivers/usb/input/hid-core.c: v2.6:USB HID core driver
    [   13.681650] mice: PS/2 mouse device common for all mice
    [   13.682307] input: Sparc ISA Speaker as /class/input/input0
    [   13.682541] NET: Registered protocol family 2
    [   13.717633] IP route cache hash table entries: 4096 (order: 2, 32768 bytes)
    [   13.718488] TCP established hash table entries: 16384 (order: 4, 131072 bytes)
    [   13.719139] TCP bind hash table entries: 16384 (order: 4, 131072 bytes)
    [   13.719822] TCP: Hash tables configured (established 16384 bind 16384)
    [   13.719840] TCP reno registered
    [   13.720141] TCP bic registered
    [   13.720196] NET: Registered protocol family 1
    [   13.720227] NET: Registered protocol family 17
    [   13.994426] Capability LSM initialized
    [   15.600583] ALI15X3: IDE controller at PCI slot 0000:00:0d.0
    [   15.600641] ALI15X3: chipset revision 195
    [   15.600672] ALI15X3: 100% native mode on irq 5,7cc
    [   15.600704]     ide0: BM-DMA at 0x1fe02010220-0x1fe02010227, BIOS settings: hda:pio, hdb:pio
    [   15.600762]     ide1: BM-DMA at 0x1fe02010228-0x1fe0201022f, BIOS settings: hdc:pio, hdd:pio
    [   15.600810] Probing IDE interface ide0...
    [   15.889536] hda: ST340016A, ATA DISK drive
    [   16.56170
    1] ide0 at 0x1fe[02010200-0x1fe02H010207,0x1fe0201
    021a on irq 5,7c[c
    [   16.561828J] Probing IDE in
    terface ide1...
    [   16.849515] 7hdc: ST340016A, mATA DISK drive
     [    0.117640] h
    dd: CD-224E, ATA[PI CD/DVD-ROM drmive
    [    0.1736
    44] ide1 at 0x1fe02010210-0x1fe02010217,0x1fe0201020a on irq 5,7cc
    [    0.218411] hda: max request size: 128KiB
    [    0.232077] hda: 78165360 sectors (40020 MB) w/2048KiB Cache, CHS=65535/16/63, UDMA(66)
    [    0.232106] hda: cache flushes not supported
    [    0.232263]  hda: hda1 hda2 hda3 hda4
    [    0.238796] hdc: max request size: 128KiB
    [    0.239308] hdc: 78165360 sectors (40020 MB) w/2048KiB Cache, CHS=65535/16/63, UDMA(66)
    [    0.239334] hdc: cache flushes not supported
    [    0.239448]  hdc: hdc1 hdc2 hdc3 hdc4 hdc8
    [    0.287118] hdd: ATAPI 24X CD-ROM drive, 128kB Cache
    [    0.287147] Uniform CD-ROM driver Revision: 3.20
    [    0.753214] ohci_hcd: 2005 April 22 USB 1.1 'Open' Host Controller (OHCI) Driver (PCI)
    [    0.753323] ohci_hcd 0000:00:0a.0: OHCI Host Controller
    [    0.754435] ohci_hcd 0000:00:0a.0: new USB bus registered, assigned bus number 1
    [    0.754476] ohci_hcd 0000:00:0a.0: irq 14,7e4, io mem 0x1ff01000000
    [    0.773794] hub 1-0:1.0: USB hub found
    [    0.773856] hub 1-0:1.0: 2 ports detected
    [    1.005504] usb 1-1: new low speed USB device using ohci_hcd and address 2
    [    1.183425] input: USB-compliant keyboard as /class/input/input1
    [    1.183478] input: USB HID v1.10 Keyboard [USB-compliant keyboard] on usb-0000:00:0a.0-1
    [    1.214157] input: USB-compliant keyboard as /class/input/input2
    [    1.214281] input: USB HID v1.10 Mouse [USB-compliant keyboard] on usb-0000:00:0a.0-1
    [    1.313625] kjournald starting.  Commit interval 5 seconds
    [    1.313672] EXT3-fs: mounted filesystem with ordered data mode.
    [    7.489090] Linux Tulip driver version 1.1.13-NAPI (December 15, 2004)
    [    7.499670] tulip0: Old style EEPROM with no media selection information.
    [    7.499931] tulip0:  MII transceiver #1 config 1000 status 7809 advertising 01e1.
    [    7.502777] eth0: Davicom DM9102/DM9102A rev 49 at 000001fe02010100, EEPROM not present, 00:03:BA:27:86:F4, IRQ 7616512.
    [    7.513222] tulip1: Old style EEPROM with no media selection information.
    [    7.513492] tulip1:  MII transceiver #1 config 1100 status 782d advertising 01e1.
    [    7.516273] eth1: Davicom DM9102/DM9102A rev 49 at 000001fe02010000, EEPROM not present, 00:03:BA:27:86:F3, IRQ 7615808.
    [    8.611910] Adding 1510088k swap on /dev/hda4.  Priority:-1 extents:1 across:1510088k
    [    8.746139] EXT3 FS on hda2, internal journal
    [    9.208605] md: md driver 0.90.3 MAX_MD_DEVS=256, MD_SB_DISKS=27
    [    9.208625] md: bitmap version 4.39
    [   10.151402] device-mapper: 4.4.0-ioctl (2005-01-12) initialised: dm-devel@redhat.com
    [   11.392181] hdd: packet command error: status=0x51 { DriveReady SeekComplete Error }
    [   11.392207] hdd: packet command error: error=0x54 { AbortedCommand LastFailedSense=0x05 }
    [   11.392226] ide: failed opcode was: unknown
    [   11.392907] cdrom: open failed.
    [   11.926715] kjournald starting.  Commit interval 5 seconds
    [   11.926936] EXT3 FS on hda1, internal journal
    [   11.926955] EXT3-fs: mounted filesystem with ordered data mode.
    [   11.605323] hdd: packet command error: status=0x51 { DriveReady SeekComplete Error }
    [   11.605354] hdd: packet command error: error=0x54 { AbortedCommand LastFailedSense=0x05 }
    [   11.605373] ide: failed opcode was: unknown
    [   11.606761] cdrom: open failed.
    [   11.700819] hdd: packet command error: status=0x51 { DriveReady SeekComplete Error }
    [   11.700849] hdd: packet command error: error=0x54 { AbortedCommand LastFailedSense=0x05 }
    [   11.700867] ide: failed opcode was: unknown
    [   11.702259] cdrom: open failed.
    [    6.437080] NETDEV WATCHDOG: eth0: transmit timed out
    [    6.438634] 0000:00:05.0: tulip_stop_rxtx() failed (CSR5 0xfc540400 CSR6 0x20e0000)
    [   14.437001] NETDEV WATCHDOG: eth0: transmit timed out
    [   14.438545] 0000:00:05.0: tulip_stop_rxtx() failed (CSR5 0xfc540400 CSR6 0x20e0000)
    [    5.257056] NETDEV WATCHDOG: eth0: transmit timed out
    [    5.258604] 0000:00:05.0: tulip_stop_rxtx() failed (CSR5 0xfc540400 CSR6 0x20e0000)
    [   13.256972] NETDEV WATCHDOG: eth0: transmit timed out
    [   13.258516] 0000:00:05.0: tulip_stop_rxtx() failed (CSR5 0xfc540400 CSR6 0x20e0000)
    [    4.077027] NETDEV WATCHDOG: eth0: transmit timed out
    [    4.078575] 0000:00:05.0: tulip_stop_rxtx() failed (CSR5 0xfc540400 CSR6 0x20e0000)
    [   12.076946] NETDEV WATCHDOG: eth0: transmit timed out
    [   12.078495] 0000:00:05.0: tulip_stop_rxtx() failed (CSR5 0xfc540400 CSR6 0x20e0000)
    [    2.896998] NETDEV WATCHDOG: eth0: transmit timed out
    [    2.898543] 0000:00:05.0: tulip_stop_rxtx() failed (CSR5 0xfc540400 CSR6 0x20e0000)
    [   10.896918] NETDEV WATCHDOG: eth0: transmit timed out
    [   10.898464] 0000:00:05.0: tulip_stop_rxtx() failed (CSR5 0xfc540400 CSR6 0x20e0000)
    [    1.716966] NETDEV WATCHDOG: eth0: transmit timed out
    [    1.718511] 0000:00:05.0: tulip_stop_rxtx() failed (CSR5 0xfc540400 CSR6 0x20e0000)
    [    9.716890] NETDEV WATCHDOG: eth0: transmit timed out
    [    9.718438] 0000:00:05.0: tulip_stop_rxtx() failed (CSR5 0xfc540400 CSR6 0x20e0000)
    [    0.536943] NETDEV WATCHDOG: eth0: transmit timed out
    [    0.538493] 0000:00:05.0: tulip_stop_rxtx() failed (CSR5 0xfc540400 CSR6 0x20e0000)
    [    8.536865] NETDEV WATCHDOG: eth0: transmit timed out
    [    8.538406] 0000:00:05.0: tulip_stop_rxtx() failed (CSR5 0xfc540400 CSR6 0x20e0000)
    [   16.536785] NETDEV WATCHDOG: eth0: transmit timed out
    [   16.538333] 0000:00:05.0: tulip_stop_rxtx() failed (CSR5 0xfc540400 CSR6 0x20e0000)
    [    7.356833] NETDEV WATCHDOG: eth0: transmit timed out
    [    7.358376] 0000:00:05.0: tulip_stop_rxtx() failed (CSR5 0xfc540400 CSR6 0x20e0000)
    [   15.356758] NETDEV WATCHDOG: eth0: transmit timed out
    [   15.358307] 0000:00:05.0: tulip_stop_rxtx() failed (CSR5 0xfc540400 CSR6 0x20e0000)
    [    6.176806] NETDEV WATCHDOG: eth0: transmit timed out
    [    6.178352] 0000:00:05.0: tulip_stop_rxtx() failed (CSR5 0xfc540400 CSR6 0x20e0000)
    [   14.176727] NETDEV WATCHDOG: eth0: transmit timed out
    [   14.178272] 0000:00:05.0: tulip_stop_rxtx() failed (CSR5 0xfc540400 CSR6 0x20e0000)
    [    4.996779] NETDEV WATCHDOG: eth0: transmit timed out
    [    4.998319] 0000:00:05.0: tulip_stop_rxtx() failed (CSR5 0xfc540400 CSR6 0x20e0000)
    [   12.996699] NETDEV WATCHDOG: eth0: transmit timed out
    [   12.998242] 0000:00:05.0: tulip_stop_rxtx() failed (CSR5 0xfc540400 CSR6 0x20e0000)
    [    3.816750] NETDEV WATCHDOG: eth0: transmit timed out
    [    3.818287] 0000:00:05.0: tulip_stop_rxtx() failed (CSR5 0xfc540400 CSR6 0x20e0000)
    [   11.816671] NETDEV WATCHDOG: eth0: transmit timed out
    [   11.818213] 0000:00:05.0: tulip_stop_rxtx() failed (CSR5 0xfc540400 CSR6 0x20e0000)
    [    2.636722] NETDEV WATCHDOG: eth0: transmit timed out
    [    2.638259] 0000:00:05.0: tulip_stop_rxtx() failed (CSR5 0xfc540400 CSR6 0x20e0000)
    [   10.636643] NETDEV WATCHDOG: eth0: transmit timed out
    [   10.638184] 0000:00:05.0: tulip_stop_rxtx() failed (CSR5 0xfc540400 CSR6 0x20e0000)
    [    1.456699] NETDEV WATCHDOG: eth0: transmit timed out
    [    1.458250] 0000:00:05.0: tulip_stop_rxtx() failed (CSR5 0xfc540400 CSR6 0x20e0000)
    [    9.456621] NETDEV WATCHDOG: eth0: transmit timed out
    [    9.458172] 0000:00:05.0: tulip_stop_rxtx() failed (CSR5 0xfc540400 CSR6 0x20e0000)
    [    0.276670] NETDEV WATCHDOG: eth0: transmit timed out
    [    0.278218] 0000:00:05.0: tulip_stop_rxtx() failed (CSR5 0xfc540400 CSR6 0x20e0000)
    [    8.276590] NETDEV WATCHDOG: eth0: transmit timed out
    [    8.278133] 0000:00:05.0: tulip_stop_rxtx() failed (CSR5 0xfc540400 CSR6 0x20e0000)
    [   16.276512] NETDEV WATCHDOG: eth0: transmit timed out
    [   16.278059] 0000:00:05.0: tulip_stop_rxtx() failed (CSR5 0xfc540400 CSR6 0x20e0000)
    [    7.096565] NETDEV WATCHDOG: eth0: transmit timed out
    [    7.098114] 0000:00:05.0: tulip_stop_rxtx() failed (CSR5 0xfc540400 CSR6 0x20e0000)
    [   15.096482] NETDEV WATCHDOG: eth0: transmit timed out
    [   15.098024] 0000:00:05.0: tulip_stop_rxtx() failed (CSR5 0xfc540400 CSR6 0x20e0000)
    [    5.916533] NETDEV WATCHDOG: eth0: transmit timed out
    [    5.918075] 0000:00:05.0: tulip_stop_rxtx() failed (CSR5 0xfc540400 CSR6 0x20e0000)
    [   13.916453] NETDEV WATCHDOG: eth0: transmit timed out
    [   13.917994] 0000:00:05.0: tulip_stop_rxtx() failed (CSR5 0xfc540400 CSR6 0x20e0000)
    [    4.736504] NETDEV WATCHDOG: eth0: transmit timed out
    [    4.738041] 0000:00:05.0: tulip_stop_rxtx() failed (CSR5 0xfc540400 CSR6 0x20e0000)
    [   12.736425] NETDEV WATCHDOG: eth0: transmit timed out
    [   12.737962] 0000:00:05.0: tulip_stop_rxtx() failed (CSR5 0xfc540400 CSR6 0x20e0000)
    [    3.556477] NETDEV WATCHDOG: eth0: transmit timed out
    [    3.558017] 0000:00:05.0: tulip_stop_rxtx() failed (CSR5 0xfc540400 CSR6 0x20e0000)
    [   11.556398] NETDEV WATCHDOG: eth0: transmit timed out
    [   11.557937] 0000:00:05.0: tulip_stop_rxtx() failed (CSR5 0xfc540400 CSR6 0x20e0000)
    [    2.376449] NETDEV WATCHDOG: eth0: transmit timed out
    [    2.377987] 0000:00:05.0: tulip_stop_rxtx() failed (CSR5 0xfc540400 CSR6 0x20e0000)
    [   10.376370] NETDEV WATCHDOG: eth0: transmit timed out
    [   10.377908] 0000:00:05.0: tulip_stop_rxtx() failed (CSR5 0xfc540400 CSR6 0x20e0000)
    [    1.196423] NETDEV WATCHDOG: eth0: transmit timed out
    [    1.197965] 0000:00:05.0: tulip_stop_rxtx() failed (CSR5 0xfc540400 CSR6 0x20e0000)
    [    9.196350] NETDEV WATCHDOG: eth0: transmit timed out
    [    9.197900] 0000:00:05.0: tulip_stop_rxtx() failed (CSR5 0xfc540400 CSR6 0x20e0000)
    [    0.016398] NETDEV WATCHDOG: eth0: transmit timed out
    [    0.017948] 0000:00:05.0: tulip_stop_rxtx() failed (CSR5 0xfc540400 CSR6 0x20e0000)
    [    8.016318] NETDEV WATCHDOG: eth0: transmit timed out
    [    8.017869] 0000:00:05.0: tulip_stop_rxtx() failed (CSR5 0xfc540400 CSR6 0x20e0000)
    [   16.016237] NETDEV WATCHDOG: eth0: transmit timed out
    [   16.017779] 0000:00:05.0: tulip_stop_rxtx() failed (CSR5 0xfc540400 CSR6 0x20e0000)
    [    6.836289] NETDEV WATCHDOG: eth0: transmit timed out
    [    6.837830] 0000:00:05.0: tulip_stop_rxtx() failed (CSR5 0xfc540400 CSR6 0x20e0000)
    [   14.439922] eth0: Out-of-sync dirty pointer, 16 vs. 86.
    root@brol:~# 
    dmesg
    ping 192.168.42.1
    PING 192.168.42.1 (192.168.42.1) 56(84) bytes of data.
    --- 192.168.42.1 ping statistics ---
    2 packets transmitted, 0 received, 100% packet loss, time 1014ms
    root@brol:~# route -n
    Kernel IP routing table
    Destination     Gateway         Genmask         Flags Metric Ref    Use Iface
    192.168.42.0    0.0.0.0         255.255.255.0   U     0      0        0 eth1
    10.0.0.0        0.0.0.0         255.0.0.0       U     0      0        0 eth0
    root@brol:~# route -n
    ping 192.168.42.1
    PING 192.168.42.1 (192.168.42.1) 56(84) bytes of data.
    From 192.168.42.27 icmp_seq=1 Destination Host Unreachable
    From 192.168.42.27 icmp_seq=2 Destination Host Unreachable
    From 192.168.42.27 icmp_seq=3 Destination Host Unreachable
    From 192.168.42.27 icmp_seq=5 Destination Host Unreachable
    From 192.168.42.27 icmp_seq=6 Destination Host Unreachable
    From 192.168.42.27 icmp_seq=7 Destination Host Unreachable
    From 192.168.42.27 icmp_seq=9 Destination Host Unreachable
    From 192.168.42.27 icmp_seq=10 Destination Host Unreachable
    From 192.168.42.27 icmp_seq=11 Destination Host Unreachable
    From 192.168.42.27 icmp_seq=13 Destination Host Unreachable
    From 192.168.42.27 icmp_seq=14 Destination Host Unreachable
    From 192.168.42.27 icmp_seq=15 Destination Host Unreachable
    --- 192.168.42.1 ping statistics ---
    15 packets transmitted, 0 received, +12 errors, 100% packet loss, time 14026ms
    , pipe 3
    root@brol:~# cat /proc/version 
    Linux version 2.6.15-51-sparc64 (buildd@sejong) (gcc version 4.0.3 (Ubuntu 4.0.3-1ubuntu5)) #1 Thu Dec 6 20:26:55 UTC 2007
    root@brol:~# dmesg
    [    0.000000] PROMLIB: Sun IEEE Boot Prom 'OBP 4.0.18 2002/05/23 18:22'
    [    0.000000] PROMLIB: Root node compatible: sun4u
    [    0.000000] Linux version 2.6.15-51-sparc64 (buildd@sejong) (gcc version 4.0.3 (Ubuntu 4.0.3-1ubuntu5)) #1 Thu Dec 6 20:26:55 UTC 2007
    [    0.000000] ARCH: SUN4U
    [    0.000000] Ethernet address: 00:03:ba:27:86:f3
    [    0.000000] On node 0 totalpages: 64037
    [    0.000000]   DMA zone: 64037 pages, LIFO batch:15
    [    0.000000]   DMA32 zone: 0 pages, LIFO batch:0
    [    0.000000]   Normal zone: 0 pages, LIFO batch:0
    [    0.000000]   HighMem zone: 0 pages, LIFO batch:0
    [    0.000000] CPU[0]: Caches D[sz(16384):line_sz(32)] I[sz(16384):line_sz(32)] E[sz(524288):line_sz(64)]
    [    0.000000] Built 1 zonelists
    [    0.000000] Kernel command line: root=/dev/hda2 ro quiet splash
    [    0.000000] PID hash table entries: 2048 (order: 11, 65536 bytes)
    [    2.070360] Console: colour dummy device 80x25
    [    2.073255] Dentry cache hash table entries: 65536 (order: 6, 524288 bytes)
    [    2.076518] Inode-cache hash table entries: 32768 (order: 5, 262144 bytes)
    [    2.107459] Memory: 507208k available (2352k kernel code, 712k data, 160k init) [fffff80000000000,00000000dfec8000]
    [    2.185473] Calibrating delay using timer specific routine.. 11.12 BogoMIPS (lpj=22241)
    [    2.185695] Security Framework v1.0.0 initialized
    [    2.185741] SELinux:  Disabled at boot.
    [    2.185812] Mount-cache hash table entries: 512
    [    2.186978] checking if image is initramfs... it is
    [    4.341515] Freeing initrd memory: 6485k freed
    [    4.343495] NET: Registered protocol family 16
    [    4.344929] PCI: Probing for controllers.
    [    4.345740] PCI: Found SABRE, main regs at 000001fe00000000
    [    4.345766] SABRE: Shared PCI config space at 000001fe01000000
    [    4.348672] SABRE: DVMA at 60000000 [20000000]
    [    4.350251] PCI quirk: region 2000-203f claimed by ali7101 ACPI
    [    4.350270] PCI quirk: region 4000-401f claimed by ali7101 SMB
    [    4.354620] PCI: Address space collision on region 6 [000001ff00080000:000001ff000bffff] of device 0000:00:05.0
    [    4.354839] PCI-IRQ: Routing bus[ 0] slot[ 5] to INO[1c]
    [    4.354976] PCI-IRQ: Routing bus[ 0] slot[ a] to INO[24]
    [    4.355087] PCI-IRQ: Routing bus[ 0] slot[ c] to INO[06]
    [    4.355198] PCI-IRQ: Routing bus[ 0] slot[ d] to INO[0c]
    [    4.355215] PCI0(PBMA): Bus running at 33MHz
    [    4.355406] isa0: [dma] [rtc -> (todm5819)] [power] [SUNW,lomh] [serial] [serial] [flashprom]
    [    4.357035] ebus: No EBus's found.
    [    4.989970] power: Control reg at 000001fe02002000 ... powerd running.
    [    4.993333] usbcore: registered new driver usbfs
    [    4.993523] usbcore: registered new driver hub
    [    4.998242] audit: initializing netlink socket (disabled)
    [    4.998284] audit(1257910373.828:1): initialized
    [    4.998495] Total HugeTLB memory allocated, 0
    [    4.999001] VFS: Disk quotas dquot_6.5.1
    [    4.999131] Dquot-cache hash table entries: 1024 (order 0, 8192 bytes)
    [    4.999509] Initializing Cryptographic API
    [    4.999532] io scheduler noop registered
    [    4.999559] io scheduler anticipatory registered
    [    4.999585] io scheduler deadline registered
    [    4.999634] io scheduler cfq registered
    [    4.999658] Activating ISA DMA hang workarounds.
    [   13.462368] Console: switching to mono PROM 80x34
    [   13.534273] Real Time Clock Driver v1.12
    [   13.534334] [drm] Initialized drm 1.0.1 20051102
    [   13.543535] ttyS0 at MMIO 0x1fe020003f8 (irq = 7616992) is a 16550A
    [   13.543805] Console: ttyS0 (SU)
    [   13.676687] ttyS1 at MMIO 0x1fe020002e8 (irq = 7616992) is a 16550A
    [   13.679103] RAMDISK driver initialized: 16 RAM disks of 65536K size 1024 blocksize
    [   13.680105] loop: loaded (max 8 devices)
    [   13.680482] Uniform Multi-Platform E-IDE driver Revision: 7.00alpha2
    [   13.680500] ide: Assuming 33MHz system bus speed for PIO modes; override with idebus=xx
    [   13.681225] usbmon: debugfs is not available
    [   13.681383] usbcore: registered new driver usbhid
    [   13.681397] drivers/usb/input/hid-core.c: v2.6:USB HID core driver
    [   13.681650] mice: PS/2 mouse device common for all mice
    [   13.682307] input: Sparc ISA Speaker as /class/input/input0
    [   13.682541] NET: Registered protocol family 2
    [   13.717633] IP route cache hash table entries: 4096 (order: 2, 32768 bytes)
    [   13.718488] TCP established hash table entries: 16384 (order: 4, 131072 bytes)
    [   13.719139] TCP bind hash table entries: 16384 (order: 4, 131072 bytes)
    [   13.719822] TCP: Hash tables configured (established 16384 bind 16384)
    [   13.719840] TCP reno registered
    [   13.720141] TCP bic registered
    [   13.720196] NET: Registered protocol family 1
    [   13.720227] NET: Registered protocol family 17
    [   13.994426] Capability LSM initialized
    [   15.600583] ALI15X3: IDE controller at PCI slot 0000:00:0d.0
    [   15.600641] ALI15X3: chipset revision 195
    [   15.600672] ALI15X3: 100% native mode on irq 5,7cc
    [   15.600704]     ide0: BM-DMA at 0x1fe02010220-0x1fe02010227, BIOS settings: hda:pio, hdb:pio
    [   15.600762]     ide1: BM-DMA at 0x1fe02010228-0x1fe0201022f, BIOS settings: hdc:pio, hdd:pio
    [   15.600810] Probing IDE interface ide0...
    [   15.889536] hda: ST340016A, ATA DISK drive
    [   16.561701] ide0 at 0x1fe02010200-0x1fe02010207,0x1fe0201021a on irq 5,7cc
    [   16.561828] Probing IDE interface ide1...
    [   16.849515] hdc: ST340016A, ATA DISK drive
    [    0.117640] hdd: CD-224E, ATAPI CD/DVD-ROM drive
    [    0.173644] ide1 at 0x1fe02010210-0x1fe02010217,0x1fe0201020a on irq 5,7cc
    [    0.218411] hda: max request size: 128KiB
    [    0.232077] hda: 78165360 sectors (40020 MB) w/2048KiB Cache, CHS=65535/16/63, UDMA(66)
    [    0.232106] hda: cache flushes not supported
    [    0.232263]  hda: hda1 hda2 hda3 hda4
    [    0.238796] hdc: max request size: 128KiB
    [    0.239308] hdc: 78165360 sectors (40020 MB) w/2048KiB Cache, CHS=65535/16/63, UDMA(66)
    [    0.239334] hdc: cache flushes not supported
    [    0.239448]  hdc: hdc1 hdc2 hdc3 hdc4 hdc8
    [    0.287118] hdd: ATAPI 24X CD-ROM drive, 128kB Cache
    [    0.287147] Uniform CD-ROM driver Revision: 3.20
    [    0.753214] ohci_hcd: 2005 April 22 USB 1.1 'Open' Host Controller (OHCI) Driver (PCI)
    [    0.753323] ohci_hcd 0000:00:0a.0: OHCI Host Controller
    [    0.754435] ohci_hcd 0000:00:0a.0: new USB bus registered, assigned bus number 1
    [    0.754476] ohci_hcd 0000:00:0a.0: irq 14,7e4, io mem 0x1ff01000000
    [    0.773794] hub 1-0:1.0: USB hub found
    [    0.773856] hub 1-0:1.0: 2 ports detected
    [    1.005504] usb 1-1: new low speed USB device using ohci_hcd and address 2
    [    1.183425] input: USB-compliant keyboard as /class/input/input1
    [    1.183478] input: USB HID v1.10 Keyboard [USB-compliant keyboard] on usb-0000:00:0a.0-1
    [    1.214157] input: USB-compliant keyboard as /class/input/input2
    [    1.214281] input: USB HID v1.10 Mouse [USB-compliant keyboard] on usb-0000:00:0a.0-1
    [    1.313625] kjournald starting.  Commit interval 5 seconds
    [    1.313672] EXT3-fs: mounted filesystem with ordered data mode.
    [    7.489090] Linux Tulip driver version 1.1.13-NAPI (December 15, 2004)
    [    7.499670] tulip0: Old style EEPROM with no media selection information.
    [    7.499931] tulip0:  MII transceiver #1 config 1000 status 7809 advertising 01e1.
    [    7.502777] eth0: Davicom DM9102/DM9102A rev 49 at 000001fe02010100, EEPROM not present, 00:03:BA:27:86:F4, IRQ 7616512.
    [    7.513222] tulip1: Old style EEPROM with no media selection information.
    [    7.513492] tulip1:  MII transceiver #1 config 1100 status 782d advertising 01e1.
    [    7.516273] eth1: Davicom DM9102/DM9102A rev 49 at 000001fe02010000, EEPROM not present, 00:03:BA:27:86:F3, IRQ 7615808.
    [    8.611910] Adding 1510088k swap on /dev/hda4.  Priority:-1 extents:1 across:1510088k
    [    8.746139] EXT3 FS on hda2, internal journal
    [    9.208605] md: md driver 0.90.3 MAX_MD_DEVS=256, MD_SB_DISKS=27
    [    9.208625] md: bitmap version 4.39
    [   10.151402] device-mapper: 4.4.0-ioctl (2005-01-12) initialised: dm-devel@redhat.com
    [   11.392181] hdd: packet command error: status=0x51 { DriveReady SeekComplete Error }
    [   11.392207] hdd: packet command error: error=0x54 { AbortedCommand LastFailedSense=0x05 }
    [   11.392226] ide: failed opcode was: unknown
    [   11.392907] cdrom: open failed.
    [   11.926715] kjournald starting.  Commit interval 5 seconds
    [   11.926936] EXT3 FS on hda1, internal journal
    [   11.926955] EXT3-fs: mounted filesystem with ordered data mode.
    [   11.605323] hdd: packet command error: status=0x51 { DriveReady SeekComplete Error }
    [   11.605354] hdd: packet command error: error=0x54 { AbortedCommand LastFailedSense=0x05 }
    [   11.605373] ide: failed opcode was: unknown
    [   11.606761] cdrom: open failed.
    [   11.700819] hdd: packet command error: status=0x51 { DriveReady SeekComplete Error }
    [   11.700849] hdd: packet command error: error=0x54 { AbortedCommand LastFailedSense=0x05 }
    [   11.700867] ide: failed opcode was: unknown
    [   11.702259] cdrom: open failed.
    [    6.437080] NETDEV WATCHDOG: eth0: transmit timed out
    [    6.438634] 0000:00:05.0: tulip_stop_rxtx() failed (CSR5 0xfc540400 CSR6 0x20e0000)
    [   14.437001] NETDEV WATCHDOG: eth0: transmit timed out
    [   14.438545] 0000:00:05.0: tulip_stop_rxtx() failed (CSR5 0xfc540400 CSR6 0x20e0000)
    [    5.257056] NETDEV WATCHDOG: eth0: transmit timed out
    [    5.258604] 0000:00:05.0: tulip_stop_rxtx() failed (CSR5 0xfc540400 CSR6 0x20e0000)
    [   13.256972] NETDEV WATCHDOG: eth0: transmit timed out
    [   13.258516] 0000:00:05.0: tulip_stop_rxtx() failed (CSR5 0xfc540400 CSR6 0x20e0000)
    [    4.077027] NETDEV WATCHDOG: eth0: transmit timed out
    [    4.078575] 0000:00:05.0: tulip_stop_rxtx() failed (CSR5 0xfc540400 CSR6 0x20e0000)
    [   12.076946] NETDEV WATCHDOG: eth0: transmit timed out
    [   12.078495] 0000:00:05.0: tulip_stop_rxtx() failed (CSR5 0xfc540400 CSR6 0x20e0000)
    [    2.896998] NETDEV WATCHDOG: eth0: transmit timed out
    [    2.898543] 0000:00:05.0: tulip_stop_rxtx() failed (CSR5 0xfc540400 CSR6 0x20e0000)
    [   10.896918] NETDEV WATCHDOG: eth0: transmit timed out
    [   10.898464] 0000:00:05.0: tulip_stop_rxtx() failed (CSR5 0xfc540400 CSR6 0x20e0000)
    [    1.716966] NETDEV WATCHDOG: eth0: transmit timed out
    [    1.718511] 0000:00:05.0: tulip_stop_rxtx() failed (CSR5 0xfc540400 CSR6 0x20e0000)
    [    9.716890] NETDEV WATCHDOG: eth0: transmit timed out
    [    9.718438] 0000:00:05.0: tulip_stop_rxtx() failed (CSR5 0xfc540400 CSR6 0x20e0000)
    [    0.536943] NETDEV WATCHDOG: eth0: transmit timed out
    [    0.538493] 0000:00:05.0: tulip_stop_rxtx() failed (CSR5 0xfc540400 CSR6 0x20e0000)
    [    8.536865] NETDEV WATCHDOG: eth0: transmit timed out
    [    8.538406] 0000:00:05.0: tulip_stop_rxtx() failed (CSR5 0xfc540400 CSR6 0x20e0000)
    [   16.536785] NETDEV WATCHDOG: eth0: transmit timed out
    [   16.538333] 0000:00:05.0: tulip_stop_rxtx() failed (CSR5 0xfc540400 CSR6 0x20e0000)
    [    7.356833] NETDEV WATCHDOG: eth0: transmit timed out
    [    7.358376] 0000:00:05.0: tulip_stop_rxtx() failed (CSR5 0xfc540400 CSR6 0x20e0000)
    [   15.356758] NETDEV WATCHDOG: eth0: transmit timed out
    [   15.358307] 0000:00:05.0: tulip_stop_rxtx() failed (CSR5 0xfc540400 CSR6 0x20e0000)
    [    6.176806] NETDEV WATCHDOG: eth0: transmit timed out
    [    6.178352] 0000:00:05.0: tulip_stop_rxtx() failed (CSR5 0xfc540400 CSR6 0x20e0000)
    [   14.176727] NETDEV WATCHDOG: eth0: transmit timed out
    [   14.178272] 0000:00:05.0: tulip_stop_rxtx() failed (CSR5 0xfc540400 CSR6 0x20e0000)
    [    4.996779] NETDEV WATCHDOG: eth0: transmit timed out
    [    4.998319] 0000:00:05.0: tulip_stop_rxtx() failed (CSR5 0xfc540400 CSR6 0x20e0000)
    [   12.996699] NETDEV WATCHDOG: eth0: transmit timed out
    [   12.998242] 0000:00:05.0: tulip_stop_rxtx() failed (CSR5 0xfc540400 CSR6 0x20e0000)
    [    3.816750] NETDEV WATCHDOG: eth0: transmit timed out
    [    3.818287] 0000:00:05.0: tulip_stop_rxtx() failed (CSR5 0xfc540400 CSR6 0x20e0000)
    [   11.816671] NETDEV WATCHDOG: eth0: transmit timed out
    [   11.818213] 0000:00:05.0: tulip_stop_rxtx() failed (CSR5 0xfc540400 CSR6 0x20e0000)
    [    2.636722] NETDEV WATCHDOG: eth0: transmit timed out
    [    2.638259] 0000:00:05.0: tulip_stop_rxtx() failed (CSR5 0xfc540400 CSR6 0x20e0000)
    [   10.636643] NETDEV WATCHDOG: eth0: transmit timed out
    [   10.638184] 0000:00:05.0: tulip_stop_rxtx() failed (CSR5 0xfc540400 CSR6 0x20e0000)
    [    1.456699] NETDEV WATCHDOG: eth0: transmit timed out
    [    1.458250] 0000:00:05.0: tulip_stop_rxtx() failed (CSR5 0xfc540400 CSR6 0x20e0000)
    [    9.456621] NETDEV WATCHDOG: eth0: transmit timed out
    [    9.458172] 0000:00:05.0: tulip_stop_rxtx() failed (CSR5 0xfc540400 CSR6 0x20e0000)
    [    0.276670] NETDEV WATCHDOG: eth0: transmit timed out
    [    0.278218] 0000:00:05.0: tulip_stop_rxtx() failed (CSR5 0xfc540400 CSR6 0x20e0000)
    [    8.276590] NETDEV WATCHDOG: eth0: transmit timed out
    [    8.278133] 0000:00:05.0: tulip_stop_rxtx() failed (CSR5 0xfc540400 CSR6 0x20e0000)
    [   16.276512] NETDEV WATCHDOG: eth0: transmit timed out
    [   16.278059] 0000:00:05.0: tulip_stop_rxtx() failed (CSR5 0xfc540400 CSR6 0x20e0000)
    [    7.096565] NETDEV WATCHDOG: eth0: transmit timed out
    [    7.098114] 0000:00:05.0: tulip_stop_rxtx() failed (CSR5 0xfc540400 CSR6 0x20e0000)
    [   15.096482] NETDEV WATCHDOG: eth0: transmit timed out
    [   15.098024] 0000:00:05.0: tulip_stop_rxtx() failed (CSR5 0xfc540400 CSR6 0x20e0000)
    [    5.916533] NETDEV WATCHDOG: eth0: transmit timed out
    [    5.918075] 0000:00:05.0: tulip_stop_rxtx() failed (CSR5 0xfc540400 CSR6 0x20e0000)
    [   13.916453] NETDEV WATCHDOG: eth0: transmit timed out
    [   13.917994] 0000:00:05.0: tulip_stop_rxtx() failed (CSR5 0xfc540400 CSR6 0x20e0000)
    [    4.736504] NETDEV WATCHDOG: eth0: transmit timed out
    [    4.738041] 0000:00:05.0: tulip_stop_rxtx() failed (CSR5 0xfc540400 CSR6 0x20e0000)
    [   12.736425] NETDEV WATCHDOG: eth0: transmit timed out
    [   12.737962] 0000:00:05.0: tulip_stop_rxtx() failed (CSR5 0xfc540400 CSR6 0x20e0000)
    [    3.556477] NETDEV WATCHDOG: eth0: transmit timed out
    [    3.558017] 0000:00:05.0: tulip_stop_rxtx() failed (CSR5 0xfc540400 CSR6 0x20e0000)
    [   11.556398] NETDEV WATCHDOG: eth0: transmit timed out
    [   11.557937] 0000:00:05.0: tulip_stop_rxtx() failed (CSR5 0xfc540400 CSR6 0x20e0000)
    [    2.376449] NETDEV WATCHDOG: eth0: transmit timed out
    [    2.377987] 0000:00:05.0: tulip_stop_rxtx() failed (CSR5 0xfc540400 CSR6 0x20e0000)
    [   10.376370] NETDEV WATCHDOG: eth0: transmit timed out
    [   10.377908] 0000:00:05.0: tulip_stop_rxtx() failed (CSR5 0xfc540400 CSR6 0x20e0000)
    [    1.196423] NETDEV WATCHDOG: eth0: transmit timed out
    [    1.197965] 0000:00:05.0: tulip_stop_rxtx() failed (CSR5 0xfc540400 CSR6 0x20e0000)
    [    9.196350] NETDEV WATCHDOG: eth0: transmit timed out
    [    9.197900] 0000:00:05.0: tulip_stop_rxtx() failed (CSR5 0xfc540400 CSR6 0x20e0000)
    [    0.016398] NETDEV WATCHDOG: eth0: transmit timed out
    [    0.017948] 0000:00:05.0: tulip_stop_rxtx() failed (CSR5 0xfc540400 CSR6 0x20e0000)
    [    8.016318] NETDEV WATCHDOG: eth0: transmit timed out
    [    8.017869] 0000:00:05.0: tulip_stop_rxtx() failed (CSR5 0xfc540400 CSR6 0x20e0000)
    [   16.016237] NETDEV WATCHDOG: eth0: transmit timed out
    [   16.017779] 0000:00:05.0: tulip_stop_rxtx() failed (CSR5 0xfc540400 CSR6 0x20e0000)
    [    6.836289] NETDEV WATCHDOG: eth0: transmit timed out
    [    6.837830] 0000:00:05.0: tulip_stop_rxtx() failed (CSR5 0xfc540400 CSR6 0x20e0000)
    [   14.439922] eth0: Out-of-sync dirty pointer, 16 vs. 86.
    root@brol:~# dmesg
    [    0.000000] PROMLIB: Sun IEEE Boot Prom 'OBP 4.0.18 2002/05/23 18:22'
    [    0.000000] PROMLIB: Root node compatible: sun4u
    [    0.000000] Linux version 2.6.15-51-sparc64 (buildd@sejong) (gcc version 4.0.3 (Ubuntu 4.0.3-1ubuntu5)) #1 Thu Dec 6 20:26:55 UTC 2007
    [    0.000000] ARCH: SUN4U
    [    0.000000] Ethernet address: 00:03:ba:27:86:f3
    [    0.000000] On node 0 totalpages: 64037
    [    0.000000]   DMA zone: 64037 pages, LIFO batch:15
    [    0.000000]   DMA32 zone: 0 pages, LIFO batch:0
    [    0.000000]   Normal zone: 0 pages, LIFO batch:0
    [    0.000000]   HighMem zone: 0 pages, LIFO batch:0
    [    0.000000] CPU[0]: Caches D[sz(16384):line_sz(32)] I[sz(16384):line_sz(32)] E[sz(524288):line_sz(64)]
    [    0.000000] Built 1 zonelists
    [    0.000000] Kernel command line: root=/dev/hda2 ro quiet splash
    [    0.000000] PID hash table entries: 2048 (order: 11, 65536 bytes)
    [    2.070360] Console: colour dummy device 80x25
    [    2.073255] Dentry cache hash table entries: 65536 (order: 6, 524288 bytes)
    [    2.076518] Inode-cache hash table entries: 32768 (order: 5, 262144 bytes)
    [    2.107459] Memory: 507208k available (2352k kernel code, 712k data, 160k init) [fffff80000000000,00000000dfec8000]
    [    2.185473] Calibrating delay using timer specific routine.. 11.12 BogoMIPS (lpj=22241)
    [    2.185695] Security Framework v1.0.0 initialized
    [    2.185741] SELinux:  Disabled at boot.
    [    2.185812] Mount-cache hash table entries: 512
    [    2.186978] checking if image is initramfs... it is
    [    4.341515] Freeing initrd memory: 6485k freed
    [    4.343495] NET: Registered protocol family 16
    [    4.344929] PCI: Probing for controllers.
    [    4.345740] PCI: Found SABRE, main regs at 000001fe00000000
    [    4.345766] SABRE: Shared PCI config space at 000001fe01000000
    [    4.348672] SABRE: DVMA at 60000000 [20000000]
    [    4.350251] PCI quirk: region 2000-203f claimed by ali7101 ACPI
    [    4.350270] PCI quirk: region 4000-401f claimed by ali7101 SMB
    [    4.354620] PCI: Address space collision on region 6 [000001ff00080000:000001ff000bffff] of device 0000:00:05.0
    [    4.354839] PCI-IRQ: Routing bus[ 0] slot[ 5] to INO[1c]
    [    4.354976] PCI-IRQ: Routing bus[ 0] slot[ a] to INO[24]
    [    4.355087] PCI-IRQ: Routing bus[ 0] slot[ c] to INO[06]
    [    4.355198] PCI-IRQ: Routing bus[ 0] slot[ d] to INO[0c]
    [    4.355215] PCI0(PBMA): Bus running at 33MHz
    [    4.355406] isa0: [dma] [rtc -> (todm5819)] [power] [SUNW,lomh] [serial] [serial] [flashprom]
    [    4.357035] ebus: No EBus's found.
    [    4.989970] power: Control reg at 000001fe02002000 ... powerd running.
    [    4.993333] usbcore: registered new driver usbfs
    [    4.993523] usbcore: registered new driver hub
    [    4.998242] audit: initializing netlink socket (disabled)
    [    4.998284] audit(1257910373.828:1): initialized
    [    4.998495] Total HugeTLB memory allocated, 0
    [    4.999001] VFS: Disk quotas dquot_6.5.1
    [    4.999131] Dquot-cache hash table entries: 1024 (order 0, 8192 bytes)
    [    4.999509] Initializing Cryptographic API
    [    4.999532] io scheduler noop registered
    [    4.999559] io scheduler anticipatory registered
    [    4.999585] io scheduler deadline registered
    [    4.999634] io scheduler cfq registered
    [    4.999658] Activating ISA DMA hang workarounds.
    [   13.462368] Console: switching to mono PROM 80x34
    [   13.534273] Real Time Clock Driver v1.12
    [   13.534334] [drm] Initialized drm 1.0.1 20051102
    [   13.543535] ttyS0 at MMIO 0x1fe020003f8 (irq = 7616992) is a 16550A
    [   13.543805] Console: ttyS0 (SU)
    [   13.676687] ttyS1 at MMIO 0x1fe020002e8 (irq = 7616992) is a 16550A
    [   13.679103] RAMDISK driver initialized: 16 RAM disks of 65536K size 1024 blocksize
    [   13.680105] loop: loaded (max 8 devices)
    [   13.680482] Uniform Multi-Platform E-IDE driver Revision: 7.00alpha2
    [   13.680500] ide: Assuming 33MHz system bus speed for PIO modes; override with idebus=xx
    [   13.681225] usbmon: debugfs is not available
    [   13.681383] usbcore: registered new driver usbhid
    [   13.681397] drivers/usb/input/hid-core.c: v2.6:USB HID core driver
    [   13.681650] mice: PS/2 mouse device common for all mice
    [   13.682307] input: Sparc ISA Speaker as /class/input/input0
    [   13.682541] NET: Registered protocol family 2
    [   13.717633] IP route cache hash table entries: 4096 (order: 2, 32768 bytes)
    [   13.718488] TCP established hash table entries: 16384 (order: 4, 131072 bytes)
    [   13.719139] TCP bind hash table entries: 16384 (order: 4, 131072 bytes)
    [   13.719822] TCP: Hash tables configured (established 16384 bind 16384)
    [   13.719840] TCP reno registered
    [   13.720141] TCP bic registered
    [   13.720196] NET: Registered protocol family 1
    [   13.720227] NET: Registered protocol family 17
    [   13.994426] Capability LSM initialized
    [   15.600583] ALI15X3: IDE controller at PCI slot 0000:00:0d.0
    [   15.600641] ALI15X3: chipset revision 195
    [   15.600672] ALI15X3: 100% native mode on irq 5,7cc
    [   15.600704]     ide0: BM-DMA at 0x1fe02010220-0x1fe02010227, BIOS settings: hda:pio, hdb:pio
    [   15.600762]     ide1: BM-DMA at 0x1fe02010228-0x1fe0201022f, BIOS settings: hdc:pio, hdd:pio
    [   15.600810] Probing IDE interface ide0...
    [   15.889536] hda: ST340016A, ATA DISK drive
    [   16.561701] ide0 at 0x1fe02010200-0x1fe02010207,0x1fe0201021a on irq 5,7cc
    [   16.561828] Probing IDE interface ide1...
    [   16.849515] hdc: ST340016A, ATA DISK drive
    [    0.117640] hdd: CD-224E, ATAPI CD/DVD-ROM drive
    [    0.173644] ide1 at 0x1fe02010210-0x1fe02010217,0x1fe0201020a on irq 5,7cc
    [    0.218411] hda: max request size: 128KiB
    [    0.232077] hda: 78165360 sectors (40020 MB) w/2048KiB Cache, CHS=65535/16/63, UDMA(66)
    [    0.232106] hda: cache flushes not supported
    [    0.232263]  hda: hda1 hda2 hda3 hda4
    [    0.238796] hdc: max request size: 128KiB
    [    0.239308] hdc: 78165360 sectors (40020 MB) w/2048KiB Cache, CHS=65535/16/63, UDMA(66)
    [    0.239334] hdc: cache flushes not supported
    [    0.239448]  hdc: hdc1 hdc2 hdc3 hdc4 hdc8
    [    0.287118] hdd: ATAPI 24X CD-ROM drive, 128kB Cache
    [    0.287147] Uniform CD-ROM driver Revision: 3.20
    [    0.753214] ohci_hcd: 2005 April 22 USB 1.1 'Open' Host Controller (OHCI) Driver (PCI)
    [    0.753323] ohci_hcd 0000:00:0a.0: OHCI Host Controller
    [    0.754435] ohci_hcd 0000:00:0a.0: new USB bus registered, assigned bus number 1
    [    0.754476] ohci_hcd 0000:00:0a.0: irq 14,7e4, io mem 0x1ff01000000
    [    0.773794] hub 1-0:1.0: USB hub found
    [    0.773856] hub 1-0:1.0: 2 ports detected
    [    1.005504] usb 1-1: new low speed USB device using ohci_hcd and address 2
    [    1.183425] input: USB-compliant keyboard as /class/input/input1
    [    1.183478] input: USB HID v1.10 Keyboard [USB-compliant keyboard] on usb-0000:00:0a.0-1
    [    1.214157] input: USB-compliant keyboard as /class/input/input2
    [    1.214281] input: USB HID v1.10 Mouse [USB-compliant keyboard] on usb-0000:00:0a.0-1
    [    1.313625] kjournald starting.  Commit interval 5 seconds
    [    1.313672] EXT3-fs: mounted filesystem with ordered data mode.
    [    7.489090] Linux Tulip driver version 1.1.13-NAPI (December 15, 2004)
    [    7.499670] tulip0: Old style EEPROM with no media selection information.
    [    7.499931] tulip0:  MII transceiver #1 config 1000 status 7809 advertising 01e1.
    [    7.502777] eth0: Davicom DM9102/DM9102A rev 49 at 000001fe02010100, EEPROM not present, 00:03:BA:27:86:F4, IRQ 7616512.
    [    7.513222] tulip1: Old style EEPROM with no media selection information.
    [    7.513492] tulip1:  MII transceiver #1 config 1100 status 782d advertising 01e1.
    [    7.516273] eth1: Davicom DM9102/DM9102A rev 49 at 000001fe02010000, EEPROM not present, 00:03:BA:27:86:F3, IRQ 7615808.
    [    8.611910] Adding 1510088k swap on /dev/hda4.  Priority:-1 extents:1 across:1510088k
    [    8.746139] EXT3 FS on hda2, internal journal
    [    9.208605] md: md driver 0.90.3 MAX_MD_DEVS=256, MD_SB_DISKS=27
    [    9.208625] md: bitmap version 4.39
    [   10.151402] device-mapper: 4.4.0-ioctl (2005-01-12) initialised: dm-devel@redhat.com
    [   11.392181] hdd: packet command error: status=0x51 { DriveReady SeekComplete Error }
    [   11.392207] hdd: packet command error: error=0x54 { AbortedCommand LastFailedSense=0x05 }
    [   11.392226] ide: failed opcode was: unknown
    [   11.392907] cdrom: open failed.
    [   11.926715] kjournald starting.  Commit interval 5 seconds
    [   11.926936] EXT3 FS on hda1, internal journal
    [   11.926955] EXT3-fs: mounted filesystem with ordered data mode.
    [   11.605323] hdd: packet command error: status=0x51 { DriveReady SeekComplete Error }
    [   11.605354] hdd: packet command error: error=0x54 { AbortedCommand LastFailedSense=0x05 }
    [   11.605373] ide: failed opcode was: unknown
    [   11.606761] cdrom: open failed.
    [   11.700819] hdd: packet command error: status=0x51 { DriveReady SeekComplete Error }
    [   11.700849] hdd: packet command error: error=0x54 { AbortedCommand LastFailedSense=0x05 }
    [   11.700867] ide: failed opcode was: unknown
    [   11.702259] cdrom: open failed.
    [    6.437080] NETDEV WATCHDOG: eth0: transmit timed out
    [    6.438634] 0000:00:05.0: tulip_stop_rxtx() failed (CSR5 0xfc540400 CSR6 0x20e0000)
    [   14.437001] NETDEV WATCHDOG: eth0: transmit timed out
    [   14.438545] 0000:00:05.0: tulip_stop_rxtx() failed (CSR5 0xfc540400 CSR6 0x20e0000)
    [    5.257056] NETDEV WATCHDOG: eth0: transmit timed out
    [    5.258604] 0000:00:05.0: tulip_stop_rxtx() failed (CSR5 0xfc540400 CSR6 0x20e0000)
    [   13.256972] NETDEV WATCHDOG: eth0: transmit timed out
    [   13.258516] 0000:00:05.0: tulip_stop_rxtx() failed (CSR5 0xfc540400 CSR6 0x20e0000)
    [    4.077027] NETDEV WATCHDOG: eth0: transmit timed out
    [    4.078575] 0000:00:05.0: tulip_stop_rxtx() failed (CSR5 0xfc540400 CSR6 0x20e0000)
    [   12.076946] NETDEV WATCHDOG: eth0: transmit timed out
    [   12.078495] 0000:00:05.0: tulip_stop_rxtx() failed (CSR5 0xfc540400 CSR6 0x20e0000)
    [    2.896998] NETDEV WATCHDOG: eth0: transmit timed out
    [    2.898543] 0000:00:05.0: tulip_stop_rxtx() failed (CSR5 0xfc540400 CSR6 0x20e0000)
    [   10.896918] NETDEV WATCHDOG: eth0: transmit timed out
    [   10.898464] 0000:00:05.0: tulip_stop_rxtx() failed (CSR5 0xfc540400 CSR6 0x20e0000)
    [    1.716966] NETDEV WATCHDOG: eth0: transmit timed out
    [    1.718511] 0000:00:05.0: tulip_stop_rxtx() failed (CSR5 0xfc540400 CSR6 0x20e0000)
    [    9.716890] NETDEV WATCHDOG: eth0: transmit timed out
    [    9.718438] 0000:00:05.0: tulip_stop_rxtx() failed (CSR5 0xfc540400 CSR6 0x20e0000)
    [    0.536943] NETDEV WATCHDOG: eth0: transmit timed out
    [    0.538493] 0000:00:05.0: tulip_stop_rxtx() failed (CSR5 0xfc540400 CSR6 0x20e0000)
    [    8.536865] NETDEV WATCHDOG: eth0: transmit timed out
    [    8.538406] 0000:00:05.0: tulip_stop_rxtx() failed (CSR5 0xfc540400 CSR6 0x20e0000)
    [   16.536785] NETDEV WATCHDOG: eth0: transmit timed out
    [   16.538333] 0000:00:05.0: tulip_stop_rxtx() failed (CSR5 0xfc540400 CSR6 0x20e0000)
    [    7.356833] NETDEV WATCHDOG: eth0: transmit timed out
    [    7.358376] 0000:00:05.0: tulip_stop_rxtx() failed (CSR5 0xfc540400 CSR6 0x20e0000)
    [   15.356758] NETDEV WATCHDOG: eth0: transmit timed out
    [   15.358307] 0000:00:05.0: tulip_stop_rxtx() failed (CSR5 0xfc540400 CSR6 0x20e0000)
    [    6.176806] NETDEV WATCHDOG: eth0: transmit timed out
    [    6.178352] 0000:00:05.0: tulip_stop_rxtx() failed (CSR5 0xfc540400 CSR6 0x20e0000)
    [   14.176727] NETDEV WATCHDOG: eth0: transmit timed out
    [   14.178272] 0000:00:05.0: tulip_stop_rxtx() failed (CSR5 0xfc540400 CSR6 0x20e0000)
    [    4.996779] NETDEV WATCHDOG: eth0: transmit timed out
    [    4.998319] 0000:00:05.0: tulip_stop_rxtx() failed (CSR5 0xfc540400 CSR6 0x20e0000)
    [   12.996699] NETDEV WATCHDOG: eth0: transmit timed out
    [   12.998242] 0000:00:05.0: tulip_stop_rxtx() failed (CSR5 0xfc540400 CSR6 0x20e0000)
    [    3.816750] NETDEV WATCHDOG: eth0: transmit timed out
    [    3.818287] 0000:00:05.0: tulip_stop_rxtx() failed (CSR5 0xfc540400 CSR6 0x20e0000)
    [   11.816671] NETDEV WATCHDOG: eth0: transmit timed out
    [   11.818213] 0000:00:05.0: tulip_stop_rxtx() failed (CSR5 0xfc540400 CSR6 0x20e0000)
    [    2.636722] NETDEV WATCHDOG: eth0: transmit timed out
    [    2.638259] 0000:00:05.0: tulip_stop_rxtx() failed (CSR5 0xfc540400 CSR6 0x20e0000)
    [   10.636643] NETDEV WATCHDOG: eth0: transmit timed out
    [   10.638184] 0000:00:05.0: tulip_stop_rxtx() failed (CSR5 0xfc540400 CSR6 0x20e0000)
    [    1.456699] NETDEV WATCHDOG: eth0: transmit timed out
    [    1.458250] 0000:00:05.0: tulip_stop_rxtx() failed (CSR5 0xfc540400 CSR6 0x20e0000)
    [    9.456621] NETDEV WATCHDOG: eth0: transmit timed out
    [    9.458172] 0000:00:05.0: tulip_stop_rxtx() failed (CSR5 0xfc540400 CSR6 0x20e0000)
    [    0.276670] NETDEV WATCHDOG: eth0: transmit timed out
    [    0.278218] 0000:00:05.0: tulip_stop_rxtx() failed (CSR5 0xfc540400 CSR6 0x20e0000)
    [    8.276590] NETDEV WATCHDOG: eth0: transmit timed out
    [    8.278133] 0000:00:05.0: tulip_stop_rxtx() failed (CSR5 0xfc540400 CSR6 0x20e0000)
    [   16.276512] NETDEV WATCHDOG: eth0: transmit timed out
    [   16.278059] 0000:00:05.0: tulip_stop_rxtx() failed (CSR5 0xfc540400 CSR6 0x20e0000)
    [    7.096565] NETDEV WATCHDOG: eth0: transmit timed out
    [    7.098114] 0000:00:05.0: tulip_stop_rxtx() failed (CSR5 0xfc540400 CSR6 0x20e0000)
    [   15.096482] NETDEV WATCHDOG: eth0: transmit timed out
    [   15.098024] 0000:00:05.0: tulip_stop_rxtx() failed (CSR5 0xfc540400 CSR6 0x20e0000)
    [    5.916533] NETDEV WATCHDOG: eth0: transmit timed out
    [    5.918075] 0000:00:05.0: tulip_stop_rxtx() failed (CSR5 0xfc540400 CSR6 0x20e0000)
    [   13.916453] NETDEV WATCHDOG: eth0: transmit timed out
    [   13.917994] 0000:00:05.0: tulip_stop_rxtx() failed (CSR5 0xfc540400 CSR6 0x20e0000)
    [    4.736504] NETDEV WATCHDOG: eth0: transmit timed out
    [    4.738041] 0000:00:05.0: tulip_stop_rxtx() failed (CSR5 0xfc540400 CSR6 0x20e0000)
    [   12.736425] NETDEV WATCHDOG: eth0: transmit timed out
    [   12.737962] 0000:00:05.0: tulip_stop_rxtx() failed (CSR5 0xfc540400 CSR6 0x20e0000)
    [    3.556477] NETDEV WATCHDOG: eth0: transmit timed out
    [    3.558017] 0000:00:05.0: tulip_stop_rxtx() failed (CSR5 0xfc540400 CSR6 0x20e0000)
    [   11.556398] NETDEV WATCHDOG: eth0: transmit timed out
    [   11.557937] 0000:00:05.0: tulip_stop_rxtx() failed (CSR5 0xfc540400 CSR6 0x20e0000)
    [    2.376449] NETDEV WATCHDOG: eth0: transmit timed out
    [    2.377987] 0000:00:05.0: tulip_stop_rxtx() failed (CSR5 0xfc540400 CSR6 0x20e0000)
    [   10.376370] NETDEV WATCHDOG: eth0: transmit timed out
    [   10.377908] 0000:00:05.0: tulip_stop_rxtx() failed (CSR5 0xfc540400 CSR6 0x20e0000)
    [    1.196423] NETDEV WATCHDOG: eth0: transmit timed out
    [    1.197965] 0000:00:05.0: tulip_stop_rxtx() failed (CSR5 0xfc540400 CSR6 0x20e0000)
    [    9.196350] NETDEV WATCHDOG: eth0: transmit timed out
    [    9.197900] 0000:00:05.0: tulip_stop_rxtx() failed (CSR5 0xfc540400 CSR6 0x20e0000)
    [    0.016398] NETDEV WATCHDOG: eth0: transmit timed out
    [    0.017948] 0000:00:05.0: tulip_stop_rxtx() failed (CSR5 0xfc540400 CSR6 0x20e0000)
    [    8.016318] NETDEV WATCHDOG: eth0: transmit timed out
    [    8.017869] 0000:00:05.0: tulip_stop_rxtx() failed (CSR5 0xfc540400 CSR6 0x20e0000)
    [   16.016237] NETDEV WATCHDOG: eth0: transmit timed out
    [   16.017779] 0000:00:05.0: tulip_stop_rxtx() failed (CSR5 0xfc540400 CSR6 0x20e0000)
    [    6.836289] NETDEV WATCHDOG: eth0: transmit timed out
    [    6.837830] 0000:00:05.0: tulip_stop_rxtx() failed (CSR5 0xfc540400 CSR6 0x20e0000)
    [   14.439922] eth0: Out-of-sync dirty pointer, 16 vs. 86.
    root@brol:~# lspci
    0000:00:00.0 Host bridge: Sun Microsystems Computer Corp. Ultra IIe
    0000:00:03.0 Non-VGA unclassified device: ALi Corporation M7101 Power Management Controller [PMU]
    0000:00:05.0 Ethernet controller: Davicom Semiconductor, Inc. 21x4x DEC-Tulip compatible 10/100 Ethernet (rev 31)
    0000:00:07.0 ISA bridge: ALi Corporation M1533 PCI to ISA Bridge [Aladdin IV]
    0000:00:0a.0 USB Controller: ALi Corporation USB 1.1 Controller (rev 03)
    0000:00:0c.0 Ethernet controller: Davicom Semiconductor, Inc. 21x4x DEC-Tulip compatible 10/100 Ethernet (rev 31)
    0000:00:0d.0 IDE interface: ALi Corporation M5229 IDE (rev c3)
    root@brol:~# lspi
    [Kci -v
    0000:00:00.0 Host bridge: Sun Microsystems Computer Corp. Ultra IIe
    	Flags: bus master, 66MHz, medium devsel, latency 40
    0000:00:03.0 Non-VGA unclassified device: ALi Corporation M7101 Power Management Controller [PMU]
    	Flags: medium devsel
    0000:00:05.0 Ethernet controller: Davicom Semiconductor, Inc. 21x4x DEC-Tulip compatible 10/100 Ethernet (rev 31)
    	Flags: bus master, medium devsel, latency 160, IRQ 7616512
    	I/O ports at 2010100 [size=256]
    	Memory at 000001ff00002000 (32-bit, non-prefetchable) [size=256]
    	Expansion ROM at 0000000000100000 [disabled] [size=256K]
    	Capabilities: [50] Power Management version 2
    0000:00:07.0 ISA bridge: ALi Corporation M1533 PCI to ISA Bridge [Aladdin IV]
    	Subsystem: ALi Corporation ALI M1533 Aladdin IV ISA Bridge
    	Flags: bus master, medium devsel, latency 0
    	Capabilities: [a0] Power Management version 1
    0000:00:0a.0 USB Controller: ALi Corporation USB 1.1 Controller (rev 03) (prog-if 10 [OHCI])
    	Flags: bus master, medium devsel, latency 32, IRQ 7616768
    	Memory at 000001ff01000000 (32-bit, non-prefetchable) [size=4K]
    	Capabilities: [60] Power Management version 2
    0000:00:0c.0 Ethernet controller: Davicom Semiconductor, Inc. 21x4x DEC-Tulip compatible 10/100 Ethernet (rev 31)
    	Flags: bus master, medium devsel, latency 160, IRQ 7615808
    	I/O ports at 2010000 [size=256]
    	[virtual] Memory at 000001ff00000000 (32-bit, non-prefetchable) [size=256]
    	Expansion ROM at 0000000000040000 [disabled] [size=256K]
    	Capabilities: [50] Power Management version 2
    0000:00:0d.0 IDE interface: ALi Corporation M5229 IDE (rev c3) (prog-if ff)
    	Flags: bus master, medium devsel, latency 16, IRQ 7616000
    	I/O ports at 2010200 [size=8]
    	I/O ports at 2010218 [size=4]
    	I/O ports at 2010210 [size=8]
    	I/O ports at 2010208 [size=4]
    	I/O ports at 2010220 [size=16]
    	Capabilities: [60] Power Management version 2
    root@brol:~# lspci -vv
    0000:00:00.0 Host bridge: Sun Microsystems Computer Corp. Ultra IIe
    	Control: I/O- Mem+ BusMaster+ SpecCycle- MemWINV- VGASnoop- ParErr+ Stepping- SERR+ FastB2B-
    	Status: Cap- 66MHz+ UDF- FastB2B+ ParErr- DEVSEL=medium >TAbort- <TAbort- <MAbort+ >SERR- <PERR-
    	Latency: 40
    0000:00:03.0 Non-VGA unclassified device: ALi Corporation M7101 Power Management Controller [PMU]
    	Control: I/O- Mem- BusMaster- SpecCycle- MemWINV- VGASnoop- ParErr- Stepping- SERR- FastB2B-
    	Status: Cap- 66MHz- UDF- FastB2B- ParErr- DEVSEL=medium >TAbort- <TAbort- <MAbort- >SERR- <PERR-
    0000:00:05.0 Ethernet controller: Davicom Semiconductor, Inc. 21x4x DEC-Tulip compatible 10/100 Ethernet (rev 31)
    	Control: I/O+ Mem+ BusMaster+ SpecCycle- MemWINV- VGASnoop- ParErr+ Stepping- SERR+ FastB2B-
    	Status: Cap+ 66MHz- UDF- FastB2B- ParErr- DEVSEL=medium >TAbort- <TAbort- <MAbort- >SERR- <PERR-
    	Latency: 160 (5000ns min, 10000ns max)
    	Interrupt: pin A routed to IRQ 7616512
    	Region 0: I/O ports at 2010100 [size=256]
    	Region 1: Memory at 000001ff00002000 (32-bit, non-prefetchable) [size=256]
    	Expansion ROM at 0000000000100000 [disabled] [size=256K]
    	Capabilities: [50] Power Management version 2
    		Flags: PMEClk- DSI+ D1- D2- AuxCurrent=220mA PME(D0-,D1-,D2-,D3hot+,D3cold+)
    		Status: D0 PME-Enable- DSel=0 DScale=0 PME-
    0000:00:07.0 ISA bridge: ALi Corporation M1533 PCI to ISA Bridge [Aladdin IV]
    	Subsystem: ALi Corporation ALI M1533 Aladdin IV ISA Bridge
    	Control: I/O+ Mem+ BusMaster+ SpecCycle+ MemWINV- VGASnoop- ParErr- Stepping- SERR- FastB2B-
    	Status: Cap+ 66MHz- UDF- FastB2B- ParErr- DEVSEL=medium >TAbort- <TAbort- <MAbort- >SERR- <PERR-
    	Latency: 0
    	Capabilities: [a0] Power Management version 1
    		Flags: PMEClk- DSI- D1- D2- AuxCurrent=0mA PME(D0-,D1-,D2-,D3hot-,D3cold-)
    		Status: D0 PME-Enable- DSel=0 DScale=0 PME-
    0000:00:0a.0 USB Controller: ALi Corporation USB 1.1 Controller (rev 03) (prog-if 10 [OHCI])
    	Control: I/O- Mem+ BusMaster+ SpecCycle- MemWINV- VGASnoop- ParErr- Stepping- SERR- FastB2B-
    	Status: Cap+ 66MHz- UDF- FastB2B+ ParErr- DEVSEL=medium >TAbort- <TAbort- <MAbort- >SERR- <PERR-
    	Latency: 32 (20000ns max)
    	Interrupt: pin A routed to IRQ 7616768
    	Region 0: Memory at 000001ff01000000 (32-bit, non-prefetchable) [size=4K]
    	Capabilities: [60] Power Management version 2
    		Flags: PMEClk- DSI- D1- D2- AuxCurrent=0mA PME(D0-,D1-,D2-,D3hot-,D3cold-)
    		Status: D0 PME-Enable- DSel=0 DScale=0 PME-
    0000:00:0c.0 Ethernet controller: Davicom Semiconductor, Inc. 21x4x DEC-Tulip compatible 10/100 Ethernet (rev 31)
    	Control: I/O+ Mem+ BusMaster+ SpecCycle- MemWINV- VGASnoop- ParErr+ Stepping- SERR+ FastB2B-
    	Status: Cap+ 66MHz- UDF- FastB2B- ParErr- DEVSEL=medium >TAbort- <TAbort- <MAbort- >SERR- <PERR-
    	Latency: 160 (5000ns min, 10000ns max)
    	Interrupt: pin A routed to IRQ 7615808
    	Region 0: I/O ports at 2010000 [size=256]
    	Region 1: [virtual] Memory at 000001ff00000000 (32-bit, non-prefetchable) [size=256]
    	Expansion ROM at 0000000000040000 [disabled] [size=256K]
    	Capabilities: [50] Power Management version 2
    		Flags: PMEClk- DSI+ D1- D2- AuxCurrent=220mA PME(D0-,D1-,D2-,D3hot+,D3cold+)
    		Status: D0 PME-Enable- DSel=0 DScale=0 PME-
    0000:00:0d.0 IDE interface: ALi Corporation M5229 IDE (rev c3) (prog-if ff)
    	Control: I/O+ Mem- BusMaster+ SpecCycle- MemWINV- VGASnoop- ParErr- Stepping- SERR- FastB2B-
    	Status: Cap+ 66MHz- UDF- FastB2B+ ParErr- DEVSEL=medium >TAbort- <TAbort- <MAbort- >SERR- <PERR-
    	Latency: 16 (500ns min, 1000ns max)
    	Interrupt: pin A routed to IRQ 7616000
    	Region 0: I/O ports at 2010200 [size=8]
    	Region 1: I/O ports at 2010218 [size=4]
    	Region 2: I/O ports at 2010210 [size=8]
    	Region 3: I/O ports at 2010208 [size=4]
    	Region 4: I/O ports at 2010220 [size=16]
    	Capabilities: [60] Power Management version 2
    		Flags: PMEClk- DSI- D1- D2- AuxCurrent=0mA PME(D0-,D1-,D2-,D3hot-,D3cold-)
    		Status: D0 PME-Enable- DSel=0 DScale=0 PME-
    root@brol:~# ps a
    [Kls
    [mroot@brol:~# ifconfig
    eth0      Link encap:Ethernet  HWaddr 00:03:BA:27:86:F4  
              inet addr:10.0.0.1  Bcast:10.255.255.255  Mask:255.0.0.0
              UP BROADCAST RUNNING MULTICAST  MTU:1500  Metric:1
