
soho> °3@ Ë†°õ“ÜLinkn
Link Up (0ad0141b
EAC addre:97:092.168
t(otstrapugonmenase, version S000.9016 ilt 21, Apr  4link , 20ed Hat, rnal PC
Processor: SL3316a3
IDE0bl    BckHztio:
R00-00000-00 ae
F: 0x700000000x70800000, ks of00s 
teo bo w3 s ..
enr Ct+C aoongitn 3econ ...
Star572864 bm 0x70000 
Start Copy 2097152 bytes from0 t0x8000omng Linux.................................................................................. dinux ils (root@ccon 3u 20:37:0506
CPU: FA52Xidision 1 (ARMv4)
CPU0acU0: I ca: 81ivity 2, 16 be: bytes, ivity 2yte lines, 128 sets
Machine:rd31Igngecd x0000000y policisablezonelv/ram0 rw console=ttySL0,190 ini0016M
PID hash tablees: 512 r: 9, ytMHz(3/2)
Consslonsole s
ry cac: 4, 6553tes)
Idehe h tabes: 8192 (order: 3, 3es 64MB to216KB av4K dat92K init)
Mntheash tablntri(ord0, 96: g wte buffecohey:n_hed_ta(0000d cp 3/000tirqeddlb000000
cheg imistr..es td arted uit't cmagicooks l initrd
Freeing initrd me 1NET: Register
PCIs edCSbsm izure: sternew  unew driver hub
sl2312 Gpio inO initial  Pnt Emulator V0.97 (recision)
VFistat_he htablntri1024der 4096es)
sllin(copyrig1996 okir@monad.swb.ddrer 2.1.22 [Flags: R/O].
Initializing Cryptographic API
ipsec_ptograplerator 
ipsec tx_desc = ffc00000
ipsec r f
ipsec txc_dma = 0ipsec rxdma = 01Reame Clock D
Storlink Power Co at MMIO 0000 (irq = 6) is a SL231io scheler op registered
RAMDIlized: 4 ize 1024 blocksi
rmlatfor: Assum bus speed for O modes; overrih idebide 1: physical 0000, virtual =480e000, irq = 3
    ide0: MMMAettings: hda:pio, hdb:pio
SL2312 MTD erTD Driveci sl23 new USB, assignumber 1
hub 1-0:1.0: hub found
hub 1-0:1.0: 1 po dd
usbc regred  driusblriverb/clp..1 P D Crir
IliSBs Stri
reegredrsborUasto srtisedmice: PS/2 mouse device common fomi
T:tero Hashables configured (establishedbind 892)
rotocol faNgistered protocol family 17
NET: gistered protocol family 15
802.1Q VLAN Support v1.8 Ben Greear <greearb@cans added by S. Miller <davc_init_mule:EMAC itialid for I Driver.
DrngISGceksum feature.
Configure 1
SuPIr. DropIFsie ec ftuonguVI2
et idfiffM6not d
RAK:esimand ablocMounting proc filesystem...
2.6.10_dev-versatile926ejs
Mounting tmpfs to copy file from flash...
2.6.10_dev-versatile926ejs
HardDiskBootUp=NO
Boot up from flash
Checking and Mounting filesystem(s) ...
Copy hddapp.bz2 from flash to Ramdisk...
ﬁ◊Î˛ˇ˜ˇ˜øﬂ˛ˇΩÏÏü≠è«}Ãﬁçç«˜ÁﬁüﬂÁçÆÁ„åç÷ùÔ∆ˆ∆ˇ∆¸ﬁˇåÔ˜∆8192+0 records in
8192+0 records out




2.6.10_dev-versatile926ejs
Using /lib/modules/loop.ko
loop: loaded (max 8 devices)
2.6.10_dev-versatile926ejs
SkinnyNAS found, mount /system
check disk test...........
e2fsck 1.38 (30-Jun-2005)
e2fsck: No such device or address while trying to open /dev/hda1
Possibly non-existent or swap device?
return value=8
mount: Mounting /dev/md0 on /system failed: No such device or address
SkinnyNAS found, mount /system
check disk test...........
e2fsck 1.38 (30-Jun-2005)
e2fsck: No such device or address while trying to open /dev/hda1
Possibly non-existent or swap device?
return value=8
mount: Mounting /dev/hda1 on /system failed: No such device or address
SkinnyNAS found, mount /system
check disk test...........
e2fsck 1.38 (30-Jun-2005)
e2fsck: No such device or address while trying to open /dev/hda1
Possibly non-existent or swap device?
return value=8
mount: Mounting /dev/hdb1 on /system failed: No such device or address
SkinnyNAS found, mount /system
check disk test...........
e2fsck 1.38 (30-Jun-2005)
e2fsck: No such device or address while trying to open /dev/hda1
Possibly non-existent or swap device?
return value=8
mount: Mounting /dev/hdc1 on /system failed: No such device or address
SkinnyNAS found, mount /system
check disk test...........
e2fsck 1.38 (30-Jun-2005)
e2fsck: No such device or address while trying to open /dev/hda1
Possibly non-existent or swap device?
return value=8
mount: Mounting /dev/hdd1 on /system failed: No such device or address
SkinnyNAS found, mount /system
check disk test...........
e2fsck 1.38 (30-Jun-2005)
e2fsck: No such device or address while trying to open /dev/hda1
Possibly non-existent or swap device?
return value=8
mount: Mounting /dev/sda1 on /system failed: No such device or address
SkinnyNAS found, mount /system
check disk test...........
e2fsck 1.38 (30-Jun-2005)
e2fsck: No such device or address while trying to open /dev/hda1
Possibly non-existent or swap device?
return value=8
mount: Mounting /dev/sdb1 on /system failed: No such device or address
SkinnyNAS found, mount /system
check disk test...........
e2fsck 1.38 (30-Jun-2005)
e2fsck: No such device or address while trying to open /dev/hda1
Possibly non-existent or swap device?
return value=8
mount: Mounting /dev/sdc1 on /system failed: No such device or address
SkinnyNAS found, mount /system
check disk test...........
e2fsck 1.38 (30-Jun-2005)
e2fsck: No such device or address while trying to open /dev/hda1
Possibly non-existent or swap device?
return value=8
mount: Mounting /dev/sdd1 on /system failed: No such device or address
mounted device=
2.6.10_dev-versatile926ejs
Umount tmpfs...

*************************
*	tx_desc = ffc05000
*	rx_desc = ffc07000
*	tx_desc_dma = 02a2c000
*	rx_desc_dma = 02f0b000
*************************

Link Down (7849) reg_val = 0 
Flow Control Disable. 
Storlink eth0 address = 00189700141b
Disable MAC Flow Control...
2.6.10_dev-versatile926ejs
Using /lib/modules/rt2561ap.ko
rt2561ap: module license 'unspecified' taints kernel.
Starting syslogd...
Starting inetd...
Starting crond...

Running constructor /usr/sausalito/constructor/00_construct_start
Running constructor /usr/sausalito/constructor/01_construct_network







sohonas login: 
sohonas login: 
sohonas login: root


BusyBox v1.00-rc3 (2006.07.06-12:37+0000) Built-in shell (ash)
Enter 'help' for a list of built-in commands.

sohonas> help

Built-in commands:
-------------------
	. : alias bg break cd chdir continue eval exec exit export false
	fg hash help jobs kill let local pwd read readonly return set
	shift times trap true type ulimit umask unalias unset wait

sohonas> ps
  PID  Uid     VmSize Stat Command
    1 root        540 S   init       
    2 root            SW< [ksoftirqd/0]
    3 root            SW< [desched/0]
    4 root            SW< [events/0]
    5 root            SW< [khelper]
   10 root            SW< [kthread]
   21 root            SW< [kblockd/0]
   34 root            SW  [khubd]
   75 root            SW  [pdflush]
   76 root            SW  [pdflush]
   78 root            SW< [aio/0]
   77 root            SW  [kswapd0]
  871 root            SW  [eth0]
  892 root       1076 S   /usr/sausalito/sbin/cced 
  906 root        728 S   /sbin/syslogd 
  910 root        608 S   /usr/sbin/inetd 
  913 root        544 S   /usr/sbin/crond 
  953 root        704 S   -ash 
  973 root        612 S   /sbin/mDNSResponderPosix -n sohonas -t _http._tcp. -p
  979 root        636 R   ps 
sohonas> top
-ash: top: not found
sohonas> cd  cat /proc/cpuinfo
Processor	: FA52Xid(wb) rev 1 (v4l)
BogoMIPS	: 64.71
Features	: swp half thumb 
CPU implementer	: 0x66
CPU architecture: 4
CPU variant	: 0x0
CPU part	: 0x526
CPU revision	: 1
Cache type	: write-back
Cache clean	: cp15 c7 ops
Cache lockdown	: format B
Cache format	: Harvard
I size		: 8192
I assoc		: 2
I line length	: 16
I sets		: 256
D size		: 4096
D assoc		: 2
D line length	: 16
D sets		: 128

Hardware	: Sword sl2312
Revision	: 0000
Serial		: 0000000000000000
sohonas> cat /proc/mem[9Dsohonas> cat /proc/meminfo [J
MemTotal:        61776 kB
MemFree:         32336 kB
Buffers:         16384 kB
Cached:           7528 kB
SwapCached:          0 kB
Active:           4032 kB
Inactive:        20996 kB
HighTotal:           0 kB
HighFree:            0 kB
LowTotal:        61776 kB
LowFree:         32336 kB
SwapTotal:           0 kB
SwapFree:            0 kB
Dirty:             232 kB
Writeback:           0 kB
Mapped:           2352 kB
Slab:             3360 kB
CommitLimit:     30888 kB
Committed_AS:     3860 kB
PageTables:        124 kB
VmallocTotal:   188416 kB
VmallocUsed:      8528 kB
VmallocChunk:  4104192 kB
sohonas> cd /proc [4Dsohonas> cd /proc/[Jbu[8Dsohonas> cd /proc/bus/[Jus[12Dsohonas> cd /proc/bus/usb/[J[14Dsohonas> cd /proc/bus/usb/001/[Jde      [14Dsohonas> cd /proc/bus/usb/001/[J [17Dsohonas> cd /proc/bus/usb/001/[J001/
sohonas> ls
001
sohonas> cat 00sohonas> cat 001 [J
	      	  ¿ 	  	   Å ˇsohonas> ls
001
sohonas> ls
001
sohonas> cd /pro[4Dsohonas> cd /proc/[Jus
cd: 11: can't cd to /proc/us
sohonas> sohonas> cd /proc/us[Jb   bus[9Dsohonas> cd /proc/bus/[J
sohonas> ls
usb    input  pci
sohonas> cd pcisohonas> cd pci/[J
sohonas> ls
devices  00
sohonas> cat desohonas> cat devices [J
0000	159b4321	44	00000000	00000000	00000000	00000000	00000000	00000000	00000000	00000000	00000000	00000000	00000000	00000000	00000000	00000000	
sohonas> ls
devices  00
sohonas> ps
  PID  Uid     VmSize Stat Command
    1 root        540 S   init       
    2 root            SW< [ksoftirqd/0]
    3 root            SW< [desched/0]
    4 root            SW< [events/0]
    5 root            SW< [khelper]
   10 root            SW< [kthread]
   21 root            SW< [kblockd/0]
   34 root            SW  [khubd]
   75 root            SW  [pdflush]
   76 root            SW  [pdflush]
   78 root            SW< [aio/0]
   77 root            SW  [kswapd0]
  871 root            SW  [eth0]
  892 root       1076 S   /usr/sausalito/sbin/cced 
  906 root        732 S   /sbin/syslogd 
  910 root        608 S   /usr/sbin/inetd 
  913 root        544 S   /usr/sbin/crond 
  953 root        800 S   -ash 
  973 root        612 S   /sbin/mDNSResponderPosix -n sohonas -t _http._tcp. -p
  990 root        636 R   ps 
sohonas> lsp   cat     ls
devices  00
sohonas> cd ..
sohonas> ls
usb    input  pci
sohonas> cd ussohonas> cd usb/[J
sohonas> ls
devices  001
sohonas> cd  cat desohonas> cat devices [J

T:  Bus=01 Lev=00 Prnt=00 Port=00 Cnt=00 Dev#=  1 Spd=12  MxCh= 1
B:  Alloc=  0/900 us ( 0%), #Int=  0, #Iso=  0
D:  Ver= 1.10 Cls=09(hub  ) Sub=00 Prot=00 MxPS= 8 #Cfgs=  1
P:  Vendor=0000 ProdID=0000 Rev= 2.06
S:  Manufacturer=Linux 2.6.10_dev-versatile926ejs ohci_hcd
S:  Product=sl2312 OHCI
S:  SerialNumber=sl2312
C:* #Ifs= 1 Cfg#= 1 Atr=c0 MxPwr=  0mA
I:  If#= 0 Alt= 0 #EPs= 1 Cls=09(hub  ) Sub=00 Prot=00 Driver=hub
E:  Ad=81(I) Atr=03(Int.) MxPS=   2 Ivl=255ms

sohonas> 
sohonas> sohonas> cat devices [Jusb 1-1: new full speed USB device using sl2312-ohci and address 2
scsi0 : SCSI emulation for USB Mass Storage devices


T:  Bus=01 Lev=00 Prnt=00 Port=00 Cnt=00 Dev#=  1 Spd=12  MxCh= 1
B:  Alloc=  0/900 us ( 0%), #Int=  0, #Iso=  0
D:  Ver= 1.10 Cls=09(hub  ) Sub=00 Prot=00 MxPS= 8 #Cfgs=  1
P:  Vendor=0000 ProdID=0000 Rev= 2.06
S:  Manufacturer=Linux 2.6.10_dev-versatile926ejs ohci_hcd
S:  Product=sl2312 OHCI
S:  SerialNumber=sl2312
C:* #Ifs= 1 Cfg#= 1 Atr=c0 MxPwr=  0mA
I:  If#= 0 Alt= 0 #EPs= 1 Cls=09(hub  ) Sub=00 Prot=00 Driver=hub
E:  Ad=81(I) Atr=03(Int.) MxPS=   2 Ivl=255ms

T:  Bus=01 Lev=01 Prnt=01 Port=00 Cnt=01 Dev#=  2 Spd=12  MxCh= 0
D:  Ver= 2.00 Cls=00(>ifc ) Sub=00 Prot=00 MxPS=64 #Cfgs=  1
P:  Vendor=090c ProdID=1000 Rev=11.00
S:  Manufacturer=USB
S:  Product=Flash Disk
S:  SerialNumber=FB08091700107055
C:* #Ifs= 1 Cfg#= 1 Atr=80 MxPwr=100mA
I:  If#= 0 Alt= 0 #EPs= 2 Cls=08(stor.) Sub=06 Prot=50 Driver=usb-storage
E:  Ad=81(I) Atr=02(Bulk) MxPS=  64 Ivl=0ms
E:  Ad=02(O) Atr=02(Bulk) MxPS=  64 Ivl=0ms
sohonas> sohonas> cat devices [J

T:  Bus=01 Lev=00 Prnt=00 Port=00 Cnt=00 Dev#=  1 Spd=12  MxCh= 1
B:  Alloc=  0/900 us ( 0%), #Int=  0, #Iso=  0
D:  Ver= 1.10 Cls=09(hub  ) Sub=00 Prot=00 MxPS= 8 #Cfgs=  1
P:  Vendor=0000 ProdID=0000 Rev= 2.06
S:  Manufacturer=Linux 2.6.10_dev-versatile926ejs ohci_hcd
S:  Product=sl2312 OHCI
S:  SerialNumber=sl2312
C:* #Ifs= 1 Cfg#= 1 Atr=c0 MxPwr=  0mA
I:  If#= 0 Alt= 0 #EPs= 1 Cls=09(hub  ) Sub=00 Prot=00 Driver=hub
E:  Ad=81(I) Atr=03(Int.) MxPS=   2 Ivl=255ms

T:  Bus=01 Lev=01 Prnt=01 Port=00 Cnt=01 Dev#=  2 Spd=12  MxCh= 0
D:  Ver= 2.00 Cls=00(>ifc ) Sub=00 Prot=00 MxPS=64 #Cfgs=  1
P:  Vendor=090c ProdID=1000 Rev=11.00
S:  Manufacturer=USB
S:  Product=Flash Disk
S:  SerialNumber=FB08091700107055
C:* #Ifs= 1 Cfg#= 1 Atr=80 MxPwr=100mA
I:  If#= 0 Alt= 0 #EPs= 2 Cls=08(stor.) Sub=06 Prot=50 Driver=usb-storage
E:  Ad=81(I) Atr=02(Bulk) MxPS=  64 Ivl=0ms
E:  Ad=02(O) Atr=02(Bulk) MxPS=  64 Ivl=0ms
sohonas> elevator: using noop as default io scheduler
  Vendor: USB       Model: Flash Disk        Rev: 1100
  Type:   Direct-Access                      ANSI SCSI revision: 00
SCSI device sda: 978944 512-byte hdwr sectors (501 MB)
sda: assuming drive cache: write through
SCSI device sda: 978944 512-byte hdwr sectors (501 MB)
sda: assuming drive cache: write through
 sda: sda1
Attached scsi disk sda at scsi0, channel 0, id 0, lun 0

sohonas> mount
usbfs on /proc/bus/usb type usbfs (rw)
sohonas> cd /oro   pri o[4Dsohonas> cd /proc/[Jbus[9Dsohonas> cd /proc/bus/[Jus[12Dsohonas> cd /proc/bus/usb/[J
sohonas> ls
devices  001
sohonas> cd    ls
devices  001
sohonas> cat desohonas> cat devices [J

T:  Bus=01 Lev=00 Prnt=00 Port=00 Cnt=00 Dev#=  1 Spd=12  MxCh= 1
B:  Alloc=  0/900 us ( 0%), #Int=  0, #Iso=  0
D:  Ver= 1.10 Cls=09(hub  ) Sub=00 Prot=00 MxPS= 8 #Cfgs=  1
P:  Vendor=0000 ProdID=0000 Rev= 2.06
S:  Manufacturer=Linux 2.6.10_dev-versatile926ejs ohci_hcd
S:  Product=sl2312 OHCI
S:  SerialNumber=sl2312
C:* #Ifs= 1 Cfg#= 1 Atr=c0 MxPwr=  0mA
I:  If#= 0 Alt= 0 #EPs= 1 Cls=09(hub  ) Sub=00 Prot=00 Driver=hub
E:  Ad=81(I) Atr=03(Int.) MxPS=   2 Ivl=255ms

T:  Bus=01 Lev=01 Prnt=01 Port=00 Cnt=01 Dev#=  2 Spd=12  MxCh= 0
D:  Ver= 2.00 Cls=00(>ifc ) Sub=00 Prot=00 MxPS=64 #Cfgs=  1
P:  Vendor=090c ProdID=1000 Rev=11.00
S:  Manufacturer=USB
S:  Product=Flash Disk
S:  SerialNumber=FB08091700107055
C:* #Ifs= 1 Cfg#= 1 Atr=80 MxPwr=100mA
I:  If#= 0 Alt= 0 #EPs= 2 Cls=08(stor.) Sub=06 Prot=50 Driver=usb-storage
E:  Ad=81(I) Atr=02(Bulk) MxPS=  64 Ivl=0ms
E:  Ad=02(O) Atr=02(Bulk) MxPS=  64 Ivl=0ms
sohonas> mount
usbfs on /proc/bus/usb type usbfs (rw)
sohonas> help

Built-in commands:
-------------------
	. : alias bg break cd chdir continue eval exec exit export false
	fg hash help jobs kill let local pwd read readonly return set
	shift times trap true type ulimit umask unalias unset wait

sohonas> mount
usbfs on /proc/bus/usb type usbfs (rw)
sohonas> cd /bin[4Dsohonas> cd /bin/[J
sohonas> ls
touch     mount     mv        zcat      umount    echo      hostname
addgroup  ls        cat       date      ash       df        chmod
vi        ip        sh        false     gunzip    rm        login
chgrp     sleep     usleep    ping      kill      tar       sed
grep      sync      chown     pwd       cp        ps        uname
gzip      busybox   ln        mkdir     dd        adduser
sohonas> ls -al
lrwxrwxrwx    1 root     root            7 Jul  6  2006 touch -> busybox
lrwxrwxrwx    1 root     root            7 Jul  6  2006 addgroup -> busybox
lrwxrwxrwx    1 root     root            7 Jul  6  2006 vi -> busybox
lrwxrwxrwx    1 root     root            7 Jul  6  2006 chgrp -> busybox
lrwxrwxrwx    1 root     root            7 Jul  6  2006 grep -> busybox
lrwxrwxrwx    1 root     root            7 Jul  6  2006 gzip -> busybox
lrwxrwxrwx    1 root     root            7 Jul  6  2006 mount -> busybox
lrwxrwxrwx    1 root     root            7 Jul  6  2006 ls -> busybox
lrwxrwxrwx    1 root     root            7 Jul  6  2006 ip -> busybox
lrwxrwxrwx    1 root     root            7 Jul  6  2006 sleep -> busybox
lrwxrwxrwx    1 root     root            7 Jul  6  2006 sync -> busybox
-rwxr-xr-x    1 root     root       403656 Jul  6  2006 busybox
lrwxrwxrwx    1 root     root            7 Jul  6  2006 mv -> busybox
lrwxrwxrwx    1 root     root            7 Jul  6  2006 cat -> busybox
lrwxrwxrwx    1 root     root            7 Jul  6  2006 sh -> busybox
lrwxrwxrwx    1 root     root            7 Jul  6  2006 usleep -> busybox
lrwxrwxrwx    1 root     root            7 Jul  6  2006 chown -> busybox
lrwxrwxrwx    1 root     root            7 Jul  6  2006 ln -> busybox
lrwxrwxrwx    1 root     root            7 Jul  6  2006 zcat -> busybox
lrwxrwxrwx    1 root     root            7 Jul  6  2006 date -> busybox
lrwxrwxrwx    1 root     root            7 Jul  6  2006 false -> busybox
lrwxrwxrwx    1 root     root            7 Jul  6  2006 ping -> busybox
lrwxrwxrwx    1 root     root            7 Jul  6  2006 pwd -> busybox
lrwxrwxrwx    1 root     root            7 Jul  6  2006 mkdir -> busybox
lrwxrwxrwx    1 root     root            7 Jul  6  2006 umount -> busybox
lrwxrwxrwx    1 root     root            7 Jul  6  2006 ash -> busybox
lrwxrwxrwx    1 root     root            7 Jul  6  2006 gunzip -> busybox
lrwxrwxrwx    1 root     root            7 Jul  6  2006 kill -> busybox
lrwxrwxrwx    1 root     root            7 Jul  6  2006 cp -> busybox
lrwxrwxrwx    1 root     root            7 Jul  6  2006 dd -> busybox
lrwxrwxrwx    1 root     root            7 Jul  6  2006 echo -> busybox
lrwxrwxrwx    1 root     root            7 Jul  6  2006 df -> busybox
lrwxrwxrwx    1 root     root            7 Jul  6  2006 rm -> busybox
lrwxrwxrwx    1 root     root            7 Jul  6  2006 tar -> busybox
lrwxrwxrwx    1 root     root            7 Jul  6  2006 ps -> busybox
lrwxrwxrwx    1 root     root            7 Jul  6  2006 adduser -> busybox
lrwxrwxrwx    1 root     root            7 Jul  6  2006 hostname -> busybox
lrwxrwxrwx    1 root     root            7 Jul  6  2006 chmod -> busybox
lrwxrwxrwx    1 root     root            7 Jul  6  2006 login -> busybox
lrwxrwxrwx    1 root     root            7 Jul  6  2006 sed -> busybox
lrwxrwxrwx    1 root     root            7 Jul  6  2006 uname -> busybox
drwxr-xr-x   21 root     root         1024 Jan  1 00:01 ..
drwxr-xr-x    2 root     root         1024 Jul  6  2006 .
sohonas> unam[4Dsohonas> uname [J
Linux
sohonas> sohonas> uname [J-a
Linux sohonas 2.6.10_dev-versatile926ejs #1 Thu Jul 6 20:37:05 CST 2006 armv4tl unknown
sohonas> cat /pro[4Dsohonas> cat /proc/[Jver[9Dsohonas> cat /proc/version [J
Linux version 2.6.10_dev-versatile926ejs (root@vic-desktop) (gcc version 3.4.4) #1 Thu Jul 6 20:37:05 CST 2006
sohonas> dmesg
-ash: dmesg: not found
sohonas> cat /pro[4Dsohonas> cat /proc/[Jkm[8Dsohonas> cat /proc/kmsg [J
96 HOME=/ PATH=/sbin:/bin:/usr/sbin:/usr/bin ACTION=add DEVPATH=/class/netlink/ip6_fw SUBSYSTEM=netlink
<7>kobject_hotplug - call_usermodehelper returned -2
<7>kobject dnrtmsg: registering. parent: netlink, set: class_obj
<7>kobject_hotplug
<7>fill_kobj_path: path = '/class/netlink/dnrtmsg'
<7>kobject_hotplug: /sbin/hotplug netlink seq=697 HOME=/ PATH=/sbin:/bin:/usr/sbin:/usr/bin ACTION=add DEVPATH=/class/netlink/dnrtmsg SUBSYSTEM=netlink
<7>kobject_hotplug - call_usermodehelper returned -2
<7>kobject tap0: registering. parent: netlink, set: class_obj
<7>kobject_hotplug
<7>fill_kobj_path: path = '/class/netlink/tap0'
<7>kobject_hotplug: /sbin/hotplug netlink seq=698 HOME=/ PATH=/sbin:/bin:/usr/sbin:/usr/bin ACTION=add DEVPATH=/class/netlink/tap0 SUBSYSTEM=netlink
<7>kobject_hotplug - call_usermodehelper returned -2
<7>kobject tap1: registering. parent: netlink, set: class_obj
<7>kobject_hotplug
<7>fill_kobj_path: path = '/class/netlink/tap1'
<7>kobject_hotplug: /sbin/hotplug netlink seq=699 HOME=/ PATH=/sbin:/bin:/usr/sbin:/usr/bin ACTION=add DEVPATH=/class/netlink/tap1 SUBSYSTEM=netlink
<7>kobject_hotplug - call_usermodehelper returned -2
<7>kobject tap2: registering. parent: netlink, set: class_obj
<7>kobject_hotplug
<7>fill_kobj_path: path = '/class/netlink/tap2'
<7>kobject_hotplug: /sbin/hotplug netlink seq=700 HOME=/ PATH=/sbin:/bin:/usr/sbin:/usr/bin ACTION=add DEVPATH=/class/netlink/tap2 SUBSYSTEM=netlink
<7>kobject_hotplug - call_usermodehelper returned -2
<7>kobject tap3: registering. parent: netlink, set: class_obj
<7>kobject_hotplug
<7>fill_kobj_path: path = '/class/netlink/tap3'
<7>kobject_hotplug: /sbin/hotplug netlink seq=701 HOME=/ PATH=/sbin:/bin:/usr/sbin:/usr/bin ACTION=add DEVPATH=/class/netlink/tap3 SUBSYSTEM=netlink
<7>kobject_hotplug - call_usermodehelper returned -2
<7>kobject tap4: registering. parent: netlink, set: class_obj
<7>kobject_hotplug
<7>fill_kobj_path: path = '/class/netlink/tap4'
<7>kobject_hotplug: /sbin/hotplug netlink seq=702 HOME=/ PATH=/sbin:/bin:/usr/sbin:/usr/bin ACTION=add DEVPATH=/class/netlink/tap4 SUBSYSTEM=netlink
<7>kobject_hotplug - call_usermodehelper returned -2
<7>kobject tap5: registering. parent: netlink, set: class_obj
<7>kobject_hotplug
<7>fill_kobj_path: path = '/class/netlink/tap5'
<7>kobject_hotplug: /sbin/hotplug netlink seq=703 HOME=/ PATH=/sbin:/bin:/usr/sbin:/usr/bin ACTION=add DEVPATH=/class/netlink/tap5 SUBSYSTEM=netlink
<7>kobject_hotplug - call_usermodehelper returned -2
<7>kobject tap6: registering. parent: netlink, set: class_obj
<7>kobject_hotplug
<7>fill_kobj_path: path = '/class/netlink/tap6'
<7>kobject_hotplug: /sbin/hotplug netlink seq=704 HOME=/ PATH=/sbin:/bin:/usr/sbin:/usr/bin ACTION=add DEVPATH=/class/netlink/tap6 SUBSYSTEM=netlink
<7>kobject_hotplug - call_usermodehelper returned -2
<7>kobject tap7: registering. parent: netlink, set: class_obj
<7>kobject_hotplug
<7>fill_kobj_path: path = '/class/netlink/tap7'
<7>kobject_hotplug: /sbin/hotplug netlink seq=705 HOME=/ PATH=/sbin:/bin:/usr/sbin:/usr/bin ACTION=add DEVPATH=/class/netlink/tap7 SUBSYSTEM=netlink
<7>kobject_hotplug - call_usermodehelper returned -2
<7>kobject tap8: registering. parent: netlink, set: class_obj
<7>kobject_hotplug
<7>fill_kobj_path: path = '/class/netlink/tap8'
<7>kobject_hotplug: /sbin/hotplug netlink seq=706 HOME=/ PATH=/sbin:/bin:/usr/sbin:/usr/bin ACTION=add DEVPATH=/class/netlink/tap8 SUBSYSTEM=netlink
<7>kobject_hotplug - call_usermodehelper returned -2
<7>kobject tap9: registering. parent: netlink, set: class_obj
<7>kobject_hotplug
<7>fill_kobj_path: path = '/class/netlink/tap9'
<7>kobject_hotplug: /sbin/hotplug netlink seq=707 HOME=/ PATH=/sbin:/bin:/usr/sbin:/usr/bin ACTION=add DEVPATH=/class/netlink/tap9 SUBSYSTEM=netlink
<7>kobject_hotplug - call_usermodehelper returned -2
<7>kobject tap10: registering. parent: netlink, set: class_obj
<7>kobject_hotplug
<7>fill_kobj_path: path = '/class/netlink/tap10'
<7>kobject_hotplug: /sbin/hotplug netlink seq=708 HOME=/ PATH=/sbin:/bin:/usr/sbin:/usr/bin ACTION=add DEVPATH=/class/netlink/tap10 SUBSYSTEM=netlink
<7>kobject_hotplug - call_usermodehelper returned -2
<7>kobject tap11: registering. parent: netlink, set: class_obj
<7>kobject_hotplug
<7>fill_kobj_path: path = '/class/netlink/tap11'
<7>kobject_hotplug: /sbin/hotplug netlink seq=709 HOME=/ PATH=/sbin:/bin:/usr/sbin:/usr/bin ACTION=add DEVPATH=/class/netlink/tap11 SUBSYSTEM=netlink
<7>kobject_hotplug - call_usermodehelper returned -2
<7>kobject tap12: registering. parent: netlink, set: class_obj
<7>kobject_hotplug
<7>fill_kobj_path: path = '/class/netlink/tap12'
<7>kobject_hotplug: /sbin/hotplug netlink seq=710 HOME=/ PATH=/sbin:/bin:/usr/sbin:/usr/bin ACTION=add DEVPATH=/class/netlink/tap12 SUBSYSTEM=netlink
<7>kobject_hotplug - call_usermodehelper returned -2
<7>kobject tap13: registering. parent: netlink, set: class_obj
<7>kobject_hotplug
<7>fill_kobj_path: path = '/class/netlink/tap13'
<7>kobject_hotplug: /sbin/hotplug netlink seq=711 HOME=/ PATH=/sbin:/bin:/usr/sbin:/usr/bin ACTION=add DEVPATH=/class/netlink/tap13 SUBSYSTEM=netlink
<7>kobject_hotplug - call_usermodehelper returned -2
<7>kobject tap14: registering. parent: netlink, set: class_obj
<7>kobject_hotplug
<7>fill_kobj_path: path = '/class/netlink/tap14'
<7>kobject_hotplug: /sbin/hotplug netlink seq=712 HOME=/ PATH=/sbin:/bin:/usr/sbin:/usr/bin ACTION=add DEVPATH=/class/netlink/tap14 SUBSYSTEM=netlink
<7>kobject_hotplug - call_usermodehelper returned -2
<7>kobject tap15: registering. parent: netlink, set: class_obj
<7>kobject_hotplug
<7>fill_kobj_path: path = '/class/netlink/tap15'
<7>kobject_hotplug: /sbin/hotplug netlink seq=713 HOME=/ PATH=/sbin:/bin:/usr/sbin:/usr/bin ACTION=add DEVPATH=/class/netlink/tap15 SUBSYSTEM=netlink
<7>kobject_hotplug - call_usermodehelper returned -2
<6>NET: Registered protocol family 2
<6>IP: routing cache hash table of 512 buckets, 4Kbytes
<6>TCP: Hash tables configured (established 4096 bind 8192)
<6>NET: Registered protocol family 1
<6>NET: Registered protocol family 17
<6>NET: Registered protocol family 15
<6>802.1Q VLAN Support v1.8 Ben Greear <greearb@candelatech.com>
<6>All bugs added by David S. Miller <davem@redhat.com>
<4>emac_init_module:EMAC initialized for A3 Chip !
<4>Support NAPI Driver.
<4>eth0: Dropping NETIF_F_SG since no checksum feature.
<7>kobject eth0: registering. parent: net, set: class_obj
<7>kobject_hotplug
<7>fill_kobj_path: path = '/class/net/eth0'
<7>kobject_hotplug: /sbin/hotplug net seq=714 HOME=/ PATH=/sbin:/bin:/usr/sbin:/usr/bin ACTION=add DEVPATH=/class/net/eth0 SUBSYSTEM=net
<7>kobject_hotplug - call_usermodehelper returned -2
<4>Configure VID 1
<4>Support NAPI Driver.
<4>eth1: Dropping NETIF_F_SG since no checksum feature.
<7>kobject eth1: registering. parent: net, set: class_obj
<7>kobject_hotplug
<7>fill_kobj_path: path = '/class/net/eth1'
<7>kobject_hotplug: /sbin/hotplug net seq=715 HOME=/ PATH=/sbin:/bin:/usr/sbin:/usr/bin ACTION=add DEVPATH=/class/net/eth1 SUBSYSTEM=net
<7>kobject_hotplug - call_usermodehelper returned -2
<4>Configure VID 2
<4>Get ADM identifier ffffffff
<4>ADM699X not Found
<7>subsystem mvista: registering
<7>kobject mvista: registering. parent: <NULL>, set: vendor
<7>kobject_hotplug
<7>fill_kobj_path: path = '/vendor/mvista'
<7>kobject_hotplug: /sbin/hotplug vendor seq=716 HOME=/ PATH=/sbin:/bin:/usr/sbin:/usr/bin ACTION=add DEVPATH=/vendor/mvista SUBSYSTEM=vendor
<7>kobject_hotplug - call_usermodehelper returned -2
<7>kobject lspinfo: registering. parent: <NULL>, set: mvista
<7>kobject_hotplug
<7>fill_kobj_path: path = '/vendor/mvista/lspinfo'
<7>kobject_hotplug: /sbin/hotplug mvista seq=717 HOME=/ PATH=/sbin:/bin:/usr/sbin:/usr/bin ACTION=add DEVPATH=/vendor/mvista/lspinfo SUBSYSTEM=mvista
<7>kobject_hotplug - call_usermodehelper returned -2
<5>RAMDISK: Compressed image found at block 0
<7>fill_kobj_path: path = '/block/ram0'
<7>fill_kobj_path: path = '/block/ram0'
<4>VFS: Mounted root (ext2 filesystem).
<6>Freeing init memory: 92K
<7>kobject loop: registering. parent: <NULL>, set: module
<7>kobject_hotplug
<7>fill_kobj_path: path = '/module/loop'
<7>kobject_hotplug: /sbin/hotplug module seq=718 HOME=/ PATH=/sbin:/bin:/usr/sbin:/usr/bin ACTION=add DEVPATH=/module/loop SUBSYSTEM=module
<7>kobject_hotplug - call_usermodehelper returned -2
<7>kobject sections: registering. parent: loop, set: <NULL>
<7>kobject_hotplug
<7>fill_kobj_path: path = '/module/loop/sections'
<7>kobject_hotplug: /sbin/hotplug module seq=719 HOME=/ PATH=/sbin:/bin:/usr/sbin:/usr/bin ACTION=add DEVPATH=/module/loop/sections SUBSYSTEM=module
<7>kobject_hotplug - call_usermodehelper returned -2
<7>kobject loop0: registering. parent: <NULL>, set: block
<7>kobject_hotplug
<7>fill_kobj_path: path = '/block/loop0'
<7>kobject_hotplug: /sbin/hotplug block seq=720 HOME=/ PATH=/sbin:/bin:/usr/sbin:/usr/bin ACTION=add DEVPATH=/block/loop0 SUBSYSTEM=block
<7>kobject_hotplug - call_usermodehelper returned -2
<7>kobject loop1: registering. parent: <NULL>, set: block
<7>kobject_hotplug
<7>fill_kobj_path: path = '/block/loop1'
<7>kobject_hotplug: /sbin/hotplug block seq=721 HOME=/ PATH=/sbin:/bin:/usr/sbin:/usr/bin ACTION=add DEVPATH=/block/loop1 SUBSYSTEM=block
<7>kobject_hotplug - call_usermodehelper returned -2
<7>kobject loop2: registering. parent: <NULL>, set: block
<7>kobject_hotplug
<7>fill_kobj_path: path = '/block/loop2'
<7>kobject_hotplug: /sbin/hotplug block seq=722 HOME=/ PATH=/sbin:/bin:/usr/sbin:/usr/bin ACTION=add DEVPATH=/block/loop2 SUBSYSTEM=block
<7>kobject_hotplug - call_usermodehelper returned -2
<7>kobject loop3: registering. parent: <NULL>, set: block
<7>kobject_hotplug
<7>fill_kobj_path: path = '/block/loop3'
<7>kobject_hotplug: /sbin/hotplug block seq=723 HOME=/ PATH=/sbin:/bin:/usr/sbin:/usr/bin ACTION=add DEVPATH=/block/loop3 SUBSYSTEM=block
<7>kobject_hotplug - call_usermodehelper returned -2
<7>kobject loop4: registering. parent: <NULL>, set: block
<7>kobject_hotplug
<7>fill_kobj_path: path = '/block/loop4'
<7>kobject_hotplug: /sbin/hotplug block seq=724 HOME=/ PATH=/sbin:/bin:/usr/sbin:/usr/bin ACTION=add DEVPATH=/block/loop4 SUBSYSTEM=block
<7>kobject_hotplug - call_usermodehelper returned -2
<7>kobject loop5: registering. parent: <NULL>, set: block
<7>kobject_hotplug
<7>fill_kobj_path: path = '/block/loop5'
<7>kobject_hotplug: /sbin/hotplug block seq=725 HOME=/ PATH=/sbin:/bin:/usr/sbin:/usr/bin ACTION=add DEVPATH=/block/loop5 SUBSYSTEM=block
<7>kobject_hotplug - call_usermodehelper returned -2
<7>kobject loop6: registering. parent: <NULL>, set: block
<7>kobject_hotplug
<7>fill_kobj_path: path = '/block/loop6'
<7>kobject_hotplug: /sbin/hotplug block seq=726 HOME=/ PATH=/sbin:/bin:/usr/sbin:/usr/bin ACTION=add DEVPATH=/block/loop6 SUBSYSTEM=block
<7>kobject_hotplug - call_usermodehelper returned -2
<7>kobject loop7: registering. parent: <NULL>, set: block
<7>kobject_hotplug
<7>fill_kobj_path: path = '/block/loop7'
<7>kobject_hotplug: /sbin/hotplug block seq=727 HOME=/ PATH=/sbin:/bin:/usr/sbin:/usr/bin ACTION=add DEVPATH=/block/loop7 SUBSYSTEM=block
<7>kobject_hotplug - call_usermodehelper returned -2
<6>loop: loaded (max 8 devices)
<4>
<4>*************************
<4>*	tx_desc = ffc05000
<4>*	rx_desc = ffc07000
<4>*	tx_desc_dma = 02a2c000
<4>*	rx_desc_dma = 02f0b000
<4>*************************
<4>
<4>Link Down (7849) reg_val = 0 
<4>Flow Control Disable. 
<4>Storlink eth0 address = 00189700141b
<4>Disable MAC Flow Control...
<4>rt2561ap: module license 'unspecified' taints kernel.
<7>kobject rt2561ap: registering. parent: <NULL>, set: module
<7>kobject_hotplug
<7>fill_kobj_path: path = '/module/rt2561ap'
<7>kobject_hotplug: /sbin/hotplug module seq=728 HOME=/ PATH=/sbin:/bin:/usr/sbin:/usr/bin ACTION=add DEVPATH=/module/rt2561ap SUBSYSTEM=module
<7>kobject_hotplug - call_usermodehelper returned -2
<7>kobject sections: registering. parent: rt2561ap, set: <NULL>
<7>kobject_hotplug
<7>fill_kobj_path: path = '/module/rt2561ap/sections'
<7>kobject_hotplug: /sbin/hotplug module seq=729 HOME=/ PATH=/sbin:/bin:/usr/sbin:/usr/bin ACTION=add DEVPATH=/module/rt2561ap/sections SUBSYSTEM=module
<7>kobject_hotplug - call_usermodehelper returned -2
<7>kobject rt61: registering. parent: <NULL>, set: drivers
<7>kobject_hotplug
<7>fill_kobj_path: path = '/bus/pci/drivers/rt61'
<7>kobject_hotplug: /sbin/hotplug drivers seq=730 HOME=/ PATH=/sbin:/bin:/usr/sbin:/usr/bin ACTION=add DEVPATH=/bus/pci/drivers/rt61 SUBSYSTEM=drivers
<7>kobject_hotplug - call_usermodehelper returned -2
<6>usb 1-1: new full speed USB device using sl2312-ohci and address 2
<7>kobject 1-1: registering. parent: usb1, set: devices
<7>kobject_hotplug
<7>fill_kobj_path: path = '/devices/platform/sl2312-ohci/usb1/1-1'
<7>kobject_hotplug: /sbin/hotplug usb seq=731 HOME=/ PATH=/sbin:/bin:/usr/sbin:/usr/bin ACTION=add DEVPATH=/devices/platform/sl2312-ohci/usb1/1-1 SUBSYSTEM=usb
<7>kobject 1-1:1.0: registering. parent: 1-1, set: devices
<7>kobject_hotplug
<7>fill_kobj_path: path = '/devices/platform/sl2312-ohci/usb1/1-1/1-1:1.0'
<7>kobject_hotplug: /sbin/hotplug usb seq=732 HOME=/ PATH=/sbin:/bin:/usr/sbin:/usr/bin ACTION=add DEVPATH=/devices/platform/sl2312-ohci/usb1/1-1/1-1:1.0 SUBSYSTEM=usb
<6>scsi0 : SCSI emulation for USB Mass Storage devices
<7>kobject host0: registering. parent: 1-1:1.0, set: devices
<7>kobject host0: registering. parent: scsi_host, set: class_obj
<7>kobject_hotplug
<7>fill_kobj_path: path = '/class/scsi_host/host0'
<7>fill_kobj_path: path = '/devices/platform/sl2312-ohci/usb1/1-1/1-1:1.0/host0'
<7>kobject_hotplug: /sbin/hotplug scsi_host seq=733 HOME=/ PATH=/sbin:/bin:/usr/sbin:/usr/bin ACTION=add DEVPATH=/class/scsi_host/host0 SUBSYSTEM=scsi_host
<7>usb-storage: device found at 2
<7>usb-storage: waiting for device to settle before scanning
<6>elevator: using noop as default io scheduler
<5>  Vendor: USB       Model: Flash Disk        Rev: 1100
<5>  Type:   Direct-Access                      ANSI SCSI revision: 00
<7>kobject target0:0:0: registering. parent: host0, set: devices
<7>kobject 0:0:0:0: registering. parent: target0:0:0, set: devices
<7>kobject_hotplug
<7>fill_kobj_path: path = '/devices/platform/sl2312-ohci/usb1/1-1/1-1:1.0/host0/target0:0:0/0:0:0:0'
<7>kobject_hotplug: /sbin/hotplug scsi seq=734 HOME=/ PATH=/sbin:/bin:/usr/sbin:/usr/bin ACTION=add DEVPATH=/devices/platform/sl2312-ohci/usb1/1-1/1-1:1.0/host0/target0:0:0/0:0:0:0 SUBSYSTEM=scsi
<5>SCSI device sda: 978944 512-byte hdwr sectors (501 MB)
<3>sda: assuming drive cache: write through
<7>kobject sda: registering. parent: <NULL>, set: block
<7>kobject_hotplug
<7>fill_kobj_path: path = '/block/sda'
<7>fill_kobj_path: path = '/devices/platform/sl2312-ohci/usb1/1-1/1-1:1.0/host0/target0:0:0/0:0:0:0'
<7>kobject_hotplug: /sbin/hotplug block seq=735 HOME=/ PATH=/sbin:/bin:/usr/sbin:/usr/bin ACTION=add DEVPATH=/block/sda SUBSYSTEM=block
<5>SCSI device sda: 978944 512-byte hdwr sectors (501 MB)
<3>sda: assuming drive cache: write through
<6> sda: sda1
<7>kobject sda1: registering. parent: sda, set: <NULL>
<7>kobject_hotplug
<7>fill_kobj_path: path = '/block/sda/sda1'
<7>fill_kobj_path: path = '/devices/platform/sl2312-ohci/usb1/1-1/1-1:1.0/host0/target0:0:0/0:0:0:0'
<7>kobject_hotplug: /sbin/hotplug block seq=736 HOME=/ PATH=/sbin:/bin:/usr/sbin:/usr/bin ACTION=add DEVPATH=/block/sda/sda1 SUBSYSTEM=block
<7>kobject queue: registering. parent: sda, set: <NULL>
<7>kobject iosched: registering. parent: queue, set: <NULL>
<5>Attached scsi disk sda at scsi0, channel 0, id 0, lun 0
<7>kobject 0:0:0:0: registering. parent: scsi_device, set: class_obj
<7>kobject_hotplug
<7>fill_kobj_path: path = '/class/scsi_device/0:0:0:0'
<7>fill_kobj_path: path = '/devices/platform/sl2312-ohci/usb1/1-1/1-1:1.0/host0/target0:0:0/0:0:0:0'
<7>kobject_hotplug: /sbin/hotplug scsi_device seq=737 HOME=/ PATH=/sbin:/bin:/usr/sbin:/usr/bin ACTION=add DEVPATH=/class/scsi_device/0:0:0:0 SUBSYSTEM=scsi_device
<7>kobject <NULL>: cleaning up
<7>kobject <NULL>: cleaning up
<7>kobject <NULL>: cleaning up
<7>kobject <NULL>: cleaning up
<7>kobject <NULL>: cleaning up
<7>kobject <NULL>: cleaning up
<7>kobject <NULL>: cleaning up
<7>kobject <NULL>: cleaning up
<7>kobject <NULL>: cleaning up
<7>kobject <NULL>: cleaning up
<7>kobject <NULL>: cleaning up
<7>kobject <NULL>: cleaning up
<7>kobject <NULL>: cleaning up
<7>kobject <NULL>: cleaning up
<7>usb-storage: device scan complete




sohonas> ps
  PID  Uid     VmSize Stat Command
    1 root        540 S   init       
    2 root            SW< [ksoftirqd/0]
    3 root            SW< [desched/0]
    4 root            SW< [events/0]
    5 root            SW< [khelper]
   10 root            SW< [kthread]
   21 root            SW< [kblockd/0]
   34 root            SW  [khubd]
   75 root            SW  [pdflush]
   76 root            SW  [pdflush]
   78 root            SW< [aio/0]
   77 root            SW  [kswapd0]
  871 root            SW  [eth0]
  892 root       1076 S   /usr/sausalito/sbin/cced 
  906 root        732 S   /sbin/syslogd 
  910 root        608 S   /usr/sbin/inetd 
  913 root        544 S   /usr/sbin/crond 
  953 root        800 S   -ash 
  973 root        612 S   /sbin/mDNSResponderPosix -n sohonas -t _http._tcp. -p
  999 root            SW  [scsi_eh_0]
 1000 root            SW  [usb-storage]
 1050 root        636 R   ps 
sohonas> t cat : /pro[4Dsohonas> cat /proc/[Jmem[9Dsohonas> cat /proc/meminfo [J
MemTotal:        61776 kB
MemFree:         32128 kB
Buffers:         16384 kB
Cached:           7616 kB
SwapCached:          0 kB
Active:           4176 kB
Inactive:        20944 kB
HighTotal:           0 kB
HighFree:            0 kB
LowTotal:        61776 kB
LowFree:         32128 kB
SwapTotal:           0 kB
SwapFree:            0 kB
Dirty:               0 kB
Writeback:           0 kB
Mapped:           2356 kB
Slab:             3436 kB
CommitLimit:     30888 kB
Committed_AS:     3860 kB
PageTables:        124 kB
VmallocTotal:   188416 kB
VmallocUsed:      8528 kB
VmallocChunk:  4104192 kB
sohonas> df
Filesystem           1k-blocks      Used Available Use% Mounted on
sohonas> df -l
df: invalid option -- l
BusyBox v1.00-rc3 (2006.07.06-12:37+0000) multi-call binary

Usage: df [-hmk] [FILESYSTEM ...]

Print the filesystem space used and space available.

Options:

	-h	print sizes in human readable format (e.g., 1K 243M 2G )
	-m	print sizes in megabytes
	-k	print sizes in kilobytes(default)

sohonas> sohonas> df -l[J h
Filesystem                Size      Used Available Use% Mounted on
sohonas> mount
usbfs on /proc/bus/usb type usbfs (rw)
sohonas> cd /
sohonas> ls
system      volume1     proc        home        sbin
tmpmnt      var         mnt         etc         linuxrc
sys         tmp         lib         dev         bin
volume2     root        initrd      usr         lost+found
sohonas> ls )a  -al
drwxr-xr-x    2 root     root         1024 Jan  1 00:01 system
drwxr-xr-x    2 root     root         1024 Jan  1 00:00 tmpmnt
drwxr-xr-x   10 root     root            0 Jan  1 00:00 sys
drwxr-xr-x    2 root     root         1024 Jul  6  2006 volume2
drwxr-xr-x    2 root     root         1024 Jul  6  2006 volume1
drwxr-xr-x    8 root     root         1024 Jul  6  2006 var
drwxrwxrwx    3 root     root         1024 Jan  1 00:03 tmp
drwxrwxr-x    2 500      root         1024 Jul  6  2006 root
dr-xr-xr-x   34 root     root            0 Jan  1 00:00 proc
drwxr-xr-x    2 root     root         1024 Jul  6  2006 mnt
drwxr-xr-x    3 root     root         1024 Jul  6  2006 lib
drwxr-xr-x    2 root     root         1024 Jul  6  2006 initrd
drwxrwxrwx    2 root     root         1024 Jul  6  2006 home
drwxrwxr-x    5 500      root         1024 Jan  1 00:01 etc
drwxr-xr-x    3 root     root         4096 Jan  1 00:01 dev
drwxr-xr-x    9 root     root         1024 Jan  1 00:01 usr
drwxr-xr-x    2 root     root         1024 Jan  1 00:01 sbin
lrwxrwxrwx    1 root     root           11 Jul  6  2006 linuxrc -> bin/busybox
drwxr-xr-x    2 root     root         1024 Jul  6  2006 bin
drwx------    2 root     root        12288 Jul  6  2006 lost+found
drwxr-xr-x   21 root     root         1024 Jan  1 00:01 ..
drwxr-xr-x   21 root     root         1024 Jan  1 00:01 .
sohonas> find ./
-ash: find: not found
sohonas> ls
system      volume1     proc        home        sbin
tmpmnt      var         mnt         etc         linuxrc
sys         tmp         lib         dev         bin
volume2     root        initrd      usr         lost+found
sohonas> help

Built-in commands:
-------------------
	. : alias bg break cd chdir continue eval exec exit export false
	fg hash help jobs kill let local pwd read readonly return set
	shift times trap true type ulimit umask unalias unset wait

sohonas> jpbs
-ash: jpbs: not found
sohonas> ¬µsohonas> jpbs[J   obs
sohonas> ls
system      volume1     proc        home        sbin
tmpmnt      var         mnt         etc         linuxrc
sys         tmp         lib         dev         bin
volume2     root        initrd      usr         lost+found
sohonas> cd sysohonas> cd sys[J
sohonas> sohonas> cd sys[Jt
cd: 61: can't cd to syst
sohonas> cd ..
sohonas> ls
system      volume1     proc        home        sbin
tmpmnt      var         mnt         etc         linuxrc
sys         tmp         lib         dev         bin
volume2     root        initrd      usr         lost+found
sohonas> cd syy sohonas> cd sys[Js t[4Dsohonas> cd system/[J
sohonas> ls
sohonas> cd ..
sohonas> ls
system      volume1     proc        home        sbin
tmpmnt      var         mnt         etc         linuxrc
sys         tmp         lib         dev         bin
volume2     root        initrd      usr         lost+found
sohonas> cd tmpsohonas> cd tmp[Jm[4Dsohonas> cd tmpmnt/[J
sohonas> ls
sohonas> cd ..
sohonas> ls
system      volume1     proc        home        sbin
tmpmnt      var         mnt         etc         linuxrc
sys         tmp         lib         dev         bin
volume2     root        initrd      usr         lost+found
sohonas> cd vi osohonas> cd volume[J
cd: 72: can't cd to volume
sohonas> sohonas> cd volume[J2[7Dsohonas> cd volume2/[J
sohonas> ls
sohonas> cat /pro[4Dsohonas> cat /proc/[Jcpu[9Dsohonas> cat /proc/cpu[J
cat: Read error: Is a directory
sohonas> sohonas> cat /proc/cpu[Jin[11Dsohonas> cat /proc/cpuinfo [J
Processor	: FA52Xid(wb) rev 1 (v4l)
BogoMIPS	: 64.71
Features	: swp half thumb 
CPU implementer	: 0x66
CPU architecture: 4
CPU variant	: 0x0
CPU part	: 0x526
CPU revision	: 1
Cache type	: write-back
Cache clean	: cp15 c7 ops
Cache lockdown	: format B
Cache format	: Harvard
I size		: 8192
I assoc		: 2
I line length	: 16
I sets		: 256
D size		: 4096
D assoc		: 2
D line length	: 16
D sets		: 128

Hardware	: Sword sl2312
Revision	: 0000
Serial		: 0000000000000000
sohonas> cat /pro[4Dsohonas> cat /proc/[Jmem[9Dsohonas> cat /proc/meminfo [J
MemTotal:        61776 kB
MemFree:         32128 kB
Buffers:         16384 kB
Cached:           7624 kB
SwapCached:          0 kB
Active:           4184 kB
Inactive:        20944 kB
HighTotal:           0 kB
HighFree:            0 kB
LowTotal:        61776 kB
LowFree:         32128 kB
SwapTotal:           0 kB
SwapFree:            0 kB
Dirty:               0 kB
Writeback:           0 kB
Mapped:           2360 kB
Slab:             3436 kB
CommitLimit:     30888 kB
Committed_AS:     3860 kB
PageTables:        124 kB
VmallocTotal:   188416 kB
VmallocUsed:      8528 kB
VmallocChunk:  4104192 kB
sohonas> ps
  PID  Uid     VmSize Stat Command
    1 root        540 S   init       
    2 root            SW< [ksoftirqd/0]
    3 root            SW< [desched/0]
    4 root            SW< [events/0]
    5 root            SW< [khelper]
   10 root            SW< [kthread]
   21 root            SW< [kblockd/0]
   34 root            SW  [khubd]
   75 root            SW  [pdflush]
   76 root            SW  [pdflush]
   78 root            SW< [aio/0]
   77 root            SW  [kswapd0]
  871 root            SW  [eth0]
  892 root       1076 S   /usr/sausalito/sbin/cced 
  906 root        736 S   /sbin/syslogd 
  910 root        608 S   /usr/sbin/inetd 
  913 root        544 S   /usr/sbin/crond 
  953 root        800 S   -ash 
  973 root        612 S   /sbin/mDNSResponderPosix -n sohonas -t _http._tcp. -p
  999 root            SW  [scsi_eh_0]
 1000 root            SW  [usb-storage]
 1069 root        636 R   ps 
sohonas> mount
usbfs on /proc/bus/usb type usbfs (rw)
sohonas> df
Filesystem           1k-blocks      Used Available Use% Mounted on
sohonas> Start Copy 1572864 bytes from 0x70040000 to 0x1600000 
Start Copy 2097152 bytes from 0x701c0000 to 0x800000 
Go
Uncompressing Linux................................................................................................. done, booting the kernel.
Linux version 2.6.10_dev-versatile926ejs (root@vic-desktop) (gcc version 3.4.4) #1 Thu Jul 6 20:37:05 CST 2006
CPU: FA52Xid(wb) [66015261] revision 1 (ARMv4)
CPU0: D VIVT write-back cache
CPU0: I cache: 8192 bytes, associativity 2, 16 byte lines, 256 sets
CPU0: D cache: 4096 bytes, associativity 2, 16 byte lines, 128 sets
Machine: Sword sl2312
Ignoring unrecognised tag 0x00000000
Memory policy: ECC disabled, Data cache writeback
Built 1 zonelists
Kernel command line: root=/dev/ram0 rw console=ttySL0,19200 initrd=0x0800000,16M
PID hash table entries: 512 (order: 9, 8192 bytes)
Bus: 108MHz(3/2)
Console: colour dummy device 80x30
sl2312 console setup : 
Dentry cache hash table entries: 16384 (order: 4, 65536 bytes)
Inode-cache hash table entries: 8192 (order: 3, 32768 bytes)
Memory: 64MB = 64MB total
Memory: 45216KB available (2308K code, 754K data, 92K init)
Mount-cache hash table entries: 512 (order: 0, 4096 bytes)
CPU: Testing write buffer coherency: ok
spawn_desched_task(00000000)
desched cpu_callback 3/00000000
ksoftirqd started up.
desched cpu_callback 2/00000000
checking if image is initramfs...desched thread 0 started up.
it isn't (no cpio magic); looks like an initrd
Freeing initrd memory: 16384K
NET: Registered protocol family 16
PCI: bus0: Fast back to back transfers disabled
SCSI subsystem initialized
usbcore: registered new driver usbfs
usbcore: registered new driver hub
sl2312 Gpio init
GPIO initial OK
NetWinder Floating Point Emulator V0.97 (double precision)
VFS: Disk quotas dquot_6.5.1
Dquot-cache hash table entries: 1024 (order 0, 4096 bytes)
Installing knfsd (copyright (C) 1996 okir@monad.swb.de).
NTFS driver 2.1.22 [Flags: R/O].
Initializing Cryptographic API
ipsec_init : cryptographic accelerator 
ipsec tx_desc = ffc00000
ipsec rx_desc = ffc01000
ipsec tx_desc_dma = 01711000
ipsec rx_desc_dma = 01712000
Real Time Clock Driver v0.10
Storlink Power Control Initialization
ttySL0 at MMIO 0x22000000 (irq = 6) is a SL2312
io scheduler noop registered
RAMDISK driver initialized: 4 RAM disks of 16384K size 1024 blocksize
Uniform Multi-Platform E-IDE driver Revision: 7.00alpha2
ide: Assuming 33MHz system bus speed for PIO modes; override with idebus=xx
ide 1: physical = 52800000, virtual = c480e000, irq = 3
    ide0: MMIO-DMA , BIOS settings: hda:pio, hdb:pio
SL2312 MTD Driver Init.......
SL2312 MTD Driver Init Success ......
sl2312-ohci sl2312-ohci: new USB bus registered, assigned bus number 1
hub 1-0:1.0: USB hub found
hub 1-0:1.0: 1 port detected
usbcore: registered new driver usblp
drivers/usb/class/usblp.c: v0.13: USB Printer Device Class driver
Initializing USB Mass Storage driver...
usbcore: registered new driver usb-storage
USB Mass Storage support registered.
mice: PS/2 mouse device common for all mice
NET: Registered protocol family 2
IP: routing cache hash table of 512 buckets, 4Kbytes
TCP: Hash tables configured (established 4096 bind 8192)
NET: Registered protocol family 1
NET: Registered protocol family 17
NET: Registered protocol family 15
802.1Q VLAN Support v1.8 Ben Greear <greearb@candelatech.com>
All bugs added by David S. Miller <davem@redhat.com>
emac_init_module:EMAC initialized for A3 Chip !
Support NAPI Driver.
eth0: Dropping NETIF_F_SG since no checksum feature.
Configure VID 1
Support NAPI Driver.
eth1: Dropping NETIF_F_SG since no checksum feature.
Configure VID 2
Get ADM identifier ffffffff
ADM699X not Found
RAMDISK: Compressed image found at block 0
VFS: Mounted root (ext2 filesystem).
Freeing init memory: 92K
Mounting proc filesystem...
2.6.10_dev-versatile926ejs
Mounting tmpfs to copy file from flash...
2.6.10_dev-versatile926ejs
HardDiskBootUp=NO
Boot up from flash
Checking and Mounting filesystem(s) ...
Copy hddapp.bz2 from flash to Ramdisk...
ˇ˜Áˇœß˜¸˛ﬁœˇˇø=ﬂåŒÔå÷èÃ«Ó^ﬁ¸Ú◊«ŒÏ˛ú›ÁîﬁÃÃ∆æﬂèsc∆«˛~Â~ﬂÊ÷˛÷æøèèÏÔù≠¬ÁÃº8192+0 records in
8192+0 records out
2.6.10_dev-versatile926ejs
Using /lib/modules/loop.ko
loop: loaded (max 8 devices)
2.6.10_dev-versatile926ejs
SkinnyNAS found, mount /system
check disk test...........
e2fsck 1.38 (30-Jun-2005)
e2fsck: No such device or address while trying to open /dev/hda1
Possibly non-existent or swap device?
return value=8
mount: Mounting /dev/md0 on /system failed: No such device or address
SkinnyNAS found, mount /system
check disk test...........
e2fsck 1.38 (30-Jun-2005)
e2fsck: No such device or address while trying to open /dev/hda1
Possibly non-existent or swap device?
return value=8
mount: Mounting /dev/hda1 on /system failed: No such device or address
SkinnyNAS found, mount /system
check disk test...........
e2fsck 1.38 (30-Jun-2005)
e2fsck: No such device or address while trying to open /dev/hda1
Possibly non-existent or swap device?
return value=8
mount: Mounting /dev/hdb1 on /system failed: No such device or address
SkinnyNAS found, mount /system
check disk test...........
e2fsck 1.38 (30-Jun-2005)
e2fsck: No such device or address while trying to open /dev/hda1
Possibly non-existent or swap device?
return value=8
mount: Mounting /dev/hdc1 on /system failed: No such device or address
SkinnyNAS found, mount /system
check disk test...........
e2fsck 1.38 (30-Jun-2005)
e2fsck: No such device or address while trying to open /dev/hda1
Possibly non-existent or swap device?
return value=8
mount: Mounting /dev/hdd1 on /system failed: No such device or address
SkinnyNAS found, mount /system
check disk test...........
e2fsck 1.38 (30-Jun-2005)
e2fsck: No such device or address while trying to open /dev/hda1
Possibly non-existent or swap device?
return value=8
mount: Mounting /dev/sda1 on /system failed: No such device or address
SkinnyNAS found, mount /system
check disk test...........
e2fsck 1.38 (30-Jun-2005)
e2fsck: No such device or address while trying to open /dev/hda1
Possibly non-existent or swap device?
return value=8
mount: Mounting /dev/sdb1 on /system failed: No such device or address
SkinnyNAS found, mount /system
check disk test...........
e2fsck 1.38 (30-Jun-2005)
e2fsck: No such device or address while trying to open /dev/hda1
Possibly non-existent or swap device?
return value=8
mount: Mounting /dev/sdc1 on /system failed: No such device or address
SkinnyNAS found, mount /system
check disk test...........
e2fsck 1.38 (30-Jun-2005)
e2fsck: No such device or address while trying to open /dev/hda1
Possibly non-existent or swap device?
return value=8
mount: Mounting /dev/sdd1 on /system failed: No such device or address
mounted device=
2.6.10_dev-versatile926ejs
Umount tmpfs...

*************************
*	tx_desc = ffc05000
*	rx_desc = ffc07000
*	tx_desc_dma = 03d66000
*	rx_desc_dma = 02f90000
*************************

Link Down (7849) reg_val = 0 
Flow Control Disable. 
Storlink eth0 address = 00189700141b
Disable MAC Flow Control...
2.6.10_dev-versatile926ejs
Using /lib/modules/rt2561ap.ko
rt2561ap: module license 'unspecified' taints kernel.
Starting syslogd...
Starting inetd...
Starting crond...

Running constructor /usr/sausalito/constructor/00_construct_start
Running constructor /usr/sausalito/constructor/01_construct_network

Running constructor /usr/sausalito/constructor/09_construct_time
Running constructor /usr/sausalito/constructor/10_construct_dhcp
Running constructor /usr/sausalito/constructor/12_construct_syslog
Running constructor /usr/sausalito/constructor/20_construct_disk
Running constructor /usr/sausalito/constructor/20_construct_usb_disk
Running constructor /usr/sausalito/constructor/21_construct_disk_crypt
Running constructor /usr/sausalito/constructor/25_construct_admin
Running constructor /usr/sausalito/constructor/30_construct_guest
Running constructor /usr/sausalito/constructor/50_construct_grp_passwd
Running constructor /usr/sausalito/constructor/50_construct_printer
Running constructor /usr/sausalito/constructor/50_construct_telnet
Running constructor /usr/sausalito/constructor/90_construct_errorNotification
Running constructor /usr/sausalito/constructor/91_construct_bonjour
Running constructor /usr/sausalito/constructor/99_construct_stop
Done
pwc ioctl successly
cmd = 0x80044103
PWC_WAIT_BTN !!!
waiting INT
Local package initialization:start syslogd
syslogd: Already running.
start crond
start thttpd
GetUDN: rand=216f4180
GetInterfaceName: ethernet interface name=eth0
GetUDN: UDN=216f4180-L121-7607-70aa-018970141b
GetInterfaceName: ethernet interface name=eth0
GetIPaddr: IP address=169.254.48.240
main: HTTP_buf=http://169.254.48.240:80
.
UPnPCreateMicroStack: UUID=uuid:216f4180-L121-7607-70aa-018970141b
UPnPCreateMicroStack: Serial Number=0000001
UPnPCreateMicroStack: DeviceDescription=<?xml version="1.0" encoding="utf-8"?><root xmlns="urn:schemas-upnp-org:device-1-0">    <specVersion>         <major>1</major>	  <minor>0</minor>    </specVersion>    <device>         <deviceType>urn:schemas-upnp-org:device:Sample:1</deviceType>         <presentationURL>http://169.254.48.240:80</presentationURL>         <friendlyName>SOHONAS Device</friendlyName>         <manufacturer>SmartDisk Corporation</manufacturer>         <manufacturerURL>http://www.smartdisk.com</manufacturerURL>         <modelDescription>SmartDisk SOHONAS</modelDescription>         <modelName>SOHONAS</modelName>         <modelNumber>v1.0.0</modelNumber>         <serialNumber>0000001</serialNumber>         <UDN>uuid:216f4180-L121-7607-70aa-018970141b</UDN>    <serviceList>         <service>            <serviceType>urn:schemas-upnp-org:service:CentriNAS:1</serviceType>            <serviceId>urn:upnp-org:serviceId:CentriNAS1</serviceId>            <SCPDURL>CentriNASService/scpd.xml</SCPDURL>            <controlURL>CentriNASService/control</controlURL>            <eventSubURL>CentriNASService/event</eventSubURL>          </service>     </serviceList>     </device></root>

Wed Dec 31 19:04:45 EST 1969

sohonas login: root


BusyBox v1.00-rc3 (2006.07.06-12:37+0000) Built-in shell (ash)
Enter 'help' for a list of built-in commands.

sohonas> cd /
sohonas> ls
system      volume1     proc        home        sbin
tmpmnt      var         mnt         etc         linuxrc
sys         tmp         lib         dev         bin
volume2     root        initrd      usr         lost+found
sohonas> ls -k h
system      volume1     proc        home        sbin
tmpmnt      var         mnt         etc         linuxrc
sys         tmp         lib         dev         bin
volume2     root        initrd      usr         lost+found
sohonas> sohonas> ls -h[Jl
drwxr-xr-x    2 root     root         1.0k Dec 31 19:03 system
drwxr-xr-x    2 root     root         1.0k Dec 31 19:03 tmpmnt
drwxr-xr-x   10 root     root            0 Dec 31 19:03 sys
drwxr-xr-x    2 root     root         1.0k Jul  6  2006 volume2
drwxr-xr-x    2 root     root         1.0k Jul  6  2006 volume1
drwxr-xr-x    9 root     root         1.0k Dec 31 19:04 var
drwxrwxrwx    2 root     root         1.0k Dec 31 19:04 tmp
drwxrwxr-x    2 admin    root         1.0k Jul  6  2006 root
dr-xr-xr-x   38 root     root            0 Dec 31 19:03 proc
drwxr-xr-x    3 root     root         1.0k Dec 31 19:04 mnt
drwxr-xr-x    3 root     root         1.0k Jul  6  2006 lib
drwxr-xr-x    2 root     root         1.0k Jul  6  2006 initrd
drwxrwxrwx    2 root     root         1.0k Jul  6  2006 home
drwxrwxr-x    5 admin    root         1.0k Dec 31 19:04 etc
drwxr-xr-x    3 root     root         4.0k Dec 31 19:04 dev
drwxr-xr-x    9 root     root         1.0k Dec 31 19:03 usr
drwxr-xr-x    2 root     root         1.0k Dec 31 19:04 sbin
lrwxrwxrwx    1 root     root           11 Jul  6  2006 linuxrc -> bin/busybox
drwxr-xr-x    2 root     root         1.0k Jul  6  2006 bin
drwx------    2 root     root        12.0k Jul  6  2006 lost+found
sohonas> cd tmpmnt
sohonas> ls
sohonas> ls -lh
sohonas> cd ..
sohonas> ls
system      volume1     proc        home        sbin
tmpmnt      var         mnt         etc         linuxrc
sys         tmp         lib         dev         bin
volume2     root        initrd      usr         lost+found
sohonas> ls -al
drwxr-xr-x    2 root     root         1024 Dec 31 19:03 system
drwxr-xr-x    2 root     root         1024 Dec 31 19:03 tmpmnt
drwxr-xr-x   10 root     root            0 Dec 31 19:03 sys
drwxr-xr-x    2 root     root         1024 Jul  6  2006 volume2
drwxr-xr-x    2 root     root         1024 Jul  6  2006 volume1
drwxr-xr-x    9 root     root         1024 Dec 31 19:04 var
drwxrwxrwx    2 root     root         1024 Dec 31 19:04 tmp
drwxrwxr-x    2 admin    root         1024 Jul  6  2006 root
dr-xr-xr-x   38 root     root            0 Dec 31 19:03 proc
drwxr-xr-x    3 root     root         1024 Dec 31 19:04 mnt
drwxr-xr-x    3 root     root         1024 Jul  6  2006 lib
drwxr-xr-x    2 root     root         1024 Jul  6  2006 initrd
drwxrwxrwx    2 root     root         1024 Jul  6  2006 home
drwxrwxr-x    5 admin    root         1024 Dec 31 19:04 etc
drwxr-xr-x    3 root     root         4096 Dec 31 19:04 dev
drwxr-xr-x    9 root     root         1024 Dec 31 19:03 usr
drwxr-xr-x    2 root     root         1024 Dec 31 19:04 sbin
lrwxrwxrwx    1 root     root           11 Jul  6  2006 linuxrc -> bin/busybox
drwxr-xr-x    2 root     root         1024 Jul  6  2006 bin
drwx------    2 root     root        12288 Jul  6  2006 lost+found
drwxr-xr-x   21 root     root         1024 Dec 31 19:03 ..
drwxr-xr-x   21 root     root         1024 Dec 31 19:03 .
sohonas> cd systeml 
sohonas> ls
sohonas> ls )a  -al
drwxr-xr-x   21 root     root         1024 Dec 31 19:03 ..
drwxr-xr-x    2 root     root         1024 Dec 31 19:03 .
sohonas> cd ..
sohonas> ls
system      volume1     proc        home        sbin
tmpmnt      var         mnt         etc         linuxrc
sys         tmp         lib         dev         bin
volume2     root        initrd      usr         lost+found
sohonas> cd  ls -alh
drwxr-xr-x    2 root     root         1.0k Dec 31 19:03 system
drwxr-xr-x    2 root     root         1.0k Dec 31 19:03 tmpmnt
drwxr-xr-x   10 root     root            0 Dec 31 19:03 sys
drwxr-xr-x    2 root     root         1.0k Jul  6  2006 volume2
drwxr-xr-x    2 root     root         1.0k Jul  6  2006 volume1
drwxr-xr-x    9 root     root         1.0k Dec 31 19:04 var
drwxrwxrwx    2 root     root         1.0k Dec 31 19:04 tmp
drwxrwxr-x    2 admin    root         1.0k Jul  6  2006 root
dr-xr-xr-x   38 root     root            0 Dec 31 19:03 proc
drwxr-xr-x    3 root     root         1.0k Dec 31 19:04 mnt
drwxr-xr-x    3 root     root         1.0k Jul  6  2006 lib
drwxr-xr-x    2 root     root         1.0k Jul  6  2006 initrd
drwxrwxrwx    2 root     root         1.0k Jul  6  2006 home
drwxrwxr-x    5 admin    root         1.0k Dec 31 19:04 etc
drwxr-xr-x    3 root     root         4.0k Dec 31 19:04 dev
drwxr-xr-x    9 root     root         1.0k Dec 31 19:03 usr
drwxr-xr-x    2 root     root         1.0k Dec 31 19:04 sbin
lrwxrwxrwx    1 root     root           11 Jul  6  2006 linuxrc -> bin/busybox
drwxr-xr-x    2 root     root         1.0k Jul  6  2006 bin
drwx------    2 root     root        12.0k Jul  6  2006 lost+found
drwxr-xr-x   21 root     root         1.0k Dec 31 19:03 ..
drwxr-xr-x   21 root     root         1.0k Dec 31 19:03 .
sohonas> cd ussohonas> cd usr/[J      ets
cd: 17: can't cd to ets
sohonas> sohonas> cd ets[J c
sohonas> ls
localtime
dhcpd.conf
HOSTNAME
rt2561.conf
RT2561.bin
RT2661.bin
RT2561S.bin
syslog.conf
thttpd.conf
ImageInfo
services
fstab
hosts.allow
initrd-etc-rc-1.10d-codb-save-to-flash.patch
setautoip.sh
sysconfig
ptable
rc
rc.usb
nsswitch.conf
ImageInfo~
hosts
dhcpcd.script
ld.so.conf
linetd.conf
mtab
resolv.conf
rc.RD.start
shells
host.conf
rc.conf
ftpusers
pam.d
VERSION
group
rc.network
passwd
protocols
securetty
sgroup_desc
rc.d
printcap
rc.start
profile
crontab
ImageInfo.bak
rc.curconf
rc.HD.start
exports
sohonas> ls -    ls -al
lrwxrwxrwx    1 root     root           21 Dec 31 19:04 localtime -> /usr/zoneinfo/Eastern
-rwxr-xr-x    1 root     root          227 Dec 31 19:04 dhcpd.conf
-rw-r--r--    1 root     root            8 Dec 31 19:04 HOSTNAME
-rwxr-xr-x    1 root     root         1146 Jul  6  2006 rt2561.conf
-rwxr-xr-x    1 root     root         8192 Jul  6  2006 RT2561.bin
-rwxr-xr-x    1 root     root         8192 Jul  6  2006 RT2661.bin
-rwxr-xr-x    1 root     root         8192 Jul  6  2006 RT2561S.bin
-rw-r--r--    1 root     root         1143 Dec 31 19:04 syslog.conf
-rw-r--r--    1 root     root          117 Jul  6  2006 thttpd.conf
-rwxr--r--    1 admin    root          385 Jul  6  2006 ImageInfo
-rwxrwxr-x    1 admin    root        20112 Sep 22  2004 services
-rwxrwxr-x    1 admin    root          116 May 27  2005 fstab
-rwxrwxr-x    1 admin    root          161 Sep 22  2004 hosts.allow
-rwxrwxr-x    1 admin    root         1156 Jun 17  2005 initrd-etc-rc-1.10d-codb-save-to-flash.patch
-rwxrwxr-x    1 admin    root          162 Nov 28  2005 setautoip.sh
drwxrwxr-x    3 admin    root         1024 Dec 31 19:04 sysconfig
-rwxrwxr-x    1 admin    root          263 Jan  3  2006 ptable
-rwxrwxr-x    1 admin    root         6993 Mar 20  2006 rc
-rwxrwxr-x    1 admin    root         2957 Mar 21  2005 rc.usb
-rwxrwxr-x    1 admin    root          403 Nov 18  2004 nsswitch.conf
-rwxrwxr-x    1 admin    root          340 May 26  2006 ImageInfo~
-rw-r--r--    1 admin    root           73 Dec 31 19:04 hosts
-rwxrwxr-x    1 admin    root         1357 Dec  8  2005 dhcpcd.script
-rwxrwxr-x    1 admin    root           35 Oct 29  2004 ld.so.conf
-rwxr-xr-x    1 admin    root           59 Dec 31 19:04 inetd.conf
-rwxrwxr-x    1 admin    root           33 Dec 31 19:04 mtab
-rw-r--r--    1 admin    root            0 Dec 31 19:04 resolv.conf
-rwxrwxr-x    1 admin    root         1937 Feb 21  2005 rc.RD.start
-rwxrwxr-x    1 admin    root           41 Sep 22  2004 shells
-rwxrwxr-x    1 admin    root           17 Sep 22  2004 host.conf
-rwxrwxr-x    1 admin    root          747 Jul  6  2006 rc.conf
-rwxrwxr-x    1 admin    root           21 Sep 22  2004 ftpusers
drwxrwxr-x    2 admin    root         1024 Jul  6  2006 pam.d
-rwxrwxr-x    1 admin    root           90 Sep 22  2004 VERSION
-rw-r--r--    1 admin    root           99 Dec 31 19:04 group
-rwxrwxr-x    1 admin    root         1945 Nov 25  2005 rc.network
-rwxrwxr-x    1 admin    root          321 Dec 31 19:04 passwd
-rwxrwxr-x    1 admin    root          398 Sep 22  2004 protocols
-rwxrwxr-x    1 admin    root          149 Sep 22  2004 securetty
-rwxrwxr-x    1 admin    root           27 Sep 22  2004 group_desc
drwxrwxr-x    2 admin    root         1024 Jul  6  2006 rc.d
-rwxrwxr-x    1 admin    root          179 Sep 22  2004 printcap
-rwxrwxr-x    1 admin    root        21007 May 12  2006 rc.start
-rwxrwxr-x    1 admin    root          441 Sep 22  2004 profile
-rwxrwxr-x    1 admin    root           75 Dec 28  2004 crontab
-rwxr--r--    1 admin    root          343 Jul  4  2006 ImageInfo.bak
-rwxrwxr-x    1 admin    root           71 Oct 17  2005 rc.curconf
-rwxrwxr-x    1 admin    root         4219 Oct 27  2005 rc.HD.start
-rwxrwxr-x    1 admin    root            0 Sep 22  2004 exports
drwxr-xr-x   21 root     root         1024 Dec 31 19:03 ..
drwxrwxr-x    5 admin    root         1024 Dec 31 19:04 .
sohonas> cat rt2561.conf
#The word of "Default" must not be removed
Default
CountryRegion=1
CountryRegionABand=7
CountryCode=
BssidNum=1
SSID=LinuxSoftAp
WirelessMode=0
TxRate=0
Channel=1
BasicRate=15
BeaconPeriod=100
DtimPeriod=1
TxPower=100
DisableOLBC=0
BGProtection=0
TxAntenna=1
RxAntenna=1
TxPreamble=0
RTSThreshold=2347
FragThreshold=2346
TxBurst=1
PktAggregate=0
TurboRate=0
WmmCapable=0
APAifsn=3;7;1;1
APCwmin=4;4;3;2
APCwmax=6;10;4;3
APTxop=0;0;94;47
APACM=0;0;0;0
BSSAifsn=3;7;2;2
BSSCwmin=4;4;3;2
BSSCwmax=10;10;4;3
BSSTxop=0;0;94;47
BSSACM=0;0;0;0
AckPolicy=0;0;0;0
NoForwarding=0
NoForwardingBTNBSSID=0
HideSSID=0
ShortSlot=1
AutoChannelSelect=0
IEEE8021X=0
IEEE80211H=0
CSPeriod=10
PreAuth=0
AuthMode=OPEN
EncrypType=NONE
RekeyInterval=0
RekeyMethod=DISABLE
PMKCachePeriod=10
WPAPSK=
DefaultKeyID=1
Key1Type=0
Key1Str=
Key2Type=0
Key2Str=
Key3Type=0
Key3Str=
Key4Type=0
Key4Str=
HSCounter=0
AccessPolicy0=0
AccessControlList0=
AccessPolicy1=0
AccessControlList1=
AccessPolicy2=0
AccessControlList2=
AccessPolicy3=0
AccessControlList3=
WdsEnable=0
WdsEncrypType=NONE
WdsList=
WdsKey=
RADIUS_Server=
RADIUS_Port=1812
RADIUS_Key=
own_ip_addr=
Ethifname=eth0
sohonas> ls
localtime
dhcpd.conf
HOSTNAME
rt2561.conf
RT2561.bin
RT2661.bin
RT2561S.bin
syslog.conf
thttpd.conf
ImageInfo
services
fstab
hosts.allow
initrd-etc-rc-1.10d-codb-save-to-flash.patch
setautoip.sh
sysconfig
ptable
rc
rc.usb
nsswitch.conf
ImageInfo~
hosts
dhcpcd.script
ld.so.conf
inetd.conf
mtab
resolv.conf
rc.RD.start
shells
host.conf
rc.conf
ftpusers
pam.d
VERSION
group
rc.network
passwd
protocols
securetty
group_desc
rc.d
printcap
rc.start
profile
crontab
ImageInfo.bak
rc.curconf
rc.HD.start
exports
sohonas> cd /lisohonas> cd /lib/[J
sohonas> ls
libc.so.6          libnss_dns.so.2    libresolv.so.2     libcrypt.so.1
modules            libnss_files.so.2  ld-linux.so.2
sohonas> cd mi osohonas> cd modules/[J
sohonas> ls
rt2561ap.ko  loop.ko
sohonas> ls
rt2561ap.ko  loop.ko
sohonas> cd /
sohonas> cd etsohonas> cd etc/[J
sohonas> ls
localtime
dhcpd.conf
HOSTNAME
rt2561.conf
RT2561.bin
RT2661.bin
RT2561S.bin
syslog.conf
thttpd.conf
ImageInfo
services
fstab
hosts.allow
initrd-etc-rc-1.10d-codb-save-to-flash.patch
setautoip.sh
sysconfig
ptable
rc
rc.usb
nsswitch.conf
ImageInfo~
hosts
dhcpcd.script
ld.so.conf
inetd.conf
mtab
resolv.conf
rc.RD.start
shells
host.conf
rc.conf
ftpusers
pam.d
VERSION
group
rc.network
passwd
protocols
securetty
group_desc
rc.d
printcap
rc.start
profile
crontab
ImageInfo.bak
rc.curconf
rc.HD.start
exports
sohonas> grep rt25 -R *
grep: invalid option -- R
BusyBox v1.00-rc3 (2006.07.06-12:37+0000) multi-call binary

Usage: grep [-ihHnqvs] PATTERN [FILEs...]

Search for PATTERN in each FILE or standard input.

Options:
	-H	prefix output lines with filename where match was found
	-h	suppress the prefixing filename on output
	-i	ignore case distinctions
	-l	list names of files that match
	-n	print line number with output lines
	-q	be quiet. Returns 0 if result was found, 1 otherwise
	-v	select non-matching lines
	-s	suppress file open/read error messages

sohonas> sohonas> grep rt25 -R *[J * r * *
grep: invalid option -- r
BusyBox v1.00-rc3 (2006.07.06-12:37+0000) multi-call binary

Usage: grep [-ihHnqvs] PATTERN [FILEs...]

Search for PATTERN in each FILE or standard input.

Options:
	-H	prefix output lines with filename where match was found
	-h	suppress the prefixing filename on output
	-i	ignore case distinctions
	-l	list names of files that match
	-n	print line number with output lines
	-q	be quiet. Returns 0 if result was found, 1 otherwise
	-v	select non-matching lines
	-s	suppress file open/read error messages

sohonas> sohonas> grep rt25 -r *[J    *
rc:	if [ -e /lib/modules/rt2561ap.ko ]; then	
rc:        	/sbin/insmod /lib/modules/rt2561ap.ko
rc:	if [ -e /lib/modules/rt2561ap.o ]; then	
rc:        	/sbin/insmod /lib/modules/rt2561ap.o
sohonas> cat rc
#!/bin/sh

HOME=/
PATH=/sbin:/bin:/usr/sbin:/usr/bin:/usr/hddapp/bin:/usr/hddapp/sbin:/usr/local/bin:/usr/local/sbin
export HOME PATH

echo "Mounting proc filesystem..."
mount -n -t proc /proc /proc

##debug_Aaron on 09/28/2005, for linux 2.6
uname -r | grep "2.6"
if [ $? = 0 ]; then
	mkdir -p /sys
	mount -n -t sysfs /sys /sys
	mount -t usbfs usbfs /proc/bus/usb 
else
	##debug_Aaron on 02/01/2005, support USB device filesystem
	mount -t usbdevfs usbdevfs /proc/bus/usb 
fi

. /etc/rc.curconf

echo "Mounting tmpfs to copy file from flash..."
mkdir -p /tmpmnt
##charles_TU, 11/15/2005, increase size from 20m to 30m for kernel 2.6
uname -r | grep "2.6"
if [ $? = 0 ]; then
	mount -t tmpfs tmpfs /tmpmnt -o size=30m
else
	mount -t tmpfs tmpfs /tmpmnt -o size=20m
fi

ConfList="/etc/rc.conf"
for ThisConfig in $ConfList;
do
	if [ -r "$ThisConfig" ]; then
		. $ThisConfig
	fi
done

##debug_Aaron, for hard disk boot up
echo HardDiskBootUp=$HardDiskBootUp
if [ $HardDiskBootUp = "YES" ]; then
        echo "Boot up from hard disk"
        if [ -e /etc/rc.HD.start ]; then
  		sh /etc/rc.HD.start
        fi
else
        echo "Boot up from flash"
	if [ -e /etc/rc.start ]; then
        	sh /etc/rc.start
	fi
fi

##debug_Aaron on 04/11/2005, support RTL8169 gigabit NIC
##charles_TU, 11/14/2005, for linux 2.6
uname -r | grep "2.6"
if [ $? = 0 ]; then
	if [ -e /lib/modules/r8169.ko ]; then
	      insmod /lib/modules/r8169.ko
	fi
else
	if [ -e /lib/modules/r8169.o ]; then
	      insmod /lib/modules/r8169.o
	fi
fi

##debug_Aaron on 03/11/2005, for libiconv.so.2
if [ -e /usr/hddapp/lib/samba/libiconv.so.2 ]; then
	ln -s /usr/hddapp/lib/samba/libiconv.so.2  /usr/lib/libiconv.so.2
fi

##debug_Aaron on 03/21/2006, for libid3tag.so.0.2.0
if [ -e /usr/hddapp/lib/libid3tag.so.0.2.0 ]; then
	ln -s /usr/hddapp/lib/libid3tag.so.0.2.0 /usr/lib/libid3tag.so.0
fi

# wait for mnt no busy
echo "Umount tmpfs..."
sleep 2
umount -f /tmpmnt

##debug_Aaron on 11/16/2004, must before udhcpc is started
/sbin/ifconfig eth0 up
if [ -x /usr/sausalito/sbin/cced ]; then
    if [ ! -e /system/ImageInfo ]; then 
	        rm -rf /usr/sausalito/conf/base/nfs
	        rm -rf /usr/sausalito/conf/base/samba
	        rm -rf /usr/susalito/conf/base/printer
	        rm -rf /usr/sausalito/conf/base/ftp
	        rm -rf /usr/sausalito/constructor/*ftp
          rm -rf /usr/sausalito/constructor/*nfs
          rm -rf /usr/sausalito/constructor/*samba
          rm -rf /usr/susalito/constructor/printer
	        rm -rf /usr/sausalito/constructor/*foldershare
    fi	

    ##charles_TU, 11/14/2005, for linux 2.6
    uname -r | grep "2.6"
    if [ $? = 0 ]; then
	if [ -e /lib/modules/rt2561ap.ko ]; then	
        	/sbin/insmod /lib/modules/rt2561ap.ko
	fi
    else
	if [ -e /lib/modules/rt2561ap.o ]; then	
        	/sbin/insmod /lib/modules/rt2561ap.o
	fi
    fi
 

    /usr/sausalito/sbin/cced 
    sleep 1
    /usr/sausalito/bin/sys_init > /dev/null 2>&1
    if [ -x /usr/sausalito/bin/hotplug ]; then
        ln -sf /usr/sausalito/bin/hotplug  /sbin/hotplug    
    fi
fi

##beck
if [ ! -x /usr/sausalito/sbin/cced ]; then

network_system="/etc/sysconfig/network"
HOSTNAME=`grep -s ^HOSTNAME ${network_system} | awk -F = '{print $2}' | sed 's/ //g'`
#
# Set the host name
#

if [ -z "${HOSTNAME}" ]; then
     HOSTNAME="${hostname:-nas.mydomain.com}"
fi
hostname ${HOSTNAME}
echo -n "Hostname: "
hostname

CWD=`pwd`
cd /etc/sysconfig/network-scripts

network_interfaces=`ls ifcfg* | sed 's/^ifcfg-//g'`

echo -n "Network interfaces: "
for thisif in $network_interfaces;
do
	echo -n "$thisif "
	ThisIfConf="/etc/sysconfig/network-scripts/ifcfg-${thisif}"
	BOOTPROTO=`grep -s ^BOOTPROTO ${ThisIfConf} | awk -F = '{print $2}' | sed 's/ //g'`
	if [ "${BOOTPROTO}" = "none" -o ${thisif} = "lo" ]; then
		IPADDR=`grep -s ^IPADDR ${ThisIfConf} | awk -F = '{print $2}' | sed 's/ //g'`
		NETMASK=`grep -s ^NETMASK ${ThisIfConf} | awk -F = '{print $2}' | sed 's/ //g'`
		thisvalue="inet ${IPADDR} netmask ${NETMASK}"
		eval \ifconfig_${thisif}='$thisvalue'
		GATEWAY=`grep -s ^GATEWAY ${network_system} | awk -F = '{print $2}' | sed 's/ //g'`
	else
       	eval \ifconfig_${thisif}='dhcp'
	fi
done

if [ -n "$GATEWAY" ]; then
	defaultrouter=$GATEWAY
fi

echo 
cd $CWD

for PidDir in /var/run /etc/dhcpc;
do
	rm -rf ${PidDir}/*.pid
done

if [ -r /etc/rc.network -a "${networking}" = "yes" ]; then
	. /etc/rc.network
	start_network
fi


fi
##beck


if [ -r "/etc/sysctl.conf" ]; then
	/sbin/sysctl -p /etc/sysctl.conf
fi

syslogd_enable="YES"
case ${syslogd_enable} in
[Yy][Ee][Ss])
	# Transitional symlink (for the next couple of years :) until all
	# binaries have had a chance to move towards /var/run/log.
	if [ ! -L /dev/log ]; then
		# might complain for r/o root f/s
		ln -sf /var/run/log /dev/log
	fi

	rm -f /var/run/log
	echo "Starting syslogd..."
	${syslogd_program:-/sbin/syslogd} ${syslogd_flags}
	;;
esac


if [ ! -x /usr/sausalito/sbin/cced ]; then
    case ${ntpdate_enable} in
    [Nn][Oo])
	    ;;
    *)
	    echo "Starting ntpdate..."; ${ntpdate_program:-/usr/bin/ntpdate} ${ntpdate_flags}
	    ;;
    esac
fi

case ${inetd_enable} in
[Nn][Oo])
	;;
*)
	echo "Starting inetd..."; ${inetd_program:-/usr/sbin/inetd} ${inetd_flags}
	;;
esac

case ${crond_enable} in
[Nn][Oo])
	;;
*)
	echo "Starting crond..."; ${crond_program:-/usr/sbin/crond} ${crond_flags}
	;;
esac

echo

##added by beckerh
if [  -x /usr/sausalito/sbin/cced ]; then
    /usr/sausalito/bin/constructor
    if [ -x /usr/sausalito/sbin/storudp ]; then
       /usr/sausalito/sbin/storudp
    fi
fi

#added by vivian
if [  -x /usr/sausalito/sbin/cced ]; then
    /usr/sausalito/handlers/base/power/powermgmt &
fi

if [ -r /etc/rc.local ]; then
	echo -n 'Starting local daemons:'
	sh /etc/rc.local
	echo '.'
fi

echo -n 'Local package initialization:'

if [ -x /usr/sausalito/sbin/cced ]; then
    if [ -z "${local_startup}" ]; then
	    local_startup="/etc/rc.d /usr/local/etc/rc.d"
    fi
else
    if [ -z "${local_startup}" ]; then
	    local_startup="/etc/rc.d  /usr/hddapp/etc/rc.d /usr/local/etc/rc.d"
    fi
fi

slist=""
for dir in ${local_startup}; do
	if [ -d "${dir}" ]; then
		for script in ${dir}/*.sh; do
			slist="${slist} ${script}"
		done
	fi
done

for script in ${slist}; do
	if [ -x "${script}" ]; then
		${script} start
	elif [ -f "${script}" -o -L "${script}" ]; then
		echo -n " (skipping ${script##*/}, not executable)"
	fi
done

if [ -x /sbin/upnpdevice ]; then
       /sbin/upnpdevice &
fi

if [ ! -x /usr/sausalito/sbin/cced ]; then
	##debug_Aaron on 11/16/2005, for Apple Bonjour
	if [ -x /sbin/mDNSResponderPosix ]; then
		/sbin/mDNSResponderPosix -n "Storlink NAS" -t _http._tcp -p 80 -b
	fi

	##debug_Aaron on 03/21/2006, for Apple iTune server
        if [ -x /sbin/mDNSResponderPosix ]; then
                /sbin/mDNSResponderPosix -n "Storlink iTune music box" -t _daap._tcp -p 3689 -b
        fi

	if [ -x /sbin/daapd ]; then
		/sbin/daapd -c /usr/hddapp/etc/daapd.conf &
	fi
fi

echo '.'

echo ''

date

exit 0
sohonas> cd /etc
sohonas> l;s
-ash: l: not found
-ash: s: not found
sohonas> ls
localtime
dhcpd.conf
HOSTNAME
rt2561.conf
RT2561.bin
RT2661.bin
RT2561S.bin
syslog.conf
thttpd.conf
ImageInfo
services
fstab
hosts.allow
initrd-etc-rc-1.10d-codb-save-to-flash.patch
setautoip.sh
sysconfig
ptable
rc
rc.usb
nsswitch.conf
ImageInfo~
hosts
dhcpcd.script
ld.so.conf
inetd.conf
mtab
resolv.conf
rc.RD.start
shells
host.conf
rc.conf
ftpusers
pam.d
VERSION
group
rc.network
passwd
protocols
securetty
group_desc
rc.d
printcap
rc.start
profile
crontab
ImageInfo.bak
rc.curconf
rc.HD.start
exports
sohonas> l more rc
-ash: more: not found
sohonas> less rc
-ash: less: not found
sohonas> ls
localtime
dhcpd.conf
HOSTNAME
rt2561.conf
RT2561.bin
RT2661.bin
RT2561S.bin
syslog.conf
thttpd.conf
ImageInfo
services
fstab
hosts.allow
initrd-etc-rc-1.10d-codb-save-to-flash.patch
setautoip.sh
sysconfig
ptable
rc
rc.usb
nsswitch.conf
ImageInfo~
hosts
dhcpcd.script
ld.so.conf
inetd.conf
mtab
resolv.conf
rc.RD.start
shells
host.conf
rc.conf
ftpusers
pam.d
VERSION
group
rc.network
passwd
protocols
securetty
group_desc
rc.d
printcap
rc.start
profile
crontab
ImageInfo.bak
rc.curconf
rc.HD.start
exports
sohonas> cqt fstsohonas> cqt fstab [J         qt  at fstsohonas> cat fstab [J
/dev/ram0 / ext2 defaults  1  1
none /proc proc defaults 0 0
/dev/hda1 /volume1 auto defaults,usrquota,grpquota 0 0
sohonas> cqt m√π     qt    at mtqb  q ab
-ash: cqat: not found
sohonas> ls
localtime
dhcpd.conf
HOSTNAME
rt2561.conf
RT2561.bin
RT2661.bin
RT2561S.bin
syslog.conf
thttpd.conf
ImageInfo
services
fstab
hosts.allow
initrd-etc-rc-1.10d-codb-save-to-flash.patch
setautoip.sh
sysconfig
ptable
rc
rc.usb
nsswitch.conf
ImageInfo~
hosts
dhcpcd.script
ld.so.conf
inetd.conf
mtab
resolv.conf
rc.RD.start
shells
host.conf
rc.conf
ftpusers
pam.d
VERSION
group
rc.network
passwd
protocols
securetty
group_desc
rc.d
printcap
rc.start
profile
crontab
ImageInfo.bak
rc.curconf
rc.HD.start
exports
sohonas> cqt    at h thsohonas> cat thttpd.conf [J
user=root
cgipat=**.cgi
logfile=/dev/null
pidfile=/var/run/thttpd.pid
port=80
globalpasswd
dir=/usr/webroot
nochroot
sohonas> ps
  PID  Uid     VmSize Stat Command
    1 root        540 S   init       
    2 root            SW< [ksoftirqd/0]
    3 root            SW< [desched/0]
    4 root            SW< [events/0]
    5 root            SW< [khelper]
   10 root            SW< [kthread]
   21 root            SW< [kblockd/0]
   34 root            SW  [khubd]
   75 root            SW  [pdflush]
   76 root            SW  [pdflush]
   78 root            SW< [aio/0]
   77 root            SW  [kswapd0]
  871 root            SW  [eth0]
  892 root       1076 S   /usr/sausalito/sbin/cced 
  982 root        604 S   /usr/sausalito/handlers/base/basic/linkChg 
 1085 root        748 S   /sbin/syslogd 
 1141 root        516 S   /usr/sbin/inetd 
 1160 root        596 S   /usr/sausalito/handlers/base/bonjour/subConflict 
 1167 root        648 S   /usr/sbin/crond 
 1174 root        580 S   /sbin/mDNSResponderPosix -n sohonas -t _http._tcp. -p
 1182 root        484 S   /usr/sausalito/sbin/storudp 
 1184 root        524 S   /usr/sausalito/handlers/base/power/powermgmt 
 1201 root        648 S   /usr/sbin/crond 
 1207 root        836 S   /usr/sbin/thttpd -C /etc/thttpd.conf 
 1209 root        608 S   /sbin/upnpdevice 
 1215 root        816 S   -ash 
 1246 root        636 R   ps 
sohonas> telent   net
-ash: telnet: not found
sohonas> ifconfig
eth0      Link encap:Ethernet  HWaddr 00:18:97:00:14:1B  
          inet addr:169.254.48.240  Bcast:169.254.255.255  Mask:255.255.0.0
          UP BROADCAST RUNNING MULTICAST  MTU:1500  Metric:1
          RX packets:0 errors:0 dropped:0 overruns:0 frame:0
          TX packets:0 errors:0 dropped:0 overruns:0 carrier:0
          collisions:0 txqueuelen:1000 
          RX bytes:0 (0.0 B)  TX bytes:0 (0.0 B)
          Interrupt:1 

lo        Link encap:Local Loopback  
          inet addr:127.0.0.1  Mask:255.0.0.0
          UP LOOPBACK RUNNING  MTU:16436  Metric:1
          RX packets:16 errors:0 dropped:0 overruns:0 frame:0
          TX packets:16 errors:0 dropped:0 overruns:0 carrier:0
          collisions:0 txqueuelen:0 
          RX bytes:1040 (1.0 KiB)  TX bytes:1040 (1.0 KiB)

sohonas> sohonas> ifconfig[J -q a
eth0      Link encap:Ethernet  HWaddr 00:18:97:00:14:1B  
          inet addr:169.254.48.240  Bcast:169.254.255.255  Mask:255.255.0.0
          UP BROADCAST RUNNING MULTICAST  MTU:1500  Metric:1
          RX packets:0 errors:0 dropped:0 overruns:0 frame:0
          TX packets:0 errors:0 dropped:0 overruns:0 carrier:0
          collisions:0 txqueuelen:1000 
          RX bytes:0 (0.0 B)  TX bytes:0 (0.0 B)
          Interrupt:1 

eth1      Link encap:Ethernet  HWaddr 00:00:00:00:00:00  
          BROADCAST MULTICAST  MTU:1500  Metric:1
          RX packets:0 errors:0 dropped:0 overruns:0 frame:0
          TX packets:0 errors:0 dropped:0 overruns:0 carrier:0
          collisions:0 txqueuelen:1000 
          RX bytes:0 (0.0 B)  TX bytes:0 (0.0 B)
          Interrupt:1 

lo        Link encap:Local Loopback  
          inet addr:127.0.0.1  Mask:255.0.0.0
          UP LOOPBACK RUNNING  MTU:16436  Metric:1
          RX packets:16 errors:0 dropped:0 overruns:0 frame:0
          TX packets:16 errors:0 dropped:0 overruns:0 carrier:0
          collisions:0 txqueuelen:0 
          RX bytes:1040 (1.0 KiB)  TX bytes:1040 (1.0 KiB)

sohonas> sohonas> ifconfig -a[J
eth0      Link encap:Ethernet  HWaddr 00:18:97:00:14:1B  
          inet addr:169.254.48.240  Bcast:169.254.255.255  Mask:255.255.0.0
          UP BROADCAST RUNNING MULTICAST  MTU:1500  Metric:1
          RX packets:0 errors:0 dropped:0 overruns:0 frame:0
          TX packets:0 errors:0 dropped:0 overruns:0 carrier:0
          collisions:0 txqueuelen:1000 
          RX bytes:0 (0.0 B)  TX bytes:0 (0.0 B)
          Interrupt:1 

eth1      Link encap:Ethernet  HWaddr 00:00:00:00:00:00  
          BROADCAST MULTICAST  MTU:1500  Metric:1
          RX packets:0 errors:0 dropped:0 overruns:0 frame:0
          TX packets:0 errors:0 dropped:0 overruns:0 carrier:0
          collisions:0 txqueuelen:1000 
          RX bytes:0 (0.0 B)  TX bytes:0 (0.0 B)
          Interrupt:1 

lo        Link encap:Local Loopback  
          inet addr:127.0.0.1  Mask:255.0.0.0
          UP LOOPBACK RUNNING  MTU:16436  Metric:1
          RX packets:16 errors:0 dropped:0 overruns:0 frame:0
          TX packets:16 errors:0 dropped:0 overruns:0 carrier:0
          collisions:0 txqueuelen:0 
          RX bytes:1040 (1.0 KiB)  TX bytes:1040 (1.0 KiB)

sohonas> cd /sbsohonas> cd /sbin/[J
sohonas> ls
hotplug             losetup             insmod
brctl               sfdisk              ifdown
rt61apd             loumount            fdisk
mdadm               e2fsck              poweroff
mDNSResponderPosix  mke2fs              ifconfig
AVH-IPv4LL          mkdosfs             getty
upnpdevice          dosfsck             syslogd
smtpblast           killall5            init
dhcpd               mkswap              swapoff
smartctl            swapon              ifup
hdparm              halt                udhcpc
klogd               lsmod               rmmod
setsid              route
lomount             reboot
sohonas> cd    ls
hotplug             losetup             insmod
brctl               sfdisk              ifdown
rt61apd             loumount            fdisk
mdadm               e2fsck              poweroff
mDNSResponderPosix  mke2fs              ifconfig
AVH-IPv4LL          mkdosfs             getty
cupnpdevice          dosfsck             syslogd
smtpblast           killall5            init
dhcpd               mkswap              swapoff
smartctl            swapon              ifup
hdparm              halt                udhcpc
klogd               lsmod               rmmod
dsetsid              route
lomount             reboot
sohonas> cd /ussohonas> cd /usr/[Jsb[7Dsohonas> cd /usr/sbin/[J
sohonas> ls
iwpriv   thttpd   inetd    telnetd  crond
sohonas> ps
  PID  Uid     VmSize Stat Command
    1 root        540 S   init       
    2 root            SW< [ksoftirqd/0]
    3 root            SW< [desched/0]
    4 root            SW< [events/0]
    5 root            SW< [khelper]
   10 root            SW< [kthread]
   21 root            SW< [kblockd/0]
   34 root            SW  [khubd]
   75 root            SW  [pdflush]
   76 root            SW  [pdflush]
   78 root            SW< [aio/0]
   77 root            SW  [kswapd0]
  871 root            SW  [eth0]
  892 root       1076 S   /usr/sausalito/sbin/cced 
  982 root        604 S   /usr/sausalito/handlers/base/basic/linkChg 
 1085 root        748 S   /sbin/syslogd 
 1141 root        516 S   /usr/sbin/inetd 
 1160 root        596 S   /usr/sausalito/handlers/base/bonjour/subConflict 
 1167 root        648 S   /usr/sbin/crond 
 1174 root        580 S   /sbin/mDNSResponderPosix -n sohonas -t _http._tcp. -p
 1182 root        484 S   /usr/sausalito/sbin/storudp 
 1184 root        524 S   /usr/sausalito/handlers/base/power/powermgmt 
 1201 root        648 S   /usr/sbin/crond 
 1207 root        836 S   /usr/sbin/thttpd -C /etc/thttpd.conf 
 1209 root        608 S   /sbin/upnpdevice 
 1215 root        816 S   -ash 
 1253 root        636 R   ps 
sohonas> cd /ussohonas> cd /usr/[J
sohonas> ls
share      sausalito  zoneinfo   lib        webroot    sbin       bin
sohonas> cd sq asohonas> cd sausalito/[J
sohonas> ls
cced.socket  schemas      lib          constructor  codb
sessions     sbin         handlers     conf         bin
sohonas> ls )q  -ql
ls: invalid option -- q
BusyBox v1.00-rc3 (2006.07.06-12:37+0000) multi-call binary

Usage: ls [-1AacCdeFilnpLRsTtuwxhk] [filenames...]

List directory contents

Options:
	-1	list files in a single column
	-A	do not list implied . and ..
	-a	do not hide entries starting with .
	-C	list entries by columns
	-c	with -l: show ctime
	-d	list directory entries instead of contents
	-e	list both full date and full time
	-F	append indicator (one of */=@|) to entries
	-i	list the i-node for each file
	-l	use a long listing format
	-n	list numeric UIDs and GIDs instead of names
	-p	append indicator (one of /=@|) to entries
	-L	list entries pointed to by symbolic links
	-R	list subdirectories recursively
	-s	list the size of each file, in blocks
	-T NUM	assume Tabstop every NUM columns
	-t	with -l: show modification time
	-u	with -l: show access time
	-w NUM	assume the terminal is NUM columns wide
	-x	list entries by lines instead of by columns
	-h	print sizes in human readable format (e.g., 1K 243M 2G )


sohonas> sohonas> ls -ql[J  al
srw-rw-rw-    1 root     root            0 Dec 31 19:04 cced.socket
drwxr-xr-x    2 root     root         1024 Jul  6  2006 sessions
drwxr-xr-x    3 root     root         1024 Dec 31 19:03 schemas
drwxr-xr-x    2 root     root         1024 Dec 31 19:03 sbin
drwxr-xr-x    3 root     root         1024 Dec 31 19:03 lib
drwxr-xr-x    3 root     root         1024 Dec 31 19:03 handlers
drwxr-xr-x    2 root     root         1024 Dec 31 19:04 constructor
drwxr-xr-x    3 root     root         1024 Dec 31 19:03 conf
drwxr-xr-x    3 root     root         1024 Dec 31 19:04 codb
drwxr-xr-x    2 root     root         1024 Dec 31 19:03 bin
drwxr-xr-x    9 root     root         1024 Dec 31 19:03 ..
drwxr-xr-x   11 root     root         1024 Dec 31 19:04 .
sohonas> cd sbsohonas> cd sbin/[J
sohonas> ls
storudp  cced
sohonas> ls    ls -al
-rwxr-xr-x    1 root     root        14868 Jul  6  2006 storudp
-rwxr-xr-x    1 root     root       139584 Jul  6  2006 cced
drwxr-xr-x   11 root     root         1024 Dec 31 19:04 ..
drwxr-xr-x    2 root     root         1024 Dec 31 19:03 .
sohonas> cd ::
cd: 65: can't cd to ::
sohonas> cd ..
sohonas> ls
cced.socket  schemas      lib          constructor  codb
sessions     sbin         handlers     conf         bin
sohonas> cd cosohonas> cd co[Jdsohonas> cd codb/[J
sohonas> ls
codb.oids   connectnum  objects
sohonas> ls    ls -al
-rw-------    1 root     root            3 Dec 31 19:04 codb.oids
-rw-------    1 root     root            2 Dec 31 19:04 connectnum
drwx------   10 root     root         1024 Dec 31 19:04 objects
drwxr-xr-x   11 root     root         1024 Dec 31 19:04 ..
drwxr-xr-x    3 root     root         1024 Dec 31 19:04 .
sohonas> cd ..
sohonas> ls
cced.socket  schemas      lib          constructor  codb
sessions     sbin         handlers     conf         bin
sohonas> cd schsohonas> cd schemas/[J
sohonas> ls
base
sohonas> cd basohonas> cd base/[J
sohonas> ls
configuration      guestshare         bonjour            ftp
disk               basic              telnet             samba
dhcpd              printer            usb_disk           time
errorNotification  foldershare        disk_crypt         nfs
wizard             upgrade            basetypes.schema
sohonas> czt    at     xs    cd /etc
sohonas> ls
localtime
dhcpd.conf
HOSTNAME
rt2561.conf
RT2561.bin
RT2661.bin
RT2561S.bin
syslog.conf
thttpd.conf
ImageInfo
services
fstab
hosts.allow
initrd-etc-rc-1.10d-codb-save-to-flash.patch
setautoip.sh
sysconfig
ptable
rc
rc.usb
nsswitch.conf
ImageInfo~
hosts
dhcpcd.script
ld.so.conf
inetd.conf
mtab
resolv.conf
rc.RD.start
shells
host.conf
rc.conf
ftpusers
pam.d
VERSION
group
rc.network
passwd
protocols
securetty
group_desc
rc.d
printcap
rc.start
profile
crontab
ImageInfo.bak
rc.curconf
rc.HD.start
exports
sohonas> CÅ$  @ö(("(!&f"ö ﬁöì∞¡—  «àR4j“í∆ ofÅ/íÄ)πÅ¯˛Link Down
Link Up (0000)
Storlink EMAC address = 00189700141b
Ethernet eth0: MAC address 00:18:97:00:14:1bøIP: 192.168.2.71, Default server: 0.0.0.0

RedBoot(tm) bootstrap and debug environment [ROMRAM]
Storlink release, version S000.9016 - built 21:17:16, Apr  4 2006

Platform: Storlink Sword (ARM9) 
Copyright (C) 2000, 2001, 2002, Red Hat, Inc.

Use Internal PCI Clock 
Processor: SL3316a3
IDE0 Enable       
AHB Bus Clock:108MHz    Ratio:3/2
RAM: 0x00000000-0x04000000, 0x00049f80-0x03fef000 available
FLASH: 0x70000000 - 0x70800000, 135 blocks of 0x00010000 bytes each.
==> enter ^C to abort booting within 3 seconds ...... 
Start Copy 1572864 bytes from 0x70040000 to 0x1600000 
Start Copy 2097152 bytes from 0x701c0000 to 0x800000 
Go
Uncompressing Linux................................................................................................. done, booting the kernel.
Linux version 2.6.10_dev-versatile926ejs (root@vic-desktop) (gcc version 3.4.4) #1 Thu Jul 6 20:37:05 CST 2006
CPU: FA52Xid(wb) [66015261] revision 1 (ARMv4)
CPU0: D VIVT write-back cache
CPU0: I cache: 8192 bytes, associativity 2, 16 byte lines, 256 sets
CPU0: D cache: 4096 bytes, associativity 2, 16 byte lines, 128 sets
Machine: Sword sl2312
Ignoring unrecognised tag 0x00000000
Memory policy: ECC disabled, Data cache writeback
Built 1 zonelists
Kernel command line: root=/dev/ram0 rw console=ttySL0,19200 initrd=0x0800000,16M
PID hash table entries: 512 (order: 9, 8192 bytes)
Bus: 108MHz(3/2)
Console: colour dummy device 80x30
sl2312 console setup : 
Dentry cache hash table entries: 16384 (order: 4, 65536 bytes)
Inode-cache hash table entries: 8192 (order: 3, 32768 bytes)
Memory: 64MB = 64MB total
Memory: 45216KB available (2308K code, 754K data, 92K init)
Mount-cache hash table entries: 512 (order: 0, 4096 bytes)
CPU: Testing write buffer coherency: ok
spawn_desched_task(00000000)
desched cpu_callback 3/00000000
ksoftirqd started up.
desched cpu_callback 2/00000000
checking if image is initramfs...desched thread 0 started up.
it isn't (no cpio magic); looks like an initrd
Freeing initrd memory: 16384K
NET: Registered protocol family 16
PCI: bus0: Fast back to back transfers disabled
SCSI subsystem initialized
usbcore: registered new driver usbfs
usbcore: registered new driver hub
sl2312 Gpio init
GPIO initial OK
NetWinder Floating Point Emulator V0.97 (double precision)
VFS: Disk quotas dquot_6.5.1
Dquot-cache hash table entries: 1024 (order 0, 4096 bytes)
Installing knfsd (copyright (C) 1996 okir@monad.swb.de).
NTFS driver 2.1.22 [Flags: R/O].
Initializing Cryptographic API
ipsec_init : cryptographic accelerator 
ipsec tx_desc = ffc00000
ipsec rx_desc = ffc01000
ipsec tx_desc_dma = 01711000
ipsec rx_desc_dma = 01712000
Real Time Clock Driver v0.10
Storlink Power Control Initialization
ttySL0 at MMIO 0x22000000 (irq = 6) is a SL2312
io scheduler noop registered
RAMDISK driver initialized: 4 RAM disks of 16384K size 1024 blocksize
Uniform Multi-Platform E-IDE driver Revision: 7.00alpha2
ide: Assuming 33MHz system bus speed for PIO modes; override with idebus=xx
ide 1: physical = 52800000, virtual = c480e000, irq = 3
    ide0: MMIO-DMA , BIOS settings: hda:pio, hdb:pio
hda: Maxtor 6L300R0, ATA DISK drive
HD speed:U6 (0x46)
HD speed:U6 (0x46)
elevator: using noop as default io scheduler
ide0 at 0xc480e020-0xc480e027,0xc480e036 on irq 3
hda: max request size: 1024KiB
hda: 586114704 sectors (300090 MB) w/16384KiB Cache, CHS=36483/255/63, (U)DMA
 hda: hda1 hda2 hda3 hda4
SL2312 MTD Driver Init.......
SL2312 MTD Driver Init Success ......
sl2312-ohci sl2312-ohci: new USB bus registered, assigned bus number 1
hub 1-0:1.0: USB hub found
hub 1-0:1.0: 1 port detected
usbcore: registered new driver usblp
drivers/usb/class/usblp.c: v0.13: USB Printer Device Class driver
Initializing USB Mass Storage driver...
usbcore: registered new driver usb-storage
USB Mass Storage support registered.
mice: PS/2 mouse device common for all mice
NET: Registered protocol family 2
IP: routing cache hash table of 512 buckets, 4Kbytes
TCP: Hash tables configured (established 4096 bind 8192)
NET: Registered protocol family 1
NET: Registered protocol family 17
NET: Registered protocol family 15
802.1Q VLAN Support v1.8 Ben Greear <greearb@candelatech.com>
All bugs added by David S. Miller <davem@redhat.com>
emac_init_module:EMAC initialized for A3 Chip !
Support NAPI Driver.
eth0: Dropping NETIF_F_SG since no checksum feature.
Configure VID 1
Support NAPI Driver.
eth1: Dropping NETIF_F_SG since no checksum feature.
Configure VID 2
Get ADM identifier ffffffff
ADM699X not Found
RAMDISK: Compressed image found at block 0
VFS: Mounted root (ext2 filesystem).
Freeing init memory: 92K
Mounting proc filesystem...
2.6.10_dev-versatile926ejs
Mounting tmpfs to copy file from flash...
2.6.10_dev-versatile926ejs
HardDiskBootUp=NO
Boot up from flash
Checking and Mounting filesystem(s) ...
Copy hddapp.bz2 from flash to Ramdisk...
Î€Ûˇ_Îù§ÓÔÀèBˇù˚üÓÁÔùˇœCœü¶cÁs•ú‹˚8192+0 records in
8192+0 records out




(none) login: root
login[771]: root login  on `ttySL0'



BusyBox v1.00-rc3 (2006.07.06-12:37+0000) Built-in shell (ash)
Enter 'help' for a list of built-in commands.

hostname: (none): Host name lookup failure
hostname: (none): Host name lookup failure
> help

Built-in commands:
-------------------
	. : alias bg break cd chdir continue eval exec exit export false
	fg hash help jobs kill let local pwd read readonly return set
	shift times trap true type ulimit umask unalias unset wait

> ps
  PID  Uid     VmSize Stat Command
    1 root        540 S   init       
    2 root            SW< [ksoftirqd/0]
    3 root            SW< [desched/0]
    4 root            SW< [events/0]
    5 root            SW< [khelper]
   10 root            SW< [kthread]
   21 root            SW< [kblockd/0]
   34 root            SW  [khubd]
   75 root            SW  [pdflush]
   76 root            SW  [pdflush]
   78 root            SW< [aio/0]
   77 root            SW  [kswapd0]
  771 root        704 S   -ash 
  774 root        636 R   ps 
> top
-ash: top: not found
> p cat /pro[4D> cat /proc/[Jcpuingfo   fo
Processor	: FA52Xid(wb) rev 1 (v4l)
BogoMIPS	: 64.71
Features	: swp half thumb 
CPU implementer	: 0x66
CPU architecture: 4
CPU variant	: 0x0
CPU part	: 0x526
CPU revision	: 1
Cache type	: write-back
Cache clean	: cp15 c7 ops
Cache lockdown	: format B
Cache format	: Harvard
I size		: 8192
I assoc		: 2
I line length	: 16
I sets		: 256
D size		: 4096
D assoc		: 2
D line length	: 16
D sets		: 128

Hardware	: Sword sl2312
Revision	: 0000
Serial		: 0000000000000000
> cat /pro[4D> cat /proc/[Jmoun[10D> cat /proc/mounts [J
rootfs / rootfs rw 0 0
/dev/root / ext2 rw 0 0
/proc /proc proc rw,nodiratime 0 0
/sys /sys sysfs rw 0 0
usbfs /proc/bus/usb usbfs rw 0 0
tmpfs /tmpmnt tmpfs rw 0 0
> cd    ls
> cd    cd /
> ls
tmpmnt      var         mnt         etc         linuxrc
sys         tmp         lib         dev         bin
volume2     root        initrd      usr         lost+found
volume1     proc        home        sbin
> cd    cd    cd vol> cd volume[J2[7D> cd volume2/[J
> ls
> cd ..
> s dmesg
-ash: dmesg: not found
> cat /pro[4D> cat /proc/[Jkm[8D> cat /proc/kmsg [J
kobj_path: path = '/class/mtd/mtd4'
<7>kobject_hotplug: /sbin/hotplug mtd seq=679 HOME=/ PATH=/sbin:/bin:/usr/sbin:/usr/bin ACTION=add DEVPATH=/class/mtd/mtd4 SUBSYSTEM=mtd
<7>kobject_hotplug - call_usermodehelper returned -2
<7>kobject mtd4ro: registering. parent: mtd, set: class_obj
<7>kobject_hotplug
<7>fill_kobj_path: path = '/class/mtd/mtd4ro'
<7>kobject_hotplug: /sbin/hotplug mtd seq=680 HOME=/ PATH=/sbin:/bin:/usr/sbin:/usr/bin ACTION=add DEVPATH=/class/mtd/mtd4ro SUBSYSTEM=mtd
<7>kobject_hotplug - call_usermodehelper returned -2
<5>0x007d0000-0x007f0000 : "CurConf"
<7>kobject mtd5: registering. parent: mtd, set: class_obj
<7>kobject_hotplug
<7>fill_kobj_path: path = '/class/mtd/mtd5'
<7>kobject_hotplug: /sbin/hotplug mtd seq=681 HOME=/ PATH=/sbin:/bin:/usr/sbin:/usr/bin ACTION=add DEVPATH=/class/mtd/mtd5 SUBSYSTEM=mtd
<7>kobject_hotplug - call_usermodehelper returned -2
<7>kobject mtd5ro: registering. parent: mtd, set: class_obj
<7>kobject_hotplug
<7>fill_kobj_path: path = '/class/mtd/mtd5ro'
<7>kobject_hotplug: /sbin/hotplug mtd seq=682 HOME=/ PATH=/sbin:/bin:/usr/sbin:/usr/bin ACTION=add DEVPATH=/class/mtd/mtd5ro SUBSYSTEM=mtd
<7>kobject_hotplug - call_usermodehelper returned -2
<5>0x007f0000-0x00800000 : "FIS directory"
<7>kobject mtd6: registering. parent: mtd, set: class_obj
<7>kobject_hotplug
<7>fill_kobj_path: path = '/class/mtd/mtd6'
<7>kobject_hotplug: /sbin/hotplug mtd seq=683 HOME=/ PATH=/sbin:/bin:/usr/sbin:/usr/bin ACTION=add DEVPATH=/class/mtd/mtd6 SUBSYSTEM=mtd
<7>kobject_hotplug - call_usermodehelper returned -2
<7>kobject mtd6ro: registering. parent: mtd, set: class_obj
<7>kobject_hotplug
<7>fill_kobj_path: path = '/class/mtd/mtd6ro'
<7>kobject_hotplug: /sbin/hotplug mtd seq=684 HOME=/ PATH=/sbin:/bin:/usr/sbin:/usr/bin ACTION=add DEVPATH=/class/mtd/mtd6ro SUBSYSTEM=mtd
<7>kobject_hotplug - call_usermodehelper returned -2
<4>SL2312 MTD Driver Init Success ......
<7>kobject sl2312-ohci: registering. parent: <NULL>, set: drivers
<7>kobject_hotplug
<7>fill_kobj_path: path = '/bus/platform/drivers/sl2312-ohci'
<7>kobject_hotplug: /sbin/hotplug drivers seq=685 HOME=/ PATH=/sbin:/bin:/usr/sbin:/usr/bin ACTION=add DEVPATH=/bus/platform/drivers/sl2312-ohci SUBSYSTEM=drivers
<7>kobject_hotplug - call_usermodehelper returned -2
<7>kobject usb1: registering. parent: usb_host, set: class_obj
<7>kobject_hotplug
<7>fill_kobj_path: path = '/class/usb_host/usb1'
<7>fill_kobj_path: path = '/devices/platform/sl2312-ohci'
<7>kobject_hotplug: /sbin/hotplug usb_host seq=686 HOME=/ PATH=/sbin:/bin:/usr/sbin:/usr/bin ACTION=add DEVPATH=/class/usb_host/usb1 SUBSYSTEM=usb_host
<7>kobject_hotplug - call_usermodehelper returned -2
<6>sl2312-ohci sl2312-ohci: new USB bus registered, assigned bus number 1
<7>kobject usb1: registering. parent: sl2312-ohci, set: devices
<7>kobject_hotplug
<7>fill_kobj_path: path = '/devices/platform/sl2312-ohci/usb1'
