[[f>toc]]

+ Refuse the Windows XP OEM license

> Microsoft Windows XP Edition familiale  Service Pack 3
> 
> CONTRAT DE LICENCE UTILISATEUR FINAL POUR 
> LOGICIEL MICROSOFT
> 
> [...]
> 
> EN INSTALLANT, EN COPIANT OU EN UTILISANT DE 
> TOUTE AUTRE MANIERE LE LOGICIEL, VOUS 
> RECONNAISSEZ ETRE LIE PAR LES TERMES DU 
> PRESENT CLUF. Si vous etes en desaccord avec 
> les termes du present CLUF, vous n'avez pas 
> le droit d'utiliser ou de copier le LOGICIEL 
> et vous devez contacter rapidement le 
> Fabricant afin d'obtenir des instructions 
> pour le retour du ou des produits inutilises 
> et **leur remboursement** conformement aux 
> conditions de retour du Fabricant.

+ Get a refund from Asus Belgium
       
> ASUS CASEID=RTM2009031XXXXXX-XXX Please click the Survey icon at the right side to give us service experience you Please click here if you wish to reply this had with ASUS for providing better service and future improvements.
> 
> Bonjour,
> 
> je viens d'avoir pour info que nous avons pas de procedure de remboursement concernant la belgique.
> 
> pour cela vous povez voir directement avec le renvendeur qui fera appelel au grossite.
> 
> En vous souhaitant une bonne journee,
> Cordialement,
> 
> Arnaud,
> SAV Asus France,
> Hotline : 01.70.94.94.00 (Prix d'un appel local)
> Fax : 01.49.32.96.99
> Merci de laisser les differentes reponses faites par le service technique, sin on le mail ne sera pas traite.
> 
>  ---------- Original Message ----------
> From : bh@udev.org
> Sent : 10/03/2009 20:59:08
> To : "tsd@asus.com.tw"
> Subject : Re: Re: <TSD> Eee Family Eee PC 1000H/XP [ID=RTM2009030XXXXXX-XXX]
> 
> [CASEID=TM200903XXXXXXX]
> 
> 2009/3/6 Arnaud Valenti <tsd@asus.com.tw>:
> > ASUS CASEID=RTM20090306XXXXXX-XXX
> > Merci,
> >
> > je transfert tout de suite votre mail.
> 
> Merci. Que dois-je faire maintenant?
> 
> Puis-je ouvrir mon PC et formatter le disque?
> 
> Si il etait possible de mettre les informations concernant le
> remboursement de Windows OEM sur votre site, ce serait bien utile.
> 
> Bien cordialement,
> 
> --
> Benjamin Henrion <bhenrion at ffii.org>
> FFII Brussels - +32-484-566109 - +32-2-4148403
> 
> References
> 
> Visible links
> http://vip.asus.com/eservice/techsurvey.aspx?ID=RTM20090310XXXXXX-XXX
> http://vip.asus.com/eservice/techmailreply.aspx?ID=RTM20090310XXXXXX-XXX

+ Install Ubuntu

++ Download Eeebuntu

URL of the ISO file [http://garr.dl.sourceforge.net/sourceforge/eeebuntu/eeebuntu-2.0-standard.iso here].

++ Install it on a USB key

[[code]]
$ sudo apt-get install syslinux mtools
$ wget http://download.ubuntu-fr-secours.org/isotostick.sh
$ chmod +x isotostick.sh
$ sudo ./isotostick.sh ubuntu-7.10-desktop-i386.iso /dev/sdb1
Not verifying image...(no checkisomd5 in Ubuntu so skipping)!
Copying live image to USB stick
cp: cannot create symbolic link `/media/usbdev.Z14301/dists/stable': Operation not permitted
cp: cannot create symbolic link `/media/usbdev.Z14301/dists/unstable': Operation not permitted
Installing boot loader
USB stick set up as live image!
[[/code]]

There is also a local copy of [http://zoobab.wikidot.com/local--files/eeepc1000h/isotostick.sh isotostick.sh here].

I run into a bug under a machine running Karmic:

[[code]]
zoobab@gierek /home/zoobab/soft/eeebuntu [30]$ sudo ./isotostick.sh eeebuntu-3.0-standard.iso /dev/sdc1
Not verifying image...(no checkisomd5 in Ubuntu so skipping)!
./isotostick.sh: line 103: /lib/udev/vol_id: No such file or directory
USB filesystem must be vfat or ext[23]
Cleaning up to exit...
zoobab@gierek /home/zoobab/soft/eeebuntu [31]$ 
[[/code]]

It seems that vol_id has disappeared from the [http://packages.ubuntu.com/search?suite=karmic&arch=any&mode=exactfilename&searchon=contents&keywords=vol_id udev package for karmic], while it is still present for the [http://packages.ubuntu.com/search?suite=jaunty&arch=any&mode=exactfilename&searchon=contents&keywords=vol_id jaunty] or older versions.

+ Battery

The first time you use the battery, empty it first, then charge it in full, then discharge it in full. It seems to be needed in order to avoid [http://en.wikipedia.org/wiki/Memory_effect battery memory effect].

+ Lspci

[[code]]
00:00.0 Host bridge: Intel Corporation Mobile 945GME Express Memory Controller Hub (rev 03)
00:02.0 VGA compatible controller: Intel Corporation Mobile 945GME Express Integrated Graphics Controller (rev 03)
00:02.1 Display controller: Intel Corporation Mobile 945GM/GMS/GME, 943/940GML Express Integrated Graphics Controller (rev 03)
00:1b.0 Audio device: Intel Corporation 82801G (ICH7 Family) High Definition Audio Controller (rev 02)
00:1c.0 PCI bridge: Intel Corporation 82801G (ICH7 Family) PCI Express Port 1 (rev 02)
00:1c.1 PCI bridge: Intel Corporation 82801G (ICH7 Family) PCI Express Port 2 (rev 02)
00:1c.3 PCI bridge: Intel Corporation 82801G (ICH7 Family) PCI Express Port 4 (rev 02)
00:1d.0 USB Controller: Intel Corporation 82801G (ICH7 Family) USB UHCI Controller #1 (rev 02)
00:1d.1 USB Controller: Intel Corporation 82801G (ICH7 Family) USB UHCI Controller #2 (rev 02)
00:1d.2 USB Controller: Intel Corporation 82801G (ICH7 Family) USB UHCI Controller #3 (rev 02)
00:1d.3 USB Controller: Intel Corporation 82801G (ICH7 Family) USB UHCI Controller #4 (rev 02)
00:1d.7 USB Controller: Intel Corporation 82801G (ICH7 Family) USB2 EHCI Controller (rev 02)
00:1e.0 PCI bridge: Intel Corporation 82801 Mobile PCI Bridge (rev e2)
00:1f.0 ISA bridge: Intel Corporation 82801GBM (ICH7-M) LPC Interface Bridge (rev 02)
00:1f.2 IDE interface: Intel Corporation 82801GBM/GHM (ICH7 Family) SATA IDE Controller (rev 02)
01:00.0 Network controller: RaLink Device 0781
03:00.0 Ethernet controller: Attansic Technology Corp. L1 Gigabit Ethernet Adapter (rev b0)
[[/code]]

+ Dmesg

[[code]]

[    0.000000] Initializing cgroup subsys cpuset
[    0.000000] Initializing cgroup subsys cpu
[    0.000000] Linux version 2.6.27-8-eeepc (root@adamm-laptop) (gcc version 4.3.2 (Ubuntu 4.3.2-1ubuntu11) ) #1 SMP Sun Nov 16 12:02:12 MST 2008 (Ubuntu 2.6.27-8.17eeepc1-eeepc)
[    0.000000] BIOS-provided physical RAM map:
[    0.000000]  BIOS-e820: 0000000000000000 - 000000000009fc00 (usable)
[    0.000000]  BIOS-e820: 000000000009fc00 - 00000000000a0000 (reserved)
[    0.000000]  BIOS-e820: 00000000000e2000 - 0000000000100000 (reserved)
[    0.000000]  BIOS-e820: 0000000000100000 - 000000003f7a0000 (usable)
[    0.000000]  BIOS-e820: 000000003f7a0000 - 000000003f7ae000 (ACPI data)
[    0.000000]  BIOS-e820: 000000003f7ae000 - 000000003f7f0000 (ACPI NVS)
[    0.000000]  BIOS-e820: 000000003f7f0000 - 000000003f800000 (reserved)
[    0.000000]  BIOS-e820: 00000000fee00000 - 00000000fee01000 (reserved)
[    0.000000]  BIOS-e820: 00000000fff80000 - 0000000100000000 (reserved)
[    0.000000] DMI present.
[    0.000000] AMI BIOS detected: BIOS may corrupt low RAM, working it around.
[    0.000000] last_pfn = 0x3f7a0 max_arch_pfn = 0x100000
[    0.000000] kernel direct mapping tables up to 38000000 @ 10000-15000
[    0.000000] RAMDISK: 3efd0000 - 3f78f577
[    0.000000] Allocated new RAMDISK: 0059b000 - 00d5a577
[    0.000000] Move RAMDISK from 000000003efd0000 - 000000003f78f576 to 0059b000 - 00d5a576
[    0.000000] ACPI: RSDP 000FB9E0, 0014 (r0 ACPIAM)
[    0.000000] ACPI: RSDT 3F7A0000, 003C (r1 A_M_I_ OEMRSDT  10000817 MSFT       97)
[    0.000000] ACPI: FACP 3F7A0200, 0084 (r2 A_M_I_ OEMFACP  10000817 MSFT       97)
[    0.000000] ACPI: DSDT 3F7A05B0, 5124 (r1  A1028 A1028000        0 INTL 20051117)
[    0.000000] ACPI: FACS 3F7AE000, 0040
[    0.000000] ACPI: APIC 3F7A0390, 005C (r1 A_M_I_ OEMAPIC  10000817 MSFT       97)
[    0.000000] ACPI: MCFG 3F7A03F0, 003C (r1 A_M_I_ OEMMCFG  10000817 MSFT       97)
[    0.000000] ACPI: OEMB 3F7AE040, 0061 (r1 A_M_I_ AMI_OEM  10000817 MSFT       97)
[    0.000000] ACPI: HPET 3F7A56E0, 0038 (r1 A_M_I_ OEMHPET  10000817 MSFT       97)
[    0.000000] ACPI: SSDT 3F7AEB80, 04F0 (r1  PmRef    CpuPm     3000 INTL 20051117)
[    0.000000] 119MB HIGHMEM available.
[    0.000000] 896MB LOWMEM available.
[    0.000000]   mapped low ram: 0 - 38000000
[    0.000000]   low ram: 00000000 - 38000000
[    0.000000]   bootmap 00011000 - 00018000
[    0.000000] (9 early reservations) ==> bootmem [0000000000 - 0038000000]
[    0.000000]   #0 [0000000000 - 0000001000]   BIOS data page ==> [0000000000 - 0000001000]
[    0.000000]   #1 [0000001000 - 0000002000]    EX TRAMPOLINE ==> [0000001000 - 0000002000]
[    0.000000]   #2 [0000006000 - 0000007000]       TRAMPOLINE ==> [0000006000 - 0000007000]
[    0.000000]   #3 [0000100000 - 0000597120]    TEXT DATA BSS ==> [0000100000 - 0000597120]
[    0.000000]   #4 [0000598000 - 000059b000]    INIT_PG_TABLE ==> [0000598000 - 000059b000]
[    0.000000]   #5 [000009fc00 - 0000100000]    BIOS reserved ==> [000009fc00 - 0000100000]
[    0.000000]   #6 [0000010000 - 0000011000]          PGTABLE ==> [0000010000 - 0000011000]
[    0.000000]   #7 [000059b000 - 0000d5a577]      NEW RAMDISK ==> [000059b000 - 0000d5a577]
[    0.000000]   #8 [0000011000 - 0000018000]          BOOTMAP ==> [0000011000 - 0000018000]
[    0.000000] found SMP MP-table at [c00ff780] 000ff780
[    0.000000] Zone PFN ranges:
[    0.000000]   DMA      0x00000010 -> 0x00001000
[    0.000000]   Normal   0x00001000 -> 0x00038000
[    0.000000]   HighMem  0x00038000 -> 0x0003f7a0
[    0.000000] Movable zone start PFN for each node
[    0.000000] early_node_map[2] active PFN ranges
[    0.000000]     0: 0x00000010 -> 0x0000009f
[    0.000000]     0: 0x00000100 -> 0x0003f7a0
[    0.000000] On node 0 totalpages: 259887
[    0.000000] free_area_init_node: node 0, pgdat c0481b80, node_mem_map c1000240
[    0.000000]   DMA zone: 3947 pages, LIFO batch:0
[    0.000000]   Normal zone: 223300 pages, LIFO batch:31
[    0.000000]   HighMem zone: 30354 pages, LIFO batch:7
[    0.000000] ACPI: PM-Timer IO Port: 0x808
[    0.000000] ACPI: Local APIC address 0xfee00000
[    0.000000] ACPI: LAPIC (acpi_id[0x01] lapic_id[0x00] enabled)
[    0.000000] ACPI: LAPIC (acpi_id[0x02] lapic_id[0x01] enabled)
[    0.000000] ACPI: IOAPIC (id[0x02] address[0xfec00000] gsi_base[0])
[    0.000000] IOAPIC[0]: apic_id 2, version 32, address 0xfec00000, GSI 0-23
[    0.000000] ACPI: INT_SRC_OVR (bus 0 bus_irq 0 global_irq 2 dfl dfl)
[    0.000000] ACPI: INT_SRC_OVR (bus 0 bus_irq 9 global_irq 9 high level)
[    0.000000] ACPI: IRQ0 used by override.
[    0.000000] ACPI: IRQ2 used by override.
[    0.000000] ACPI: IRQ9 used by override.
[    0.000000] Enabling APIC mode:  Flat.  Using 1 I/O APICs
[    0.000000] ACPI: HPET id: 0xffffffff base: 0xfed00000
[    0.000000] Using ACPI (MADT) for SMP configuration information
[    0.000000] SMP: Allowing 2 CPUs, 0 hotplug CPUs
[    0.000000] mapped APIC to ffffb000 (fee00000)
[    0.000000] mapped IOAPIC to ffffa000 (fec00000)
[    0.000000] PM: Registered nosave memory: 000000000009f000 - 00000000000a0000
[    0.000000] PM: Registered nosave memory: 00000000000a0000 - 00000000000e2000
[    0.000000] PM: Registered nosave memory: 00000000000e2000 - 0000000000100000
[    0.000000] Allocating PCI resources starting at 40000000 (gap: 3f800000:bf600000)
[    0.000000] PERCPU: Allocating 41628 bytes of per cpu data
[    0.000000] NR_CPUS: 2, nr_cpu_ids: 2, nr_node_ids 1
[    0.000000] Built 1 zonelists in Zone order, mobility grouping on.  Total pages: 257601
[    0.000000] Kernel command line: BOOT_IMAGE=/casper/vmlinuz file=/cdrom/preseed/ubuntu.seed boot=casper initrd=/casper/initrd.gz quiet splash --
[    0.000000] Enabling fast FPU save and restore... done.
[    0.000000] Enabling unmasked SIMD FPU exception support... done.
[    0.000000] Initializing CPU#0
[    0.000000] PID hash table entries: 4096 (order: 12, 16384 bytes)
[    0.000000] TSC: PIT calibration confirmed by PMTIMER.
[    0.000000] TSC: using PMTIMER calibration value
[    0.000000] Detected 1595.985 MHz processor.
[    0.004000] Console: colour VGA+ 80x25
[    0.004000] console [tty0] enabled
[    0.004000] Dentry cache hash table entries: 131072 (order: 7, 524288 bytes)
[    0.004000] Inode-cache hash table entries: 65536 (order: 6, 262144 bytes)
[    0.004000] Memory: 1016468k/1040000k available (2548k kernel code, 22716k reserved, 1115k data, 332k init, 122496k highmem)
[    0.004000] virtual kernel memory layout:
[    0.004000]     fixmap  : 0xfff9e000 - 0xfffff000   ( 388 kB)
[    0.004000]     pkmap   : 0xff800000 - 0xffc00000   (4096 kB)
[    0.004000]     vmalloc : 0xf8800000 - 0xff7fe000   ( 111 MB)
[    0.004000]     lowmem  : 0xc0000000 - 0xf8000000   ( 896 MB)
[    0.004000]       .init : 0xc049b000 - 0xc04ee000   ( 332 kB)
[    0.004000]       .data : 0xc037d274 - 0xc0494180   (1115 kB)
[    0.004000]       .text : 0xc0100000 - 0xc037d274   (2548 kB)
[    0.004000] Checking if this processor honours the WP bit even in supervisor mode...Ok.
[    0.004000] CPA: page pool initialized 1 of 1 pages preallocated
[    0.004000] SLUB: Genslabs=12, HWalign=64, Order=0-3, MinObjects=0, CPUs=2, Nodes=1
[    0.004000] hpet clockevent registered
[    0.004000] Calibrating delay loop (skipped), value calculated using timer frequency.. 3191.97 BogoMIPS (lpj=6383940)
[    0.004000] Security Framework initialized
[    0.004000] SELinux:  Disabled at boot.
[    0.004000] AppArmor: AppArmor initialized
[    0.004000] Mount-cache hash table entries: 512
[    0.004000] Initializing cgroup subsys ns
[    0.004000] Initializing cgroup subsys cpuacct
[    0.004000] Initializing cgroup subsys memory
[    0.004000] CPU: L1 I cache: 32K, L1 D cache: 24K
[    0.004000] CPU: L2 cache: 512K
[    0.004000] CPU: Physical Processor ID: 0
[    0.004000] using mwait in idle threads.
[    0.004000] Checking 'hlt' instruction... OK.
[    0.018994] ACPI: Core revision 20080609
[    0.021239] ACPI: Checking initramfs for custom DSDT
[    0.536311] ENABLING IO-APIC IRQs
[    0.536532] ..TIMER: vector=0x31 apic1=0 pin1=2 apic2=-1 pin2=-1
[    0.577913] CPU0: Intel(R) Atom(TM) CPU N270   @ 1.60GHz stepping 02
[    0.580031] APIC calibration not consistent with PM Timer: 135ms instead of 100ms
[    0.580031] APIC delta adjusted to PM-Timer: 831249 (1130484)
[    0.580031] Booting processor 1/1 ip 6000
[    0.004000] Initializing CPU#1
[    0.004000] Calibrating delay using timer specific routine.. 3191.95 BogoMIPS (lpj=6383904)
[    0.004000] CPU: L1 I cache: 32K, L1 D cache: 24K
[    0.004000] CPU: L2 cache: 512K
[    0.004000] CPU: Physical Processor ID: 0
[    0.664331] CPU1: Intel(R) Atom(TM) CPU N270   @ 1.60GHz stepping 02
[    0.664371] checking TSC synchronization [CPU#0 -> CPU#1]: passed.
[    0.668071] Brought up 2 CPUs
[    0.668079] Total of 2 processors activated (6383.92 BogoMIPS).
[    0.668112] CPU0 attaching sched-domain:
[    0.668118]  domain 0: span 0-1 level SIBLING
[    0.668123]   groups: 0 1
[    0.668132]   domain 1: span 0-1 level CPU
[    0.668137]    groups: 0-1
[    0.668145] CPU1 attaching sched-domain:
[    0.668150]  domain 0: span 0-1 level SIBLING
[    0.668155]   groups: 1 0
[    0.668162]   domain 1: span 0-1 level CPU
[    0.668167]    groups: 0-1
[    0.668353] net_namespace: 840 bytes
[    0.668353] Booting paravirtualized kernel on bare hardware
[    0.668608] Time: 16:45:50  Date: 03/11/09
[    0.668663] NET: Registered protocol family 16
[    0.668711] ACPI: bus type pci registered
[    0.668711] PCI: MCFG configuration 0: base e0000000 segment 0 buses 0 - 63
[    0.668711] PCI: Not using MMCONFIG.
[    0.668711] PCI: PCI BIOS revision 3.00 entry at 0xf0031, last bus=5
[    0.668711] PCI: Using configuration type 1 for base access
[    0.674049] ACPI: EC: Look up EC in DSDT
[    0.690445] ACPI: Interpreter enabled
[    0.690454] ACPI: (supports S0 S1 S3 S4 S5)
[    0.690497] ACPI: Using IOAPIC for interrupt routing
[    0.690652] PCI: MCFG configuration 0: base e0000000 segment 0 buses 0 - 63
[    0.696407] PCI: MCFG area at e0000000 reserved in ACPI motherboard resources
[    0.696414] PCI: Using MMCONFIG for extended config space
[    0.712437] ACPI: EC: GPE = 0x1c, I/O: command/status = 0x66, data = 0x62
[    0.712437] ACPI: EC: driver started in poll mode
[    0.712437] ACPI: PCI Root Bridge [PCI0] (0000:00)
[    0.712437] PCI: 0000:00:02.0 reg 10 32bit mmio: [f7f00000, f7f7ffff]
[    0.712437] PCI: 0000:00:02.0 reg 14 io port: [dc00, dc07]
[    0.712437] PCI: 0000:00:02.0 reg 18 32bit mmio: [d0000000, dfffffff]
[    0.712437] PCI: 0000:00:02.0 reg 1c 32bit mmio: [f7ec0000, f7efffff]
[    0.712437] PCI: 0000:00:02.1 reg 10 32bit mmio: [f7f80000, f7ffffff]
[    0.712437] PCI: 0000:00:1b.0 reg 10 64bit mmio: [f7eb8000, f7ebbfff]
[    0.712437] pci 0000:00:1b.0: PME# supported from D0 D3hot D3cold
[    0.712437] pci 0000:00:1b.0: PME# disabled
[    0.712508] pci 0000:00:1c.0: PME# supported from D0 D3hot D3cold
[    0.712517] pci 0000:00:1c.0: PME# disabled
[    0.712602] pci 0000:00:1c.1: PME# supported from D0 D3hot D3cold
[    0.712611] pci 0000:00:1c.1: PME# disabled
[    0.712698] pci 0000:00:1c.3: PME# supported from D0 D3hot D3cold
[    0.712707] pci 0000:00:1c.3: PME# disabled
[    0.712773] PCI: 0000:00:1d.0 reg 20 io port: [d400, d41f]
[    0.712854] PCI: 0000:00:1d.1 reg 20 io port: [d480, d49f]
[    0.712933] PCI: 0000:00:1d.2 reg 20 io port: [d800, d81f]
[    0.713012] PCI: 0000:00:1d.3 reg 20 io port: [d880, d89f]
[    0.713093] PCI: 0000:00:1d.7 reg 10 32bit mmio: [f7eb7c00, f7eb7fff]
[    0.716080] pci 0000:00:1d.7: PME# supported from D0 D3hot D3cold
[    0.716090] pci 0000:00:1d.7: PME# disabled
[    0.716267] pci 0000:00:1f.0: quirk: region 0800-087f claimed by ICH6 ACPI/GPIO/TCO
[    0.716275] pci 0000:00:1f.0: quirk: region 0480-04bf claimed by ICH6 GPIO
[    0.716334] PCI: 0000:00:1f.2 reg 10 io port: [0, 7]
[    0.716346] PCI: 0000:00:1f.2 reg 14 io port: [0, 3]
[    0.716358] PCI: 0000:00:1f.2 reg 18 io port: [0, 7]
[    0.716369] PCI: 0000:00:1f.2 reg 1c io port: [0, 3]
[    0.716381] PCI: 0000:00:1f.2 reg 20 io port: [ffa0, ffaf]
[    0.716420] pci 0000:00:1f.2: PME# supported from D3hot
[    0.716429] pci 0000:00:1f.2: PME# disabled
[    0.716600] PCI: 0000:03:00.0 reg 10 64bit mmio: [fbfc0000, fbffffff]
[    0.716615] PCI: 0000:03:00.0 reg 18 io port: [ec00, ec7f]
[    0.716693] pci 0000:03:00.0: PME# supported from D3hot D3cold
[    0.716702] pci 0000:03:00.0: PME# disabled
[    0.716765] PCI: bridge 0000:00:1c.1 io port: [e000, efff]
[    0.716773] PCI: bridge 0000:00:1c.1 32bit mmio: [fbf00000, fbffffff]
[    0.716853] PCI: 0000:01:00.0 reg 10 32bit mmio: [fbef0000, fbefffff]
[    0.716945] pci 0000:01:00.0: PME# supported from D0 D3hot
[    0.716954] pci 0000:01:00.0: PME# disabled
[    0.717020] PCI: bridge 0000:00:1c.3 32bit mmio: [f8000000, fbefffff]
[    0.717033] PCI: bridge 0000:00:1c.3 64bit mmio pref: [f0000000, f6ffffff]
[    0.717106] pci 0000:00:1e.0: transparent bridge
[    0.717155] bus 00 -> node 0
[    0.717171] ACPI: PCI Interrupt Routing Table [\_SB_.PCI0._PRT]
[    0.717797] ACPI: PCI Interrupt Routing Table [\_SB_.PCI0.P0P5._PRT]
[    0.718056] ACPI: PCI Interrupt Routing Table [\_SB_.PCI0.P0P7._PRT]
[    0.752371] ACPI: PCI Interrupt Link [LNKA] (IRQs 3 4 *5 6 7 10 11 12 14 15)
[    0.752438] ACPI: PCI Interrupt Link [LNKB] (IRQs 3 4 5 6 7 *10 11 12 14 15)
[    0.752830] ACPI: PCI Interrupt Link [LNKC] (IRQs 3 4 5 6 *7 10 11 12 14 15)
[    0.753220] ACPI: PCI Interrupt Link [LNKD] (IRQs 3 4 5 6 7 10 *11 12 14 15)
[    0.753611] ACPI: PCI Interrupt Link [LNKE] (IRQs 3 4 5 6 7 10 11 12 14 15) *0, disabled.
[    0.754003] ACPI: PCI Interrupt Link [LNKF] (IRQs 3 4 5 6 7 10 11 12 14 15) *0, disabled.
[    0.754395] ACPI: PCI Interrupt Link [LNKG] (IRQs 3 4 5 6 7 10 11 12 14 15) *0, disabled.
[    0.754790] ACPI: PCI Interrupt Link [LNKH] (IRQs *3 4 5 6 7 10 11 12 14 15)
[    0.754965] Linux Plug and Play Support v0.97 (c) Adam Belay
[    0.754965] pnp: PnP ACPI init
[    0.754965] ACPI: bus type pnp registered
[    0.761134] pnp: PnP ACPI: found 13 devices
[    0.761141] ACPI: ACPI bus type pnp unregistered
[    0.761187] PCI: Using ACPI for IRQ routing
[    0.764061] NET: Registered protocol family 8
[    0.764069] NET: Registered protocol family 20
[    0.764107] NetLabel: Initializing
[    0.764107] NetLabel:  domain hash size = 128
[    0.764107] NetLabel:  protocols = UNLABELED CIPSOv4
[    0.764107] NetLabel:  unlabeled traffic allowed by default
[    0.764120] hpet0: at MMIO 0xfed00000, IRQs 2, 8, 0
[    0.764130] hpet0: 3 64-bit timers, 14318180 Hz
[    0.766301] tracer: 772 pages allocated for 65536 entries of 48 bytes
[    0.766306]    actual entries 65620
[    0.766488] AppArmor: AppArmor Filesystem Enabled
[    0.766527] ACPI: RTC can wake from S4
[    0.768057] Switched to high resolution mode on CPU 0
[    0.768399] Switched to high resolution mode on CPU 1
[    0.768462] system 00:01: iomem range 0xfed13000-0xfed19fff has been reserved
[    0.768487] system 00:08: ioport range 0x25c-0x25f has been reserved
[    0.768494] system 00:08: ioport range 0x380-0x383 has been reserved
[    0.768501] system 00:08: ioport range 0x400-0x41f has been reserved
[    0.768507] system 00:08: ioport range 0x4d0-0x4d1 has been reserved
[    0.768514] system 00:08: ioport range 0x800-0x87f has been reserved
[    0.768522] system 00:08: ioport range 0x480-0x4bf has been reserved
[    0.768530] system 00:08: iomem range 0x8c000000-0x8c01ffff has been reserved
[    0.768537] system 00:08: iomem range 0xfed1c000-0xfed1ffff has been reserved
[    0.768545] system 00:08: iomem range 0xfed20000-0xfed3ffff has been reserved
[    0.768552] system 00:08: iomem range 0xfed50000-0xfed8ffff has been reserved
[    0.768559] system 00:08: iomem range 0xffb00000-0xffbfffff has been reserved
[    0.768567] system 00:08: iomem range 0xfff00000-0xffffffff could not be reserved
[    0.768582] system 00:0a: iomem range 0xfec00000-0xfec00fff has been reserved
[    0.768590] system 00:0a: iomem range 0xfee00000-0xfee00fff could not be reserved
[    0.768605] system 00:0b: iomem range 0xe0000000-0xe3ffffff has been reserved
[    0.768620] system 00:0c: iomem range 0x0-0x9ffff could not be reserved
[    0.768627] system 00:0c: iomem range 0xc0000-0xcffff could not be reserved
[    0.768634] system 00:0c: iomem range 0xe0000-0xfffff could not be reserved
[    0.768641] system 00:0c: iomem range 0x100000-0x3f7fffff could not be reserved
[    0.804817] pci 0000:00:1c.0: PCI bridge, secondary bus 0000:04
[    0.804825] pci 0000:00:1c.0:   IO window: disabled
[    0.804835] pci 0000:00:1c.0:   MEM window: disabled
[    0.804843] pci 0000:00:1c.0:   PREFETCH window: disabled
[    0.804856] pci 0000:00:1c.1: PCI bridge, secondary bus 0000:03
[    0.804863] pci 0000:00:1c.1:   IO window: 0xe000-0xefff
[    0.804874] pci 0000:00:1c.1:   MEM window: 0xfbf00000-0xfbffffff
[    0.804882] pci 0000:00:1c.1:   PREFETCH window: disabled
[    0.804894] pci 0000:00:1c.3: PCI bridge, secondary bus 0000:01
[    0.804899] pci 0000:00:1c.3:   IO window: disabled
[    0.804909] pci 0000:00:1c.3:   MEM window: 0xf8000000-0xfbefffff
[    0.804918] pci 0000:00:1c.3:   PREFETCH window: 0x000000f0000000-0x000000f6ffffff
[    0.804931] pci 0000:00:1e.0: PCI bridge, secondary bus 0000:05
[    0.804936] pci 0000:00:1e.0:   IO window: disabled
[    0.804946] pci 0000:00:1e.0:   MEM window: disabled
[    0.804954] pci 0000:00:1e.0:   PREFETCH window: disabled
[    0.804987] pci 0000:00:1c.0: PCI INT A -> GSI 16 (level, low) -> IRQ 16
[    0.805009] pci 0000:00:1c.0: setting latency timer to 64
[    0.805027] pci 0000:00:1c.1: PCI INT B -> GSI 17 (level, low) -> IRQ 17
[    0.805036] pci 0000:00:1c.1: setting latency timer to 64
[    0.805053] pci 0000:00:1c.3: PCI INT D -> GSI 19 (level, low) -> IRQ 19
[    0.805062] pci 0000:00:1c.3: setting latency timer to 64
[    0.805075] pci 0000:00:1e.0: setting latency timer to 64
[    0.805083] bus: 00 index 0 io port: [0, ffff]
[    0.805088] bus: 00 index 1 mmio: [0, ffffffff]
[    0.805093] bus: 04 index 0 mmio: [0, 0]
[    0.805097] bus: 04 index 1 mmio: [0, 0]
[    0.805102] bus: 04 index 2 mmio: [0, 0]
[    0.805106] bus: 04 index 3 mmio: [0, 0]
[    0.805111] bus: 03 index 0 io port: [e000, efff]
[    0.805116] bus: 03 index 1 mmio: [fbf00000, fbffffff]
[    0.805121] bus: 03 index 2 mmio: [0, 0]
[    0.805125] bus: 03 index 3 mmio: [0, 0]
[    0.805129] bus: 01 index 0 mmio: [0, 0]
[    0.805134] bus: 01 index 1 mmio: [f8000000, fbefffff]
[    0.805139] bus: 01 index 2 mmio: [f0000000, f6ffffff]
[    0.805144] bus: 01 index 3 mmio: [0, 0]
[    0.805149] bus: 05 index 0 mmio: [0, 0]
[    0.805153] bus: 05 index 1 mmio: [0, 0]
[    0.805157] bus: 05 index 2 mmio: [0, 0]
[    0.805162] bus: 05 index 3 io port: [0, ffff]
[    0.805166] bus: 05 index 4 mmio: [0, ffffffff]
[    0.805186] NET: Registered protocol family 2
[    0.817140] IP route cache hash table entries: 32768 (order: 5, 131072 bytes)
[    0.817690] TCP established hash table entries: 131072 (order: 8, 1048576 bytes)
[    0.818556] TCP bind hash table entries: 65536 (order: 7, 524288 bytes)
[    0.819032] TCP: Hash tables configured (established 131072 bind 65536)
[    0.819039] TCP reno registered
[    0.821195] NET: Registered protocol family 1
[    0.821431] checking if image is initramfs... it is
[    1.881098] Freeing initrd memory: 7933k freed
[    1.883797] audit: initializing netlink socket (disabled)
[    1.883824] type=2000 audit(1236789950.880:1): initialized
[    1.893849] highmem bounce pool size: 64 pages
[    1.893865] HugeTLB registered 4 MB page size, pre-allocated 0 pages
[    1.900269] VFS: Disk quotas dquot_6.5.1
[    1.900491] Dquot-cache hash table entries: 1024 (order 0, 4096 bytes)
[    1.900762] msgmni has been set to 1762
[    1.901079] io scheduler noop registered
[    1.901085] io scheduler anticipatory registered
[    1.901090] io scheduler deadline registered
[    1.901123] io scheduler cfq registered (default)
[    1.901149] pci 0000:00:02.0: Boot video device
[    1.901518] pcieport-driver 0000:00:1c.0: setting latency timer to 64
[    1.901581] pcieport-driver 0000:00:1c.0: found MSI capability
[    1.901646] pci_express 0000:00:1c.0:pcie00: allocate port service
[    1.901758] pci_express 0000:00:1c.0:pcie02: allocate port service
[    1.901870] pci_express 0000:00:1c.0:pcie03: allocate port service
[    1.902076] pcieport-driver 0000:00:1c.1: setting latency timer to 64
[    1.902136] pcieport-driver 0000:00:1c.1: found MSI capability
[    1.902196] pci_express 0000:00:1c.1:pcie00: allocate port service
[    1.902298] pci_express 0000:00:1c.1:pcie02: allocate port service
[    1.902412] pci_express 0000:00:1c.1:pcie03: allocate port service
[    1.902625] pcieport-driver 0000:00:1c.3: setting latency timer to 64
[    1.902686] pcieport-driver 0000:00:1c.3: found MSI capability
[    1.902746] pci_express 0000:00:1c.3:pcie00: allocate port service
[    1.902856] pci_express 0000:00:1c.3:pcie02: allocate port service
[    1.902978] pci_express 0000:00:1c.3:pcie03: allocate port service
[    2.005481] hpet_resources: 0xfed00000 is busy
[    2.005656] Serial: 8250/16550 driver4 ports, IRQ sharing enabled
[    2.011531] brd: module loaded
[    2.011717] input: Macintosh mouse button emulation as /devices/virtual/input/input0
[    2.012016] PNP: PS/2 Controller [PNP0303:PS2K,PNP0f13:PS2M] at 0x60,0x64 irq 1,12
[    2.043947] serio: i8042 KBD port at 0x60,0x64 irq 1
[    2.043962] serio: i8042 AUX port at 0x60,0x64 irq 12
[    2.044771] mice: PS/2 mouse device common for all mice
[    2.045171] rtc_cmos 00:03: rtc core: registered rtc_cmos as rtc0
[    2.045221] rtc0: alarms up to one month, hpet irqs
[    2.045334] cpuidle: using governor ladder
[    2.045341] cpuidle: using governor menu
[    2.046697] TCP cubic registered
[    2.046760] Using IPI No-Shortcut mode
[    2.047352] registered taskstats version 1
[    2.047576]   Magic number: 1:739:792
[    2.047669] tty ptyr0: hash matches
[    2.047760] rtc_cmos 00:03: setting system clock to 2009-03-11 16:45:51 UTC (1236789951)
[    2.047768] BIOS EDD facility v0.16 2004-Jun-25, 0 devices found
[    2.047772] EDD information not available.
[    2.048064] Freeing unused kernel memory: 332k freed
[    2.048203] Write protecting the kernel text: 2552k
[    2.048284] Write protecting the kernel read-only data: 928k
[    2.073086] input: AT Translated Set 2 keyboard as /devices/platform/i8042/serio0/input/input1
[    2.341144] fuse init (API version 7.9)
[    2.466097] ACPI: SSDT 3F7AE180, 023C (r1  PmRef  Cpu0Ist     3000 INTL 20051117)
[    2.467022] ACPI: SSDT 3F7AE450, 0724 (r1  PmRef  Cpu0Cst     3001 INTL 20051117)
[    2.620565] Monitor-Mwait will be used to enter C-1 state
[    2.620574] Monitor-Mwait will be used to enter C-2 state
[    2.621061] ACPI: CPU0 (power states: C1[C1] C2[C2])
[    2.621212] processor ACPI0007:00: registered as cooling_device0
[    2.621229] ACPI: Processor [P001] (supports 8 throttling states)
[    2.622039] ACPI: SSDT 3F7AE0B0, 00CC (r1  PmRef  Cpu1Ist     3000 INTL 20051117)
[    2.622813] ACPI: SSDT 3F7AE3C0, 0085 (r1  PmRef  Cpu1Cst     3000 INTL 20051117)
[    2.623991] Marking TSC unstable due to TSC halts in idle
[    2.624462] ACPI: CPU1 (power states: C1[C1] C2[C2])
[    2.624612] processor ACPI0007:01: registered as cooling_device1
[    2.624634] ACPI: Processor [P002] (supports 8 throttling states)
[    2.631927] ACPI: EC: non-query interrupt received, switching to interrupt mode
[    2.650509] thermal LNXTHERM:01: registered as thermal_zone0
[    2.667901] ACPI: Thermal Zone [TZ00] (39 C)
[    3.750353] usbcore: registered new interface driver usbfs
[    3.750424] usbcore: registered new interface driver hub
[    3.750593] usbcore: registered new device driver usb
[    3.750910] ATL1E 0000:03:00.0: PCI INT A -> GSI 17 (level, low) -> IRQ 17
[    3.750934] ATL1E 0000:03:00.0: setting latency timer to 64
[    3.758498] USB Universal Host Controller Interface driver v3.0
[    3.805182] uhci_hcd 0000:00:1d.0: PCI INT A -> GSI 23 (level, low) -> IRQ 23
[    3.805203] uhci_hcd 0000:00:1d.0: setting latency timer to 64
[    3.805215] uhci_hcd 0000:00:1d.0: UHCI Host Controller
[    3.805326] uhci_hcd 0000:00:1d.0: new USB bus registered, assigned bus number 1
[    3.805390] uhci_hcd 0000:00:1d.0: irq 23, io base 0x0000d400
[    3.805771] usb usb1: configuration #1 chosen from 1 choice
[    3.805874] hub 1-0:1.0: USB hub found
[    3.805896] hub 1-0:1.0: 2 ports detected
[    3.912059] Warning! ehci_hcd should always be loaded before uhci_hcd and ohci_hcd, not after
[    3.934834] No dock devices found.
[    3.981462] SCSI subsystem initialized
[    4.025589] uhci_hcd 0000:00:1d.1: PCI INT B -> GSI 19 (level, low) -> IRQ 19
[    4.025611] uhci_hcd 0000:00:1d.1: setting latency timer to 64
[    4.025621] uhci_hcd 0000:00:1d.1: UHCI Host Controller
[    4.025706] uhci_hcd 0000:00:1d.1: new USB bus registered, assigned bus number 2
[    4.025767] uhci_hcd 0000:00:1d.1: irq 19, io base 0x0000d480
[    4.026077] usb usb2: configuration #1 chosen from 1 choice
[    4.026172] hub 2-0:1.0: USB hub found
[    4.026194] hub 2-0:1.0: 2 ports detected
[    4.094094] libata version 3.00 loaded.
[    4.129669] uhci_hcd 0000:00:1d.2: PCI INT C -> GSI 18 (level, low) -> IRQ 18
[    4.129690] uhci_hcd 0000:00:1d.2: setting latency timer to 64
[    4.129701] uhci_hcd 0000:00:1d.2: UHCI Host Controller
[    4.129789] uhci_hcd 0000:00:1d.2: new USB bus registered, assigned bus number 3
[    4.129859] uhci_hcd 0000:00:1d.2: irq 18, io base 0x0000d800
[    4.130268] usb usb3: configuration #1 chosen from 1 choice
[    4.130378] hub 3-0:1.0: USB hub found
[    4.130403] hub 3-0:1.0: 2 ports detected
[    4.168082] usb 1-2: new full speed USB device using uhci_hcd and address 2
[    4.232668] uhci_hcd 0000:00:1d.3: PCI INT D -> GSI 16 (level, low) -> IRQ 16
[    4.232690] uhci_hcd 0000:00:1d.3: setting latency timer to 64
[    4.232701] uhci_hcd 0000:00:1d.3: UHCI Host Controller
[    4.232790] uhci_hcd 0000:00:1d.3: new USB bus registered, assigned bus number 4
[    4.232858] uhci_hcd 0000:00:1d.3: irq 16, io base 0x0000d880
[    4.233458] usb usb4: configuration #1 chosen from 1 choice
[    4.233561] hub 4-0:1.0: USB hub found
[    4.233586] hub 4-0:1.0: 2 ports detected
[    4.331849] usb 1-2: configuration #1 chosen from 1 choice
[    4.442541] ehci_hcd 0000:00:1d.7: PCI INT A -> GSI 23 (level, low) -> IRQ 23
[    4.442572] ehci_hcd 0000:00:1d.7: setting latency timer to 64
[    4.442583] ehci_hcd 0000:00:1d.7: EHCI Host Controller
[    4.442683] ehci_hcd 0000:00:1d.7: new USB bus registered, assigned bus number 5
[    4.446619] ehci_hcd 0000:00:1d.7: debug port 1
[    4.446632] ehci_hcd 0000:00:1d.7: cache line size of 32 is not supported
[    4.446649] ehci_hcd 0000:00:1d.7: irq 23, io mem 0xf7eb7c00
[    4.552097] usb 4-1: new full speed USB device using uhci_hcd and address 2
[    4.565054] ehci_hcd 0000:00:1d.7: USB 2.0 started, EHCI 1.00, driver 10 Dec 2004
[    4.565432] usb usb5: configuration #1 chosen from 1 choice
[    4.565503] hub 5-0:1.0: USB hub found
[    4.565523] hub 5-0:1.0: 8 ports detected
[    4.620159] hub 4-0:1.0: unable to enumerate USB device on port 1
[    4.748141] usb 1-2: USB disconnect, address 2
[    4.774214] pata_acpi 0000:00:1f.2: PCI INT B -> GSI 19 (level, low) -> IRQ 19
[    4.774291] pata_acpi 0000:00:1f.2: setting latency timer to 64
[    4.774324] pata_acpi 0000:00:1f.2: PCI INT B disabled
[    4.794383] ata_piix 0000:00:1f.2: version 2.12
[    4.794415] ata_piix 0000:00:1f.2: PCI INT B -> GSI 19 (level, low) -> IRQ 19
[    4.794429] ata_piix 0000:00:1f.2: MAP [ P0 P2 IDE IDE ]
[    4.794521] ata_piix 0000:00:1f.2: setting latency timer to 64
[    4.794713] scsi0 : ata_piix
[    4.803390] scsi1 : ata_piix
[    4.808590] ata1: SATA max UDMA/133 cmd 0x1f0 ctl 0x3f6 bmdma 0xffa0 irq 14
[    4.808601] ata2: PATA max UDMA/100 cmd 0x170 ctl 0x376 bmdma 0xffa8 irq 15
[    5.000148] usb 5-2: new high speed USB device using ehci_hcd and address 2
[    5.134878] usb 5-2: configuration #1 chosen from 1 choice
[    5.228659] ata1.00: ATA-8: ST9160310AS, 0303, max UDMA/133
[    5.228675] ata1.00: 312581808 sectors, multi 16: LBA48 NCQ (depth 0/32)
[    5.244935] ata1.00: configured for UDMA/133
[    5.356102] usb 5-8: new high speed USB device using ehci_hcd and address 4
[    5.400500] scsi 0:0:0:0: Direct-Access     ATA      ST9160310AS      0303 PQ: 0 ANSI: 5
[    5.421777] scsi 0:0:0:0: Attached scsi generic sg0 type 0
[    5.450800] Driver 'sd' needs updating - please use bus_type methods
[    5.453299] sd 0:0:0:0: [sda] 312581808 512-byte hardware sectors (160042 MB)
[    5.453380] sd 0:0:0:0: [sda] Write Protect is off
[    5.453388] sd 0:0:0:0: [sda] Mode Sense: 00 3a 00 00
[    5.453479] sd 0:0:0:0: [sda] Write cache: enabled, read cache: enabled, doesn't support DPO or FUA
[    5.453692] sd 0:0:0:0: [sda] 312581808 512-byte hardware sectors (160042 MB)
[    5.453744] sd 0:0:0:0: [sda] Write Protect is off
[    5.453752] sd 0:0:0:0: [sda] Mode Sense: 00 3a 00 00
[    5.453841] sd 0:0:0:0: [sda] Write cache: enabled, read cache: enabled, doesn't support DPO or FUA
[    5.453853]  sda: sda1 sda2 sda3 sda4
[    5.517797] sd 0:0:0:0: [sda] Attached SCSI disk
[    5.537026] usb 5-8: configuration #1 chosen from 1 choice
[    5.557173] usbcore: registered new interface driver libusual
[    5.602060] Initializing USB Mass Storage driver...
[    5.780088] usb 4-1: new full speed USB device using uhci_hcd and address 3
[    5.958555] usb 4-1: configuration #1 chosen from 1 choice
[    5.962703] scsi2 : SCSI emulation for USB Mass Storage devices
[    5.963277] usbcore: registered new interface driver usb-storage
[    5.963292] USB Mass Storage support registered.
[    5.963533] usb-storage: device found at 2
[    5.963540] usb-storage: waiting for device to settle before scanning
[   10.966702] usb-storage: device scan complete
[   10.967559] scsi 2:0:0:0: Direct-Access     Ut165    USB2FlashStorage 0.00 PQ: 0 ANSI: 2
[   10.971157] sd 2:0:0:0: [sdb] 3948544 512-byte hardware sectors (2022 MB)
[   10.971903] sd 2:0:0:0: [sdb] Write Protect is off
[   10.971917] sd 2:0:0:0: [sdb] Mode Sense: 00 00 00 00
[   10.971924] sd 2:0:0:0: [sdb] Assuming drive cache: write through
[   10.976017] sd 2:0:0:0: [sdb] 3948544 512-byte hardware sectors (2022 MB)
[   10.976758] sd 2:0:0:0: [sdb] Write Protect is off
[   10.976769] sd 2:0:0:0: [sdb] Mode Sense: 00 00 00 00
[   10.976777] sd 2:0:0:0: [sdb] Assuming drive cache: write through
[   10.976791]  sdb: sdb1
[   11.147151] sd 2:0:0:0: [sdb] Attached SCSI removable disk
[   11.149578] sd 2:0:0:0: Attached scsi generic sg1 type 0
[   13.515288] aufs 20080922
[   13.535063] loop: module loaded
[   13.605143] squashfs: version 3.3 (2007/10/31) Phillip Lougher
[   34.427172] ACPI: Battery Slot [BAT0] (battery absent)
[   49.463931] udevd version 124 started
[   50.773586] Linux agpgart interface v0.103
[   50.791659] agpgart-intel 0000:00:00.0: Intel 945GME Chipset
[   50.791890] agpgart-intel 0000:00:00.0: detected 7932K stolen memory
[   50.811962] agpgart-intel 0000:00:00.0: AGP aperture is 256M @ 0xd0000000
[   51.815027] asus_eee module requires i2c-i801 module at load time if you like to access pll via proc too
[   51.815066] asus_eee version 0.3 init sucessfully
[   51.815076] sys_init_module: 'asus_eee'->init suspiciously returned 1, it should follow 0/-E convention
[   51.815083] sys_init_module: loading module anyway...
[   51.815093] Pid: 4409, comm: modprobe Not tainted 2.6.27-8-eeepc #1
[   51.815103]  [<c03765c6>] ? printk+0x1d/0x1f
[   51.815129]  [<c015bde7>] sys_init_module+0x1a7/0x1b0
[   51.815146]  [<c0103f23>] sysenter_do_call+0x12/0x2f
[   51.815159]  =======================
[   52.071979] pci_hotplug: PCI Hot Plug PCI Core version: 0.5
[   52.095013] shpchp: Standard Hot Plug PCI Controller Driver version: 0.4
[   52.989812] intel_rng: FWH not detected
[   53.326101] input: PC Speaker as /devices/platform/pcspkr/input/input2
[   53.887167] iTCO_vendor_support: vendor-support=0
[   53.922318] iTCO_wdt: Intel TCO WatchDog Timer Driver v1.03 (30-Apr-2008)
[   53.922592] iTCO_wdt: Found a ICH7-M TCO device (Version=2, TCOBASE=0x0860)
[   53.922880] iTCO_wdt: initialized. heartbeat=30 sec (nowayout=0)
[   54.550508] input: Power Button (FF) as /devices/LNXSYSTM:00/LNXPWRBN:00/input/input3
[   54.569144] ACPI: Power Button (FF) [PWRF]
[   54.569415] input: Lid Switch as /devices/LNXSYSTM:00/device:00/PNP0C0D:00/input/input4
[   54.576958] ACPI: Lid Switch [LID]
[   54.577192] input: Sleep Button (CM) as /devices/LNXSYSTM:00/device:00/PNP0C0E:00/input/input5
[   54.589058] ACPI: Sleep Button (CM) [SLPB]
[   54.589265] input: Power Button (CM) as /devices/LNXSYSTM:00/device:00/PNP0C0C:00/input/input6
[   54.601034] ACPI: Power Button (CM) [PWRB]
[   55.477088] eeepc: Eee PC Hotkey Driver
[   55.478432] eeepc: Hotkey init flags 0x41
[   55.479301] eeepc: Get control methods supported: 0x101713
[   55.482048] input: Asus EeePC extra buttons as /devices/virtual/input/input7
[   57.059909] rt2860 0000:01:00.0: PCI INT A -> GSI 19 (level, low) -> IRQ 19
[   57.060403] 
[   57.060406] 
[   57.060408] === pAd = f8c01000, size = 580808 ===
[   57.060411] 
[   57.060419] <-- RTMPAllocAdapterBlock, Status=0
[   57.060479] rt2860 0000:01:00.0: setting latency timer to 64
[   57.135929] ACPI: AC Adapter [AC0] (on-line)
[   58.436920] Bluetooth: Core ver 2.13
[   58.444539] NET: Registered protocol family 31
[   58.444547] Bluetooth: HCI device and connection manager initialized
[   58.444557] Bluetooth: HCI socket layer initialized
[   58.477962] Bluetooth: Generic Bluetooth USB driver ver 0.3
[   58.478203] usbcore: registered new interface driver btusb
[   58.508580] Linux video capture interface: v2.00
[   58.547849] input: Video Bus as /devices/LNXSYSTM:00/device:00/PNP0A08:00/device:19/input/input8
[   58.578022] uvcvideo: Found UVC 1.00 device CNF7129 (04f2:b071)
[   58.593988] input: CNF7129 as /devices/pci0000:00/0000:00:1d.7/usb5/5-8/5-8:1.0/input/input9
[   58.613333] ACPI: Video Device [VGA] (multi-head: yes  rom: no  post: no)
[   58.636541] usbcore: registered new interface driver uvcvideo
[   58.636593] USB Video Class driver (v0.1.0)
[   59.030154] HDA Intel 0000:00:1b.0: PCI INT A -> GSI 16 (level, low) -> IRQ 16
[   59.030215] HDA Intel 0000:00:1b.0: setting latency timer to 64
[   59.127677] input: ImPS/2 Logitech Wheel Mouse as /devices/platform/i8042/serio1/input/input10
[   63.801342] ip_tables: (C) 2000-2006 Netfilter Core Team
[   65.373966] ACPI: WMI: Mapper loaded
[   66.876489] warning: `avahi-daemon' uses 32-bit capabilities (legacy support in use)
[   67.227674] lp: driver loaded but no devices found
[   67.421204] ppdev: user-space parallel port driver
[   72.156822] Bluetooth: L2CAP ver 2.11
[   72.156845] Bluetooth: L2CAP socket layer initialized
[   72.204365] Bluetooth: SCO (Voice Link) ver 0.6
[   72.204386] Bluetooth: SCO socket layer initialized
[   72.282396] Bluetooth: RFCOMM socket layer initialized
[   72.282433] Bluetooth: RFCOMM TTY layer initialized
[   72.282441] Bluetooth: RFCOMM ver 1.10
[   72.304395] Bluetooth: BNEP (Ethernet Emulation) ver 1.3
[   72.304411] Bluetooth: BNEP filters: protocol multicast
[   72.358496] Bridge firewalling registered
[   72.358827] pan0: Dropping NETIF_F_UFO since no NETIF_F_HW_CSUM feature.
[   76.625898] RX DESC f37c5000  size = 2048
[   76.626522] <-- RTMPAllocTxRxRingMemory, Status=0
[   76.637622] 1. Phy Mode = 0
[   76.637636] 2. Phy Mode = 0
[   76.658724] RTMPSetPhyMode: channel is out of range, use first channel=1 
[   76.665258] 3. Phy Mode = 0
[   76.665297] MCS Set = 00 00 00 00 00
[   76.689729] <==== RTMPInitialize, Status=0
[   76.689822] 0x1300 = 00073200
[   76.843538] NET: Registered protocol family 17
[   77.535302] [drm] Initialized drm 1.1.0 20060810
[   77.549471] pci 0000:00:02.0: PCI INT A -> GSI 16 (level, low) -> IRQ 16
[   77.549488] pci 0000:00:02.0: setting latency timer to 64
[   77.551356] [drm] Initialized i915 1.6.0 20060119 on minor 0
[  101.929147] ===>rt_ioctl_giwscan. 9(9) BSS returned, data->length = 821
[  131.933164] ===>rt_ioctl_giwscan. 11(11) BSS returned, data->length = 1003
[  140.714796] NET: Registered protocol family 10
[  140.716447] lo: Disabled Privacy Extensions
[  140.718285] ADDRCONF(NETDEV_UP): eth0: link is not ready
[  150.865080] ra0: no IPv6 routers present
[  171.940172] ===>rt_ioctl_giwscan. 12(12) BSS returned, data->length = 1077
[  221.948162] ===>rt_ioctl_giwscan. 11(11) BSS returned, data->length = 985
[  250.975424] ATL1E 0000:03:00.0: ATL1E: eth0 NIC Link is Up<100 Mbps Full Duplex>
[  250.976453] ADDRCONF(NETDEV_CHANGE): eth0: link becomes ready
[  261.724070] eth0: no IPv6 routers present
[  319.180204] ===>rt_ioctl_giwscan. 13(13) BSS returned, data->length = 1162
[  379.189126] ===>rt_ioctl_giwscan. 13(13) BSS returned, data->length = 1176
[  439.197178] ===>rt_ioctl_giwscan. 12(12) BSS returned, data->length = 1077

[[/code]]

+ Gpxe

Works fine by booting on a USB key with undi.usb. 

+ JTAG

+ Ralink 2860

Does not seems to be supported by vanilla kernel 2.6.28.

++ Monitor mode

++ Packet injection?

Aircrack-ng seems to have a version of the driver for 2.6.25 [http://hirte.aircrack-ng.org/rt2870-2.6.25-hirte.tar.bz2 here] ([http://zoobab.wikidot.com/local--files/eeepc1000h/rt2870-2.6.25-hirte.tar.bz2 local copy]) which supports packet injection.

Untar it, and then install the kernel headers:

[[code]]
zoobab@gierek /home/zoobab/soft/rt2870 [49]$ sudo apt-get install linux-headers-2.6.27-8-eeepc
[...]
zoobab@gierek /home/zoobab/soft/rt2870 [49]$ make
make -C tools
make[1]: Entering directory `/home/zoobab/soft/rt2870/tools'
gcc -g bin2h.c -o bin2h
make[1]: Leaving directory `/home/zoobab/soft/rt2870/tools'
/home/zoobab/soft/rt2870/tools/bin2h
cp -f os/linux/Makefile.6 /home/zoobab/soft/rt2870/os/linux/Makefile
make  -C  /lib/modules/2.6.27-8-eeepc/build SUBDIRS=/home/zoobab/soft/rt2870/os/linux modules
make[1]: Entering directory `/usr/src/linux-headers-2.6.27-8-eeepc'
  CC [M]  /home/zoobab/soft/rt2870/os/linux/../../common/md5.o
  CC [M]  /home/zoobab/soft/rt2870/os/linux/../../common/mlme.o
  CC [M]  /home/zoobab/soft/rt2870/os/linux/../../common/rtmp_wep.o
  CC [M]  /home/zoobab/soft/rt2870/os/linux/../../common/action.o
  CC [M]  /home/zoobab/soft/rt2870/os/linux/../../common/ba_action.o
  CC [M]  /home/zoobab/soft/rt2870/os/linux/../../common/cmm_data.o
  CC [M]  /home/zoobab/soft/rt2870/os/linux/../../common/rtmp_init.o
  CC [M]  /home/zoobab/soft/rt2870/os/linux/../../common/rtmp_tkip.o
  CC [M]  /home/zoobab/soft/rt2870/os/linux/../../common/cmm_sync.o
  CC [M]  /home/zoobab/soft/rt2870/os/linux/../../common/eeprom.o
  CC [M]  /home/zoobab/soft/rt2870/os/linux/../../common/cmm_sanity.o
  CC [M]  /home/zoobab/soft/rt2870/os/linux/../../common/cmm_info.o
  CC [M]  /home/zoobab/soft/rt2870/os/linux/../../common/cmm_wpa.o
  CC [M]  /home/zoobab/soft/rt2870/os/linux/../../common/dfs.o
  CC [M]  /home/zoobab/soft/rt2870/os/linux/../../sta/assoc.o
  CC [M]  /home/zoobab/soft/rt2870/os/linux/../../sta/aironet.o
  CC [M]  /home/zoobab/soft/rt2870/os/linux/../../sta/auth.o
  CC [M]  /home/zoobab/soft/rt2870/os/linux/../../sta/auth_rsp.o
  CC [M]  /home/zoobab/soft/rt2870/os/linux/../../sta/sync.o
  CC [M]  /home/zoobab/soft/rt2870/os/linux/../../sta/sanity.o
  CC [M]  /home/zoobab/soft/rt2870/os/linux/../../sta/rtmp_data.o
  CC [M]  /home/zoobab/soft/rt2870/os/linux/../../sta/connect.o
  CC [M]  /home/zoobab/soft/rt2870/os/linux/../../sta/wpa.o
  CC [M]  /home/zoobab/soft/rt2870/os/linux/../../os/linux/sta_ioctl.o
/home/zoobab/soft/rt2870/os/linux/../../os/linux/sta_ioctl.c: In function ‘rt_ioctl_giwscan’:
/home/zoobab/soft/rt2870/os/linux/../../os/linux/sta_ioctl.c:1413: warning: passing argument 1 of ‘iwe_stream_add_event’ from incompatible pointer type
/home/zoobab/soft/rt2870/os/linux/../../os/linux/sta_ioctl.c:1413: warning: passing argument 3 of ‘iwe_stream_add_event’ from incompatible pointer type
/home/zoobab/soft/rt2870/os/linux/../../os/linux/sta_ioctl.c:1413: warning: passing argument 4 of ‘iwe_stream_add_event’ makes pointer from integer without a cast
/home/zoobab/soft/rt2870/os/linux/../../os/linux/sta_ioctl.c:1413: error: too few arguments to function ‘iwe_stream_add_event’
/home/zoobab/soft/rt2870/os/linux/../../os/linux/sta_ioctl.c:1425: warning: passing argument 1 of ‘iwe_stream_add_point’ from incompatible pointer type
/home/zoobab/soft/rt2870/os/linux/../../os/linux/sta_ioctl.c:1425: warning: passing argument 3 of ‘iwe_stream_add_point’ from incompatible pointer type
/home/zoobab/soft/rt2870/os/linux/../../os/linux/sta_ioctl.c:1425: warning: passing argument 4 of ‘iwe_stream_add_point’ from incompatible pointer type
/home/zoobab/soft/rt2870/os/linux/../../os/linux/sta_ioctl.c:1425: error: too few arguments to function ‘iwe_stream_add_point’
/home/zoobab/soft/rt2870/os/linux/../../os/linux/sta_ioctl.c:1448: warning: passing argument 1 of ‘iwe_stream_add_event’ from incompatible pointer type
/home/zoobab/soft/rt2870/os/linux/../../os/linux/sta_ioctl.c:1448: warning: passing argument 3 of ‘iwe_stream_add_event’ from incompatible pointer type
/home/zoobab/soft/rt2870/os/linux/../../os/linux/sta_ioctl.c:1448: warning: passing argument 4 of ‘iwe_stream_add_event’ makes pointer from integer without a cast
/home/zoobab/soft/rt2870/os/linux/../../os/linux/sta_ioctl.c:1448: error: too few arguments to function ‘iwe_stream_add_event’
/home/zoobab/soft/rt2870/os/linux/../../os/linux/sta_ioctl.c:1464: warning: passing argument 1 of ‘iwe_stream_add_event’ from incompatible pointer type
/home/zoobab/soft/rt2870/os/linux/../../os/linux/sta_ioctl.c:1464: warning: passing argument 3 of ‘iwe_stream_add_event’ from incompatible pointer type
/home/zoobab/soft/rt2870/os/linux/../../os/linux/sta_ioctl.c:1464: warning: passing argument 4 of ‘iwe_stream_add_event’ makes pointer from integer without a cast
/home/zoobab/soft/rt2870/os/linux/../../os/linux/sta_ioctl.c:1464: error: too few arguments to function ‘iwe_stream_add_event’
/home/zoobab/soft/rt2870/os/linux/../../os/linux/sta_ioctl.c:1475: warning: passing argument 1 of ‘iwe_stream_add_event’ from incompatible pointer type
/home/zoobab/soft/rt2870/os/linux/../../os/linux/sta_ioctl.c:1475: warning: passing argument 3 of ‘iwe_stream_add_event’ from incompatible pointer type
/home/zoobab/soft/rt2870/os/linux/../../os/linux/sta_ioctl.c:1475: warning: passing argument 4 of ‘iwe_stream_add_event’ makes pointer from integer without a cast
/home/zoobab/soft/rt2870/os/linux/../../os/linux/sta_ioctl.c:1475: error: too few arguments to function ‘iwe_stream_add_event’
/home/zoobab/soft/rt2870/os/linux/../../os/linux/sta_ioctl.c:1489: warning: passing argument 1 of ‘iwe_stream_add_point’ from incompatible pointer type
/home/zoobab/soft/rt2870/os/linux/../../os/linux/sta_ioctl.c:1489: warning: passing argument 3 of ‘iwe_stream_add_point’ from incompatible pointer type
/home/zoobab/soft/rt2870/os/linux/../../os/linux/sta_ioctl.c:1489: warning: passing argument 4 of ‘iwe_stream_add_point’ from incompatible pointer type
/home/zoobab/soft/rt2870/os/linux/../../os/linux/sta_ioctl.c:1489: error: too few arguments to function ‘iwe_stream_add_point’
/home/zoobab/soft/rt2870/os/linux/../../os/linux/sta_ioctl.c:1515: warning: passing argument 1 of ‘iwe_stream_add_value’ from incompatible pointer type
/home/zoobab/soft/rt2870/os/linux/../../os/linux/sta_ioctl.c:1515: warning: passing argument 4 of ‘iwe_stream_add_value’ from incompatible pointer type
/home/zoobab/soft/rt2870/os/linux/../../os/linux/sta_ioctl.c:1515: warning: passing argument 5 of ‘iwe_stream_add_value’ makes pointer from integer without a cast
/home/zoobab/soft/rt2870/os/linux/../../os/linux/sta_ioctl.c:1515: error: too few arguments to function ‘iwe_stream_add_value’
make[2]: *** [/home/zoobab/soft/rt2870/os/linux/../../os/linux/sta_ioctl.o] Error 1
make[1]: *** [_module_/home/zoobab/soft/rt2870/os/linux] Error 2
make[1]: Leaving directory `/usr/src/linux-headers-2.6.27-8-eeepc'
make: *** [LINUX] Error 2
zoobab@gierek /home/zoobab/soft/rt2870 [50]$
[[/code]]

+ Mount the WinXP partitions

+ Backup of WinXP

+ External screen

+ Sound Problems

Loudspeakers are very low in volume. Fixed [http://forum.eeebuntu.org/viewtopic.php?f=26&t=914 here].

Aumix only display this:

[[=image aumix.png]]

+ USB Keyboard and mouse

I plugged in an external USB keyboard and mouse in order to work more confortably at the office, now the problem was that the layout of this USB keyboard was US Qwerty instead of French Azerty. Here is how I changed the mapping:

[[code]]
zoobab@gierek /home/zoobab [15]$ setxkbmap -model pc105 -layout us
[[/code]]

+ PDF as fullscreen

Xpdf has the nice option, mostly used to display slides, of fullscreen:

[[code]]
zoobab@gierek /home/zoobab [15]$ xpdf -fullscreen myfile.pdf
[[/code]]

Now you can also use the "w" key to adapt the pdf file to the screen width.

+ Waking up bug

[[code]]

[15591.286441] PM: resume devices took 12.664 seconds
[15591.286454] ------------[ cut here ]------------
[15591.286459] WARNING: at /home/adamm/git/eeepc/ubuntu-intrepid/kernel/power/main.c:176 suspend_test_finish+0x74/0x80()
[15591.286464] Modules linked in: usbhid hid ipv6 i915 drm binfmt_misc bridge stp bnep rfcomm sco l2cap af_packet ppdev acpi_cpufreq cpufreq_stats cpufreq_userspace cpufreq_conservative cpufreq_ondemand freq_table cpufreq_powersave pci_slot wmi container sbs sbshc iptable_filter ip_tables x_tables pciehp asus_eee i2c_i801 i2c_core parport_pc lp parport snd_hda_intel snd_pcm_oss snd_mixer_oss snd_pcm uvcvideo compat_ioctl32 videodev btusb v4l1_compat bluetooth evdev video output snd_seq_dummy ac battery psmouse rt2860sta serio_raw snd_seq_oss snd_seq_midi eeepc_laptop snd_rawmidi iTCO_wdt iTCO_vendor_support button rfkill snd_seq_midi_event pcspkr snd_seq snd_timer snd_seq_device snd intel_agp agpgart shpchp pci_hotplug soundcore snd_page_alloc ext3 jbd mbcache sd_mod crc_t10dif sg usb_storage ata_piix ata_generic libusual pata_acpi uhci_hcd libata ehci_hcd scsi_mod dock usbcore atl1e thermal processor fan fbcon tileblit font bitblit softcursor fuse
[15591.286582] Pid: 30561, comm: pm-suspend Tainted: G        W 2.6.27-8-eeepc #1
[15591.286588]  [<c03765c6>] ? printk+0x1d/0x1f
[15591.286599]  [<c0131b09>] warn_on_slowpath+0x59/0x90
[15591.286608]  [<c014cee5>] ? sched_clock_cpu+0xd5/0x170
[15591.286616]  [<c014bd1f>] ? down_trylock+0x2f/0x40
[15591.286623]  [<c01321e2>] ? try_acquire_console_sem+0x12/0x40
[15591.286632]  [<c024cff0>] ? kobject_put+0x20/0x50
[15591.286640]  [<c015ccd4>] suspend_test_finish+0x74/0x80
[15591.286647]  [<c015cdc6>] suspend_devices_and_enter+0xe6/0x190
[15591.286654]  [<c015d041>] enter_state+0xd1/0x100
[15591.286661]  [<c015d0f5>] state_store+0x85/0xc0
[15591.286667]  [<c015d070>] ? state_store+0x0/0xc0
[15591.286674]  [<c024ceb4>] kobj_attr_store+0x24/0x30
[15591.286680]  [<c01fe3b2>] sysfs_write_file+0xa2/0x100
[15591.286687]  [<c01b1770>] vfs_write+0xa0/0x110
[15591.286694]  [<c01fe310>] ? sysfs_write_file+0x0/0x100
[15591.286700]  [<c01b18b2>] sys_write+0x42/0x70
[15591.286706]  [<c0103f23>] sysenter_do_call+0x12/0x2f
[15591.286714]  [<c0370000>] ? sbs_exit+0x35/0x4f
[15591.286720]  =======================
[15591.286724] ---[ end trace de628027d430fd9f ]---
[15591.286877] PM: Finishing wakeup.
[15591.286881] Restarting tasks ... done.

[[/code]]

+ Install an Atheros-based WiFi card

Explain here how to install an Atheros-based WiFi card.

+ Wake-On-LAN

http://forum.eeebuntu.org/viewtopic.php?t=266&reeedirected=yes

[[code]]
sudo /usr/sbin/ethtool -s eth0 wol g
[[/code]]